
Memory Configuration

Name             Origin             Length             Attributes
SRAM             0x20000000         0x00018000         xrw
FLASH            0x08000000         0x00080000         xr
*default*        0x00000000         0xffffffff

Linker script and memory map

LOAD src/obj/main.o
LOAD src/obj/startup_STM32F401RE.o
                0x20018000                        _estack = (ORIGIN (SRAM) + LENGTH (SRAM))

.isr_vector     0x08000000      0x194
                0x08000000                        . = ALIGN (0x4)
 *(.isr_vector)
 .isr_vector    0x08000000      0x194 src/obj/startup_STM32F401RE.o
                0x08000000                fpn_vector
                0x08000194                        . = ALIGN (0x4)

.text           0x08000194      0x1dc
                0x08000194                        . = ALIGN (0x4)
 *(.text)
 .text          0x08000194      0x14c src/obj/main.o
                0x08000194                wait_ms
                0x080001d0                TIM2_handler
                0x080001f4                global_enable_IRQ_NVIC
                0x0800020e                global_disable_IRQ_NVIC
                0x08000228                _TIM2_IRQ_init
                0x080002a4                main
 .text          0x080002e0       0x7c src/obj/startup_STM32F401RE.o
                0x080002e0                Reset_handler
                0x08000354                UART2_handler
                0x08000354                EXTI15_10_handler
                0x08000354                DMA1_Stream7_handler
                0x08000354                UART1_handler
                0x08000354                TIM1_UP_TIM10_handler
                0x08000354                EXTI0_handler
                0x08000354                DMA1_Stream1_handler
                0x08000354                SDIO_handler
                0x08000354                NMI_handler
                0x08000354                DMA2_Stream3_handler
                0x08000354                SPI3_handler
                0x08000354                TIM3_handler
                0x08000354                WWDG_handler
                0x08000354                UART6_handler
                0x08000354                SPI2_handler
                0x08000354                UsuageFault_handler
                0x08000354                SVCall_handler
                0x08000354                DMA2_Stream6_handler
                0x08000354                DebugMonitor_handler
                0x08000354                I2C3_ER_handler
                0x08000354                DMA1_Stream3_handler
                0x08000354                MemManage_handler
                0x08000354                SPI4_handler
                0x08000354                HardFault_handler
                0x08000354                DMA1_Stream5_handler
                0x08000354                FPU_handler
                0x08000354                DMA2_Stream5_handler
                0x08000354                EXITI21_TAMP_STAMP_handler
                0x08000354                EXTI18_OTG_FS_WKUP_handler
                0x08000354                RCC_handler
                0x08000354                Systick_handler
                0x08000354                EXTI2_handler
                0x08000354                DMA2_Stream1_handler
                0x08000354                I2C1_ER_handler
                0x08000354                EXTI9_5__handler
                0x08000354                EXTI17_RTC_Alarm_handler
                0x08000354                I2C2_EV_handler
                0x08000354                EXITI22_RTC_WKUP_handler
                0x08000354                EXTI3_handler
                0x08000354                DMA2_Stream0_handler
                0x08000354                FLASH_handler
                0x08000354                OTG_FS_handler
                0x08000354                DMA1_Stream4_handler
                0x08000354                I2C2_ER_handler
                0x08000354                TIM1_BRK_TIM9_handler
                0x08000354                TIM4_handler
                0x08000354                DMA1_Stream2_handler
                0x08000354                EXTI4_handler
                0x08000354                DMA1_Stream6_handler
                0x08000354                ADC_handler
                0x08000354                I2C1_EV_handler
                0x08000354                SPI1_handler
                0x08000354                DMA2_Stream4_handler
                0x08000354                PendSV_handler
                0x08000354                DMA2_Stream7_handler
                0x08000354                DMA1_Stream0_handler
                0x08000354                DMA2_Stream2_handler
                0x08000354                EXTI1_handler
                0x08000354                TIM1_TRG_COM_TIM11_handler
                0x08000354                TIM5_handler
                0x08000354                EXITI16_PVD__handler
                0x08000354                I2C3_EV_handler
                0x08000354                BusFault_handler
                0x08000354                TIM1_CC_handler
                0x08000354                Default_handler
 *(.text.*)
 *(.rodata)
 .rodata        0x0800035c       0x14 src/obj/main.o
                0x0800035c                RCC
                0x08000360                GPIOA
                0x08000364                TIM2
                0x08000368                EXTI
                0x0800036c                NVIC
 *(.rodata.*)
                0x08000370                        . = ALIGN (0x4)

.glue_7         0x08000370        0x0
 .glue_7        0x08000370        0x0 linker stubs

.glue_7t        0x08000370        0x0
 .glue_7t       0x08000370        0x0 linker stubs

.vfp11_veneer   0x08000370        0x0
 .vfp11_veneer  0x08000370        0x0 linker stubs

.v4_bx          0x08000370        0x0
 .v4_bx         0x08000370        0x0 linker stubs

.iplt           0x08000370        0x0
 .iplt          0x08000370        0x0 src/obj/main.o

.rel.dyn        0x08000370        0x0
 .rel.iplt      0x08000370        0x0 src/obj/main.o
                0x08000370                        . = ALIGN (0x4)
                0x08000370                        _sidata = LOADADDR (.data)

.data           0x20000000        0x0 load address 0x08000370
                0x20000000                        . = ALIGN (0x4)
                0x20000000                        _sdata = .
 *(.data)
 .data          0x20000000        0x0 src/obj/main.o
 .data          0x20000000        0x0 src/obj/startup_STM32F401RE.o
 *(.data.*)
                0x20000000                        . = ALIGN (0x4)
                0x20000000                        _edata = .

.igot.plt       0x20000000        0x0 load address 0x08000370
 .igot.plt      0x20000000        0x0 src/obj/main.o

.bss            0x20000000        0x0 load address 0x08000370
                0x20000000                        . = ALIGN (0x4)
                0x20000000                        _sbss = .
 *(.bss)
 .bss           0x20000000        0x0 src/obj/main.o
 .bss           0x20000000        0x0 src/obj/startup_STM32F401RE.o
 *(.bss.*)
 *(COMMON)
                0x20000000                        . = ALIGN (0x4)
                0x20000000                        _ebss = .
OUTPUT(debug/main.elf elf32-littlearm)
LOAD linker stubs

.debug_info     0x00000000      0x793
 .debug_info    0x00000000      0x609 src/obj/main.o
 .debug_info    0x00000609      0x18a src/obj/startup_STM32F401RE.o

.debug_abbrev   0x00000000      0x2b3
 .debug_abbrev  0x00000000      0x1a8 src/obj/main.o
 .debug_abbrev  0x000001a8      0x10b src/obj/startup_STM32F401RE.o

.debug_aranges  0x00000000       0x40
 .debug_aranges
                0x00000000       0x20 src/obj/main.o
 .debug_aranges
                0x00000020       0x20 src/obj/startup_STM32F401RE.o

.debug_line     0x00000000      0x2c8
 .debug_line    0x00000000      0x191 src/obj/main.o
 .debug_line    0x00000191      0x137 src/obj/startup_STM32F401RE.o

.debug_str      0x00000000      0x4b3
 .debug_str     0x00000000      0x42b src/obj/main.o
                                0x46d (size before relaxing)
 .debug_str     0x0000042b       0x88 src/obj/startup_STM32F401RE.o
                                0x1aa (size before relaxing)

.comment        0x00000000       0x4c
 .comment       0x00000000       0x4c src/obj/main.o
                                 0x4d (size before relaxing)
 .comment       0x0000004c       0x4d src/obj/startup_STM32F401RE.o

.ARM.attributes
                0x00000000       0x2e
 .ARM.attributes
                0x00000000       0x2e src/obj/main.o
 .ARM.attributes
                0x0000002e       0x2e src/obj/startup_STM32F401RE.o

.debug_frame    0x00000000      0x134
 .debug_frame   0x00000000       0xe8 src/obj/main.o
 .debug_frame   0x000000e8       0x4c src/obj/startup_STM32F401RE.o
