Archive member included to satisfy reference by file (symbol)

/opt/gcc-arm-none-eabi/bin/../lib/gcc/arm-none-eabi/12.2.0/../../../../arm-none-eabi/lib/libc_nano.a(libc_a-exit.o)
                              /opt/gcc-arm-none-eabi/bin/../lib/gcc/arm-none-eabi/12.2.0/../../../../arm-none-eabi/lib/crt0.o (exit)
/opt/gcc-arm-none-eabi/bin/../lib/gcc/arm-none-eabi/12.2.0/../../../../arm-none-eabi/lib/libc_nano.a(libc_a-init.o)
                              /opt/gcc-arm-none-eabi/bin/../lib/gcc/arm-none-eabi/12.2.0/../../../../arm-none-eabi/lib/crt0.o (__libc_init_array)
/opt/gcc-arm-none-eabi/bin/../lib/gcc/arm-none-eabi/12.2.0/../../../../arm-none-eabi/lib/libc_nano.a(libc_a-findfp.o)
                              /opt/gcc-arm-none-eabi/bin/../lib/gcc/arm-none-eabi/12.2.0/../../../../arm-none-eabi/lib/libc_nano.a(libc_a-exit.o) (__stdio_exit_handler)
/opt/gcc-arm-none-eabi/bin/../lib/gcc/arm-none-eabi/12.2.0/../../../../arm-none-eabi/lib/libc_nano.a(libc_a-stdio.o)
                              /opt/gcc-arm-none-eabi/bin/../lib/gcc/arm-none-eabi/12.2.0/../../../../arm-none-eabi/lib/libc_nano.a(libc_a-findfp.o) (__sread)
/opt/gcc-arm-none-eabi/bin/../lib/gcc/arm-none-eabi/12.2.0/../../../../arm-none-eabi/lib/libc_nano.a(libc_a-writer.o)
                              /opt/gcc-arm-none-eabi/bin/../lib/gcc/arm-none-eabi/12.2.0/../../../../arm-none-eabi/lib/libc_nano.a(libc_a-stdio.o) (_write_r)
/opt/gcc-arm-none-eabi/bin/../lib/gcc/arm-none-eabi/12.2.0/../../../../arm-none-eabi/lib/libc_nano.a(libc_a-errno.o)
                              src/obj/syscalls.o (__errno)
/opt/gcc-arm-none-eabi/bin/../lib/gcc/arm-none-eabi/12.2.0/../../../../arm-none-eabi/lib/libc_nano.a(libc_a-fwalk.o)
                              /opt/gcc-arm-none-eabi/bin/../lib/gcc/arm-none-eabi/12.2.0/../../../../arm-none-eabi/lib/libc_nano.a(libc_a-findfp.o) (_fwalk_sglue)
/opt/gcc-arm-none-eabi/bin/../lib/gcc/arm-none-eabi/12.2.0/../../../../arm-none-eabi/lib/libc_nano.a(libc_a-memset.o)
                              /opt/gcc-arm-none-eabi/bin/../lib/gcc/arm-none-eabi/12.2.0/../../../../arm-none-eabi/lib/crt0.o (memset)
/opt/gcc-arm-none-eabi/bin/../lib/gcc/arm-none-eabi/12.2.0/../../../../arm-none-eabi/lib/libc_nano.a(libc_a-lock.o)
                              /opt/gcc-arm-none-eabi/bin/../lib/gcc/arm-none-eabi/12.2.0/../../../../arm-none-eabi/lib/libc_nano.a(libc_a-findfp.o) (__retarget_lock_init_recursive)
/opt/gcc-arm-none-eabi/bin/../lib/gcc/arm-none-eabi/12.2.0/../../../../arm-none-eabi/lib/libc_nano.a(libc_a-closer.o)
                              /opt/gcc-arm-none-eabi/bin/../lib/gcc/arm-none-eabi/12.2.0/../../../../arm-none-eabi/lib/libc_nano.a(libc_a-stdio.o) (_close_r)
/opt/gcc-arm-none-eabi/bin/../lib/gcc/arm-none-eabi/12.2.0/../../../../arm-none-eabi/lib/libc_nano.a(libc_a-reent.o)
                              /opt/gcc-arm-none-eabi/bin/../lib/gcc/arm-none-eabi/12.2.0/../../../../arm-none-eabi/lib/libc_nano.a(libc_a-writer.o) (errno)
/opt/gcc-arm-none-eabi/bin/../lib/gcc/arm-none-eabi/12.2.0/../../../../arm-none-eabi/lib/libc_nano.a(libc_a-impure.o)
                              /opt/gcc-arm-none-eabi/bin/../lib/gcc/arm-none-eabi/12.2.0/../../../../arm-none-eabi/lib/libc_nano.a(libc_a-errno.o) (_impure_ptr)
/opt/gcc-arm-none-eabi/bin/../lib/gcc/arm-none-eabi/12.2.0/../../../../arm-none-eabi/lib/libc_nano.a(libc_a-fflush.o)
                              /opt/gcc-arm-none-eabi/bin/../lib/gcc/arm-none-eabi/12.2.0/../../../../arm-none-eabi/lib/libc_nano.a(libc_a-findfp.o) (_fflush_r)
/opt/gcc-arm-none-eabi/bin/../lib/gcc/arm-none-eabi/12.2.0/../../../../arm-none-eabi/lib/libc_nano.a(libc_a-mallocr.o)
                              /opt/gcc-arm-none-eabi/bin/../lib/gcc/arm-none-eabi/12.2.0/../../../../arm-none-eabi/lib/libc_nano.a(libc_a-findfp.o) (_malloc_r)
/opt/gcc-arm-none-eabi/bin/../lib/gcc/arm-none-eabi/12.2.0/../../../../arm-none-eabi/lib/libc_nano.a(libc_a-lseekr.o)
                              /opt/gcc-arm-none-eabi/bin/../lib/gcc/arm-none-eabi/12.2.0/../../../../arm-none-eabi/lib/libc_nano.a(libc_a-stdio.o) (_lseek_r)
/opt/gcc-arm-none-eabi/bin/../lib/gcc/arm-none-eabi/12.2.0/../../../../arm-none-eabi/lib/libc_nano.a(libc_a-readr.o)
                              /opt/gcc-arm-none-eabi/bin/../lib/gcc/arm-none-eabi/12.2.0/../../../../arm-none-eabi/lib/libc_nano.a(libc_a-stdio.o) (_read_r)
/opt/gcc-arm-none-eabi/bin/../lib/gcc/arm-none-eabi/12.2.0/../../../../arm-none-eabi/lib/libc_nano.a(libc_a-mlock.o)
                              /opt/gcc-arm-none-eabi/bin/../lib/gcc/arm-none-eabi/12.2.0/../../../../arm-none-eabi/lib/libc_nano.a(libc_a-mallocr.o) (__malloc_lock)
/opt/gcc-arm-none-eabi/bin/../lib/gcc/arm-none-eabi/12.2.0/../../../../arm-none-eabi/lib/libc_nano.a(libc_a-sbrkr.o)
                              /opt/gcc-arm-none-eabi/bin/../lib/gcc/arm-none-eabi/12.2.0/../../../../arm-none-eabi/lib/libc_nano.a(libc_a-mallocr.o) (_sbrk_r)
/opt/gcc-arm-none-eabi/bin/../lib/gcc/arm-none-eabi/12.2.0/../../../../arm-none-eabi/lib/libc_nano.a(libc_a-freer.o)
                              /opt/gcc-arm-none-eabi/bin/../lib/gcc/arm-none-eabi/12.2.0/../../../../arm-none-eabi/lib/libc_nano.a(libc_a-reent.o) (_free_r)

Memory Configuration

Name             Origin             Length             Attributes
SRAM             0x20000000         0x00018000         xrw
FLASH            0x08000000         0x00080000         xr
*default*        0x00000000         0xffffffff

Linker script and memory map

LOAD /opt/gcc-arm-none-eabi/bin/../lib/gcc/arm-none-eabi/12.2.0/crti.o
LOAD /opt/gcc-arm-none-eabi/bin/../lib/gcc/arm-none-eabi/12.2.0/crtbegin.o
LOAD /opt/gcc-arm-none-eabi/bin/../lib/gcc/arm-none-eabi/12.2.0/../../../../arm-none-eabi/lib/crt0.o
LOAD src/obj/main.o
LOAD src/obj/syscalls.o
LOAD src/obj/startup_STM32F401RE.o
START GROUP
LOAD /opt/gcc-arm-none-eabi/bin/../lib/gcc/arm-none-eabi/12.2.0/libgcc.a
LOAD /opt/gcc-arm-none-eabi/bin/../lib/gcc/arm-none-eabi/12.2.0/../../../../arm-none-eabi/lib/libc_nano.a
END GROUP
START GROUP
LOAD /opt/gcc-arm-none-eabi/bin/../lib/gcc/arm-none-eabi/12.2.0/libgcc.a
LOAD /opt/gcc-arm-none-eabi/bin/../lib/gcc/arm-none-eabi/12.2.0/../../../../arm-none-eabi/lib/libc_nano.a
END GROUP
LOAD /opt/gcc-arm-none-eabi/bin/../lib/gcc/arm-none-eabi/12.2.0/crtend.o
LOAD /opt/gcc-arm-none-eabi/bin/../lib/gcc/arm-none-eabi/12.2.0/crtn.o
                0x20018000                        _estack = (ORIGIN (SRAM) + LENGTH (SRAM))

.isr_vector     0x08000000      0x194
                0x08000000                        . = ALIGN (0x4)
 *(.isr_vector)
 .isr_vector    0x08000000      0x194 src/obj/startup_STM32F401RE.o
                0x08000000                fpn_vector
                0x08000194                        . = ALIGN (0x4)

.text           0x08000194     0x1500
                0x08000194                        . = ALIGN (0x4)
 *(.text)
 .text          0x08000194        0x0 /opt/gcc-arm-none-eabi/bin/../lib/gcc/arm-none-eabi/12.2.0/crti.o
 .text          0x08000194        0x0 /opt/gcc-arm-none-eabi/bin/../lib/gcc/arm-none-eabi/12.2.0/crtbegin.o
 .text          0x08000194      0x138 /opt/gcc-arm-none-eabi/bin/../lib/gcc/arm-none-eabi/12.2.0/../../../../arm-none-eabi/lib/crt0.o
                0x08000194                _stack_init
                0x0800021c                _mainCRTStartup
                0x0800021c                _start
 .text          0x080002cc      0x14c src/obj/main.o
                0x080002cc                wait_ms
                0x08000308                TIM2_handler
                0x0800032c                global_enable_IRQ_NVIC
                0x08000346                global_disable_IRQ_NVIC
                0x08000360                _TIM2_IRQ_init
                0x080003dc                main
 .text          0x08000418      0x25c src/obj/syscalls.o
                0x08000418                initialise_monitor_handles
                0x08000424                _getpid
                0x08000432                _kill
                0x08000452                _exit
                0x08000468                _read
                0x080004a2                _write
                0x080004da                _close
                0x080004f0                _fstat
                0x0800050e                _isatty
                0x08000522                _lseek
                0x0800053a                _open
                0x08000554                _wait
                0x08000572                _unlink
                0x08000590                _times
                0x080005a6                _stat
                0x080005c4                _link
                0x080005e4                _fork
                0x080005fa                _execve
                0x0800061c                _sbrk
 .text          0x08000674       0x80 src/obj/startup_STM32F401RE.o
                0x08000674                Reset_handler
                0x080006ec                UART2_handler
                0x080006ec                EXTI15_10_handler
                0x080006ec                DMA1_Stream7_handler
                0x080006ec                UART1_handler
                0x080006ec                TIM1_UP_TIM10_handler
                0x080006ec                EXTI0_handler
                0x080006ec                DMA1_Stream1_handler
                0x080006ec                SDIO_handler
                0x080006ec                NMI_handler
                0x080006ec                DMA2_Stream3_handler
                0x080006ec                SPI3_handler
                0x080006ec                TIM3_handler
                0x080006ec                WWDG_handler
                0x080006ec                UART6_handler
                0x080006ec                SPI2_handler
                0x080006ec                UsuageFault_handler
                0x080006ec                SVCall_handler
                0x080006ec                DMA2_Stream6_handler
                0x080006ec                DebugMonitor_handler
                0x080006ec                I2C3_ER_handler
                0x080006ec                DMA1_Stream3_handler
                0x080006ec                MemManage_handler
                0x080006ec                SPI4_handler
                0x080006ec                HardFault_handler
                0x080006ec                DMA1_Stream5_handler
                0x080006ec                FPU_handler
                0x080006ec                DMA2_Stream5_handler
                0x080006ec                EXITI21_TAMP_STAMP_handler
                0x080006ec                EXTI18_OTG_FS_WKUP_handler
                0x080006ec                RCC_handler
                0x080006ec                Systick_handler
                0x080006ec                EXTI2_handler
                0x080006ec                DMA2_Stream1_handler
                0x080006ec                I2C1_ER_handler
                0x080006ec                EXTI9_5__handler
                0x080006ec                EXTI17_RTC_Alarm_handler
                0x080006ec                I2C2_EV_handler
                0x080006ec                EXITI22_RTC_WKUP_handler
                0x080006ec                EXTI3_handler
                0x080006ec                DMA2_Stream0_handler
                0x080006ec                FLASH_handler
                0x080006ec                OTG_FS_handler
                0x080006ec                DMA1_Stream4_handler
                0x080006ec                I2C2_ER_handler
                0x080006ec                TIM1_BRK_TIM9_handler
                0x080006ec                TIM4_handler
                0x080006ec                DMA1_Stream2_handler
                0x080006ec                EXTI4_handler
                0x080006ec                DMA1_Stream6_handler
                0x080006ec                ADC_handler
                0x080006ec                I2C1_EV_handler
                0x080006ec                SPI1_handler
                0x080006ec                DMA2_Stream4_handler
                0x080006ec                PendSV_handler
                0x080006ec                DMA2_Stream7_handler
                0x080006ec                DMA1_Stream0_handler
                0x080006ec                DMA2_Stream2_handler
                0x080006ec                EXTI1_handler
                0x080006ec                TIM1_TRG_COM_TIM11_handler
                0x080006ec                TIM5_handler
                0x080006ec                EXITI16_PVD__handler
                0x080006ec                I2C3_EV_handler
                0x080006ec                BusFault_handler
                0x080006ec                TIM1_CC_handler
                0x080006ec                Default_handler
 .text          0x080006f4        0x0 /opt/gcc-arm-none-eabi/bin/../lib/gcc/arm-none-eabi/12.2.0/../../../../arm-none-eabi/lib/libc_nano.a(libc_a-exit.o)
 .text          0x080006f4        0x0 /opt/gcc-arm-none-eabi/bin/../lib/gcc/arm-none-eabi/12.2.0/../../../../arm-none-eabi/lib/libc_nano.a(libc_a-init.o)
 .text          0x080006f4        0x0 /opt/gcc-arm-none-eabi/bin/../lib/gcc/arm-none-eabi/12.2.0/../../../../arm-none-eabi/lib/libc_nano.a(libc_a-findfp.o)
 .text          0x080006f4        0x0 /opt/gcc-arm-none-eabi/bin/../lib/gcc/arm-none-eabi/12.2.0/../../../../arm-none-eabi/lib/libc_nano.a(libc_a-stdio.o)
 .text          0x080006f4        0x0 /opt/gcc-arm-none-eabi/bin/../lib/gcc/arm-none-eabi/12.2.0/../../../../arm-none-eabi/lib/libc_nano.a(libc_a-writer.o)
 .text          0x080006f4        0x0 /opt/gcc-arm-none-eabi/bin/../lib/gcc/arm-none-eabi/12.2.0/../../../../arm-none-eabi/lib/libc_nano.a(libc_a-errno.o)
 .text          0x080006f4        0x0 /opt/gcc-arm-none-eabi/bin/../lib/gcc/arm-none-eabi/12.2.0/../../../../arm-none-eabi/lib/libc_nano.a(libc_a-fwalk.o)
 .text          0x080006f4        0x0 /opt/gcc-arm-none-eabi/bin/../lib/gcc/arm-none-eabi/12.2.0/../../../../arm-none-eabi/lib/libc_nano.a(libc_a-memset.o)
 .text          0x080006f4        0x0 /opt/gcc-arm-none-eabi/bin/../lib/gcc/arm-none-eabi/12.2.0/../../../../arm-none-eabi/lib/libc_nano.a(libc_a-lock.o)
 .text          0x080006f4        0x0 /opt/gcc-arm-none-eabi/bin/../lib/gcc/arm-none-eabi/12.2.0/../../../../arm-none-eabi/lib/libc_nano.a(libc_a-closer.o)
 .text          0x080006f4        0x0 /opt/gcc-arm-none-eabi/bin/../lib/gcc/arm-none-eabi/12.2.0/../../../../arm-none-eabi/lib/libc_nano.a(libc_a-reent.o)
 .text          0x080006f4        0x0 /opt/gcc-arm-none-eabi/bin/../lib/gcc/arm-none-eabi/12.2.0/../../../../arm-none-eabi/lib/libc_nano.a(libc_a-impure.o)
 .text          0x080006f4        0x0 /opt/gcc-arm-none-eabi/bin/../lib/gcc/arm-none-eabi/12.2.0/../../../../arm-none-eabi/lib/libc_nano.a(libc_a-fflush.o)
 .text          0x080006f4        0x0 /opt/gcc-arm-none-eabi/bin/../lib/gcc/arm-none-eabi/12.2.0/../../../../arm-none-eabi/lib/libc_nano.a(libc_a-mallocr.o)
 .text          0x080006f4        0x0 /opt/gcc-arm-none-eabi/bin/../lib/gcc/arm-none-eabi/12.2.0/../../../../arm-none-eabi/lib/libc_nano.a(libc_a-lseekr.o)
 .text          0x080006f4        0x0 /opt/gcc-arm-none-eabi/bin/../lib/gcc/arm-none-eabi/12.2.0/../../../../arm-none-eabi/lib/libc_nano.a(libc_a-readr.o)
 .text          0x080006f4        0x0 /opt/gcc-arm-none-eabi/bin/../lib/gcc/arm-none-eabi/12.2.0/../../../../arm-none-eabi/lib/libc_nano.a(libc_a-mlock.o)
 .text          0x080006f4        0x0 /opt/gcc-arm-none-eabi/bin/../lib/gcc/arm-none-eabi/12.2.0/../../../../arm-none-eabi/lib/libc_nano.a(libc_a-sbrkr.o)
 .text          0x080006f4        0x0 /opt/gcc-arm-none-eabi/bin/../lib/gcc/arm-none-eabi/12.2.0/../../../../arm-none-eabi/lib/libc_nano.a(libc_a-freer.o)
 .text          0x080006f4        0x0 /opt/gcc-arm-none-eabi/bin/../lib/gcc/arm-none-eabi/12.2.0/crtend.o
 .text          0x080006f4        0x0 /opt/gcc-arm-none-eabi/bin/../lib/gcc/arm-none-eabi/12.2.0/crtn.o
 *(.text.*)
 .text.deregister_tm_clones
                0x080006f4       0x2c /opt/gcc-arm-none-eabi/bin/../lib/gcc/arm-none-eabi/12.2.0/crtbegin.o
 .text.register_tm_clones
                0x08000720       0x38 /opt/gcc-arm-none-eabi/bin/../lib/gcc/arm-none-eabi/12.2.0/crtbegin.o
 .text.__do_global_dtors_aux
                0x08000758       0x44 /opt/gcc-arm-none-eabi/bin/../lib/gcc/arm-none-eabi/12.2.0/crtbegin.o
 .text.frame_dummy
                0x0800079c       0x34 /opt/gcc-arm-none-eabi/bin/../lib/gcc/arm-none-eabi/12.2.0/crtbegin.o
 .text.exit     0x080007d0       0x3c /opt/gcc-arm-none-eabi/bin/../lib/gcc/arm-none-eabi/12.2.0/../../../../arm-none-eabi/lib/libc_nano.a(libc_a-exit.o)
                0x080007d0                exit
 .text.__libc_init_array
                0x0800080c       0x80 /opt/gcc-arm-none-eabi/bin/../lib/gcc/arm-none-eabi/12.2.0/../../../../arm-none-eabi/lib/libc_nano.a(libc_a-init.o)
                0x0800080c                __libc_init_array
 .text.std      0x0800088c       0x7c /opt/gcc-arm-none-eabi/bin/../lib/gcc/arm-none-eabi/12.2.0/../../../../arm-none-eabi/lib/libc_nano.a(libc_a-findfp.o)
 .text.stdio_exit_handler
                0x08000908       0x28 /opt/gcc-arm-none-eabi/bin/../lib/gcc/arm-none-eabi/12.2.0/../../../../arm-none-eabi/lib/libc_nano.a(libc_a-findfp.o)
 .text.cleanup_stdio
                0x08000930       0x54 /opt/gcc-arm-none-eabi/bin/../lib/gcc/arm-none-eabi/12.2.0/../../../../arm-none-eabi/lib/libc_nano.a(libc_a-findfp.o)
 .text.__fp_lock
                0x08000984       0x38 /opt/gcc-arm-none-eabi/bin/../lib/gcc/arm-none-eabi/12.2.0/../../../../arm-none-eabi/lib/libc_nano.a(libc_a-findfp.o)
 .text.__fp_unlock
                0x080009bc       0x38 /opt/gcc-arm-none-eabi/bin/../lib/gcc/arm-none-eabi/12.2.0/../../../../arm-none-eabi/lib/libc_nano.a(libc_a-findfp.o)
 .text.global_stdio_init.part.0
                0x080009f4       0x54 /opt/gcc-arm-none-eabi/bin/../lib/gcc/arm-none-eabi/12.2.0/../../../../arm-none-eabi/lib/libc_nano.a(libc_a-findfp.o)
 .text.__sfp_lock_acquire
                0x08000a48       0x18 /opt/gcc-arm-none-eabi/bin/../lib/gcc/arm-none-eabi/12.2.0/../../../../arm-none-eabi/lib/libc_nano.a(libc_a-findfp.o)
                0x08000a48                __sfp_lock_acquire
 .text.__sfp_lock_release
                0x08000a60       0x18 /opt/gcc-arm-none-eabi/bin/../lib/gcc/arm-none-eabi/12.2.0/../../../../arm-none-eabi/lib/libc_nano.a(libc_a-findfp.o)
                0x08000a60                __sfp_lock_release
 .text.__sfp    0x08000a78      0x108 /opt/gcc-arm-none-eabi/bin/../lib/gcc/arm-none-eabi/12.2.0/../../../../arm-none-eabi/lib/libc_nano.a(libc_a-findfp.o)
                0x08000a78                __sfp
 .text.__sinit  0x08000b80       0x48 /opt/gcc-arm-none-eabi/bin/../lib/gcc/arm-none-eabi/12.2.0/../../../../arm-none-eabi/lib/libc_nano.a(libc_a-findfp.o)
                0x08000b80                __sinit
 .text.__fp_lock_all
                0x08000bc8       0x28 /opt/gcc-arm-none-eabi/bin/../lib/gcc/arm-none-eabi/12.2.0/../../../../arm-none-eabi/lib/libc_nano.a(libc_a-findfp.o)
                0x08000bc8                __fp_lock_all
 .text.__fp_unlock_all
                0x08000bf0       0x24 /opt/gcc-arm-none-eabi/bin/../lib/gcc/arm-none-eabi/12.2.0/../../../../arm-none-eabi/lib/libc_nano.a(libc_a-findfp.o)
                0x08000bf0                __fp_unlock_all
 .text.__sread  0x08000c14       0x34 /opt/gcc-arm-none-eabi/bin/../lib/gcc/arm-none-eabi/12.2.0/../../../../arm-none-eabi/lib/libc_nano.a(libc_a-stdio.o)
                0x08000c14                __sread
 .text.__seofread
                0x08000c48        0x8 /opt/gcc-arm-none-eabi/bin/../lib/gcc/arm-none-eabi/12.2.0/../../../../arm-none-eabi/lib/libc_nano.a(libc_a-stdio.o)
                0x08000c48                __seofread
 .text.__swrite
                0x08000c50       0x58 /opt/gcc-arm-none-eabi/bin/../lib/gcc/arm-none-eabi/12.2.0/../../../../arm-none-eabi/lib/libc_nano.a(libc_a-stdio.o)
                0x08000c50                __swrite
 .text.__sseek  0x08000ca8       0x34 /opt/gcc-arm-none-eabi/bin/../lib/gcc/arm-none-eabi/12.2.0/../../../../arm-none-eabi/lib/libc_nano.a(libc_a-stdio.o)
                0x08000ca8                __sseek
 .text.__sclose
                0x08000cdc       0x14 /opt/gcc-arm-none-eabi/bin/../lib/gcc/arm-none-eabi/12.2.0/../../../../arm-none-eabi/lib/libc_nano.a(libc_a-stdio.o)
                0x08000cdc                __sclose
 .text._write_r
                0x08000cf0       0x44 /opt/gcc-arm-none-eabi/bin/../lib/gcc/arm-none-eabi/12.2.0/../../../../arm-none-eabi/lib/libc_nano.a(libc_a-writer.o)
                0x08000cf0                _write_r
 .text.__errno  0x08000d34       0x10 /opt/gcc-arm-none-eabi/bin/../lib/gcc/arm-none-eabi/12.2.0/../../../../arm-none-eabi/lib/libc_nano.a(libc_a-errno.o)
                0x08000d34                __errno
 .text._fwalk_sglue
                0x08000d44       0x70 /opt/gcc-arm-none-eabi/bin/../lib/gcc/arm-none-eabi/12.2.0/../../../../arm-none-eabi/lib/libc_nano.a(libc_a-fwalk.o)
                0x08000d44                _fwalk_sglue
 .text.memset   0x08000db4       0x18 /opt/gcc-arm-none-eabi/bin/../lib/gcc/arm-none-eabi/12.2.0/../../../../arm-none-eabi/lib/libc_nano.a(libc_a-memset.o)
                0x08000db4                memset
 .text.__retarget_lock_init
                0x08000dcc        0x4 /opt/gcc-arm-none-eabi/bin/../lib/gcc/arm-none-eabi/12.2.0/../../../../arm-none-eabi/lib/libc_nano.a(libc_a-lock.o)
                0x08000dcc                __retarget_lock_init
 .text.__retarget_lock_init_recursive
                0x08000dd0        0x4 /opt/gcc-arm-none-eabi/bin/../lib/gcc/arm-none-eabi/12.2.0/../../../../arm-none-eabi/lib/libc_nano.a(libc_a-lock.o)
                0x08000dd0                __retarget_lock_init_recursive
 .text.__retarget_lock_close
                0x08000dd4        0x4 /opt/gcc-arm-none-eabi/bin/../lib/gcc/arm-none-eabi/12.2.0/../../../../arm-none-eabi/lib/libc_nano.a(libc_a-lock.o)
                0x08000dd4                __retarget_lock_close
 .text.__retarget_lock_close_recursive
                0x08000dd8        0x4 /opt/gcc-arm-none-eabi/bin/../lib/gcc/arm-none-eabi/12.2.0/../../../../arm-none-eabi/lib/libc_nano.a(libc_a-lock.o)
                0x08000dd8                __retarget_lock_close_recursive
 .text.__retarget_lock_acquire
                0x08000ddc        0x4 /opt/gcc-arm-none-eabi/bin/../lib/gcc/arm-none-eabi/12.2.0/../../../../arm-none-eabi/lib/libc_nano.a(libc_a-lock.o)
                0x08000ddc                __retarget_lock_acquire
 .text.__retarget_lock_acquire_recursive
                0x08000de0        0x4 /opt/gcc-arm-none-eabi/bin/../lib/gcc/arm-none-eabi/12.2.0/../../../../arm-none-eabi/lib/libc_nano.a(libc_a-lock.o)
                0x08000de0                __retarget_lock_acquire_recursive
 .text.__retarget_lock_try_acquire
                0x08000de4        0x8 /opt/gcc-arm-none-eabi/bin/../lib/gcc/arm-none-eabi/12.2.0/../../../../arm-none-eabi/lib/libc_nano.a(libc_a-lock.o)
                0x08000de4                __retarget_lock_try_acquire
 .text.__retarget_lock_try_acquire_recursive
                0x08000dec        0x8 /opt/gcc-arm-none-eabi/bin/../lib/gcc/arm-none-eabi/12.2.0/../../../../arm-none-eabi/lib/libc_nano.a(libc_a-lock.o)
                0x08000dec                __retarget_lock_try_acquire_recursive
 .text.__retarget_lock_release
                0x08000df4        0x4 /opt/gcc-arm-none-eabi/bin/../lib/gcc/arm-none-eabi/12.2.0/../../../../arm-none-eabi/lib/libc_nano.a(libc_a-lock.o)
                0x08000df4                __retarget_lock_release
 .text.__retarget_lock_release_recursive
                0x08000df8        0x4 /opt/gcc-arm-none-eabi/bin/../lib/gcc/arm-none-eabi/12.2.0/../../../../arm-none-eabi/lib/libc_nano.a(libc_a-lock.o)
                0x08000df8                __retarget_lock_release_recursive
 .text._close_r
                0x08000dfc       0x3c /opt/gcc-arm-none-eabi/bin/../lib/gcc/arm-none-eabi/12.2.0/../../../../arm-none-eabi/lib/libc_nano.a(libc_a-closer.o)
                0x08000dfc                _close_r
 .text._reclaim_reent
                0x08000e38      0x130 /opt/gcc-arm-none-eabi/bin/../lib/gcc/arm-none-eabi/12.2.0/../../../../arm-none-eabi/lib/libc_nano.a(libc_a-reent.o)
                0x08000e38                _reclaim_reent
 .text.__sflush_r
                0x08000f68      0x1dc /opt/gcc-arm-none-eabi/bin/../lib/gcc/arm-none-eabi/12.2.0/../../../../arm-none-eabi/lib/libc_nano.a(libc_a-fflush.o)
                0x08000f68                __sflush_r
 .text._fflush_r
                0x08001144       0x94 /opt/gcc-arm-none-eabi/bin/../lib/gcc/arm-none-eabi/12.2.0/../../../../arm-none-eabi/lib/libc_nano.a(libc_a-fflush.o)
                0x08001144                _fflush_r
 .text.fflush   0x080011d8       0x3c /opt/gcc-arm-none-eabi/bin/../lib/gcc/arm-none-eabi/12.2.0/../../../../arm-none-eabi/lib/libc_nano.a(libc_a-fflush.o)
                0x080011d8                fflush
 .text.sbrk_aligned
                0x08001214       0x74 /opt/gcc-arm-none-eabi/bin/../lib/gcc/arm-none-eabi/12.2.0/../../../../arm-none-eabi/lib/libc_nano.a(libc_a-mallocr.o)
 .text._malloc_r
                0x08001288      0x17c /opt/gcc-arm-none-eabi/bin/../lib/gcc/arm-none-eabi/12.2.0/../../../../arm-none-eabi/lib/libc_nano.a(libc_a-mallocr.o)
                0x08001288                _malloc_r
 .text._lseek_r
                0x08001404       0x44 /opt/gcc-arm-none-eabi/bin/../lib/gcc/arm-none-eabi/12.2.0/../../../../arm-none-eabi/lib/libc_nano.a(libc_a-lseekr.o)
                0x08001404                _lseek_r
 .text._read_r  0x08001448       0x44 /opt/gcc-arm-none-eabi/bin/../lib/gcc/arm-none-eabi/12.2.0/../../../../arm-none-eabi/lib/libc_nano.a(libc_a-readr.o)
                0x08001448                _read_r
 .text.__malloc_lock
                0x0800148c       0x18 /opt/gcc-arm-none-eabi/bin/../lib/gcc/arm-none-eabi/12.2.0/../../../../arm-none-eabi/lib/libc_nano.a(libc_a-mlock.o)
                0x0800148c                __malloc_lock
 .text.__malloc_unlock
                0x080014a4       0x18 /opt/gcc-arm-none-eabi/bin/../lib/gcc/arm-none-eabi/12.2.0/../../../../arm-none-eabi/lib/libc_nano.a(libc_a-mlock.o)
                0x080014a4                __malloc_unlock
 .text._sbrk_r  0x080014bc       0x3c /opt/gcc-arm-none-eabi/bin/../lib/gcc/arm-none-eabi/12.2.0/../../../../arm-none-eabi/lib/libc_nano.a(libc_a-sbrkr.o)
                0x080014bc                _sbrk_r
 .text._free_r  0x080014f8      0x10c /opt/gcc-arm-none-eabi/bin/../lib/gcc/arm-none-eabi/12.2.0/../../../../arm-none-eabi/lib/libc_nano.a(libc_a-freer.o)
                0x080014f8                _free_r
 *(.eh_frame)
 .eh_frame      0x08001604        0x0 /opt/gcc-arm-none-eabi/bin/../lib/gcc/arm-none-eabi/12.2.0/crtbegin.o
 .eh_frame      0x08001604        0x4 /opt/gcc-arm-none-eabi/bin/../lib/gcc/arm-none-eabi/12.2.0/crtend.o
 *(.eh_frame*)
 *(.init)
 .init          0x08001608        0xc /opt/gcc-arm-none-eabi/bin/../lib/gcc/arm-none-eabi/12.2.0/crti.o
                0x08001608                _init
 .init          0x08001614        0xc /opt/gcc-arm-none-eabi/bin/../lib/gcc/arm-none-eabi/12.2.0/crtn.o
 *(.fini)
 .fini          0x08001620        0xc /opt/gcc-arm-none-eabi/bin/../lib/gcc/arm-none-eabi/12.2.0/crti.o
                0x08001620                _fini
 .fini          0x0800162c        0xc /opt/gcc-arm-none-eabi/bin/../lib/gcc/arm-none-eabi/12.2.0/crtn.o
 *(.rodata)
 .rodata        0x08001638       0x14 src/obj/main.o
                0x08001638                RCC
                0x0800163c                GPIOA
                0x08001640                TIM2
                0x08001644                EXTI
                0x08001648                NVIC
 *(.rodata.*)
 .rodata.all_implied_fbits
                0x0800164c       0x24 /opt/gcc-arm-none-eabi/bin/../lib/gcc/arm-none-eabi/12.2.0/crtbegin.o
 .rodata.all_implied_fbits
                0x08001670       0x24 /opt/gcc-arm-none-eabi/bin/../lib/gcc/arm-none-eabi/12.2.0/crtend.o
                0x08001694                        . = ALIGN (0x4)

.glue_7         0x08001694        0x0
 .glue_7        0x08001694        0x0 linker stubs

.glue_7t        0x08001694        0x0
 .glue_7t       0x08001694        0x0 linker stubs

.vfp11_veneer   0x08001694        0x0
 .vfp11_veneer  0x08001694        0x0 linker stubs

.v4_bx          0x08001694        0x0
 .v4_bx         0x08001694        0x0 linker stubs

.iplt           0x08001694        0x0
 .iplt          0x08001694        0x0 /opt/gcc-arm-none-eabi/bin/../lib/gcc/arm-none-eabi/12.2.0/crtbegin.o

.ARM            0x08001694      0x458
                0x08001694                        . = ALIGN (0x4)
 *(.ARM*)
 .ARM.attributes
                0x08001694       0x1c /opt/gcc-arm-none-eabi/bin/../lib/gcc/arm-none-eabi/12.2.0/crti.o
 .ARM.attributes
                0x080016b0       0x2a /opt/gcc-arm-none-eabi/bin/../lib/gcc/arm-none-eabi/12.2.0/crtbegin.o
 .ARM.extab     0x080016da        0x0 /opt/gcc-arm-none-eabi/bin/../lib/gcc/arm-none-eabi/12.2.0/../../../../arm-none-eabi/lib/crt0.o
 *fill*         0x080016da        0x0 
 .ARM.attributes
                0x080016da       0x1a /opt/gcc-arm-none-eabi/bin/../lib/gcc/arm-none-eabi/12.2.0/../../../../arm-none-eabi/lib/crt0.o
 .ARM.attributes
                0x080016f4       0x2e src/obj/main.o
 .ARM.attributes
                0x08001722       0x2e src/obj/syscalls.o
 .ARM.attributes
                0x08001750       0x2e src/obj/startup_STM32F401RE.o
 .ARM.attributes
                0x0800177e       0x2a /opt/gcc-arm-none-eabi/bin/../lib/gcc/arm-none-eabi/12.2.0/../../../../arm-none-eabi/lib/libc_nano.a(libc_a-exit.o)
 .ARM.attributes
                0x080017a8       0x2a /opt/gcc-arm-none-eabi/bin/../lib/gcc/arm-none-eabi/12.2.0/../../../../arm-none-eabi/lib/libc_nano.a(libc_a-init.o)
 .ARM.attributes
                0x080017d2       0x2a /opt/gcc-arm-none-eabi/bin/../lib/gcc/arm-none-eabi/12.2.0/../../../../arm-none-eabi/lib/libc_nano.a(libc_a-findfp.o)
 .ARM.attributes
                0x080017fc       0x2a /opt/gcc-arm-none-eabi/bin/../lib/gcc/arm-none-eabi/12.2.0/../../../../arm-none-eabi/lib/libc_nano.a(libc_a-stdio.o)
 .ARM.attributes
                0x08001826       0x2a /opt/gcc-arm-none-eabi/bin/../lib/gcc/arm-none-eabi/12.2.0/../../../../arm-none-eabi/lib/libc_nano.a(libc_a-writer.o)
 .ARM.attributes
                0x08001850       0x2a /opt/gcc-arm-none-eabi/bin/../lib/gcc/arm-none-eabi/12.2.0/../../../../arm-none-eabi/lib/libc_nano.a(libc_a-errno.o)
 .ARM.attributes
                0x0800187a       0x2a /opt/gcc-arm-none-eabi/bin/../lib/gcc/arm-none-eabi/12.2.0/../../../../arm-none-eabi/lib/libc_nano.a(libc_a-fwalk.o)
 .ARM.attributes
                0x080018a4       0x2a /opt/gcc-arm-none-eabi/bin/../lib/gcc/arm-none-eabi/12.2.0/../../../../arm-none-eabi/lib/libc_nano.a(libc_a-memset.o)
 .ARM.attributes
                0x080018ce       0x2a /opt/gcc-arm-none-eabi/bin/../lib/gcc/arm-none-eabi/12.2.0/../../../../arm-none-eabi/lib/libc_nano.a(libc_a-lock.o)
 .ARM.attributes
                0x080018f8       0x2a /opt/gcc-arm-none-eabi/bin/../lib/gcc/arm-none-eabi/12.2.0/../../../../arm-none-eabi/lib/libc_nano.a(libc_a-closer.o)
 .ARM.attributes
                0x08001922       0x2a /opt/gcc-arm-none-eabi/bin/../lib/gcc/arm-none-eabi/12.2.0/../../../../arm-none-eabi/lib/libc_nano.a(libc_a-reent.o)
 .ARM.attributes
                0x0800194c       0x2a /opt/gcc-arm-none-eabi/bin/../lib/gcc/arm-none-eabi/12.2.0/../../../../arm-none-eabi/lib/libc_nano.a(libc_a-impure.o)
 .ARM.attributes
                0x08001976       0x2a /opt/gcc-arm-none-eabi/bin/../lib/gcc/arm-none-eabi/12.2.0/../../../../arm-none-eabi/lib/libc_nano.a(libc_a-fflush.o)
 .ARM.attributes
                0x080019a0       0x2a /opt/gcc-arm-none-eabi/bin/../lib/gcc/arm-none-eabi/12.2.0/../../../../arm-none-eabi/lib/libc_nano.a(libc_a-mallocr.o)
 .ARM.attributes
                0x080019ca       0x2a /opt/gcc-arm-none-eabi/bin/../lib/gcc/arm-none-eabi/12.2.0/../../../../arm-none-eabi/lib/libc_nano.a(libc_a-lseekr.o)
 .ARM.attributes
                0x080019f4       0x2a /opt/gcc-arm-none-eabi/bin/../lib/gcc/arm-none-eabi/12.2.0/../../../../arm-none-eabi/lib/libc_nano.a(libc_a-readr.o)
 .ARM.attributes
                0x08001a1e       0x2a /opt/gcc-arm-none-eabi/bin/../lib/gcc/arm-none-eabi/12.2.0/../../../../arm-none-eabi/lib/libc_nano.a(libc_a-mlock.o)
 .ARM.attributes
                0x08001a48       0x2a /opt/gcc-arm-none-eabi/bin/../lib/gcc/arm-none-eabi/12.2.0/../../../../arm-none-eabi/lib/libc_nano.a(libc_a-sbrkr.o)
 .ARM.attributes
                0x08001a72       0x2a /opt/gcc-arm-none-eabi/bin/../lib/gcc/arm-none-eabi/12.2.0/../../../../arm-none-eabi/lib/libc_nano.a(libc_a-freer.o)
 .ARM.attributes
                0x08001a9c       0x2a /opt/gcc-arm-none-eabi/bin/../lib/gcc/arm-none-eabi/12.2.0/crtend.o
 .ARM.attributes
                0x08001ac6       0x1c /opt/gcc-arm-none-eabi/bin/../lib/gcc/arm-none-eabi/12.2.0/crtn.o
 *fill*         0x08001ae2        0x2 
 .ARM.exidx     0x08001ae4        0x8 /opt/gcc-arm-none-eabi/bin/../lib/gcc/arm-none-eabi/12.2.0/../../../../arm-none-eabi/lib/crt0.o
                                 0x10 (size before relaxing)
                0x08001aec                        . = ALIGN (0x4)

.rel.dyn        0x08001aec        0x0
 .rel.iplt      0x08001aec        0x0 /opt/gcc-arm-none-eabi/bin/../lib/gcc/arm-none-eabi/12.2.0/crtbegin.o

.debug          0x08001af0    0x12920
                0x08001af0                        . = ALIGN (0x4)
 *(.debug*)
 .debug_line    0x08001af0       0x9b /opt/gcc-arm-none-eabi/bin/../lib/gcc/arm-none-eabi/12.2.0/../../../../arm-none-eabi/lib/crt0.o
 .debug_line_str
                0x08001b8b       0xd1 /opt/gcc-arm-none-eabi/bin/../lib/gcc/arm-none-eabi/12.2.0/../../../../arm-none-eabi/lib/crt0.o
                                 0xd8 (size before relaxing)
 .debug_info    0x08001c5c       0x25 /opt/gcc-arm-none-eabi/bin/../lib/gcc/arm-none-eabi/12.2.0/../../../../arm-none-eabi/lib/crt0.o
 .debug_abbrev  0x08001c81       0x14 /opt/gcc-arm-none-eabi/bin/../lib/gcc/arm-none-eabi/12.2.0/../../../../arm-none-eabi/lib/crt0.o
 *fill*         0x08001c95        0x3 
 .debug_aranges
                0x08001c98       0x20 /opt/gcc-arm-none-eabi/bin/../lib/gcc/arm-none-eabi/12.2.0/../../../../arm-none-eabi/lib/crt0.o
 .debug_str     0x08001cb8       0x6a /opt/gcc-arm-none-eabi/bin/../lib/gcc/arm-none-eabi/12.2.0/../../../../arm-none-eabi/lib/crt0.o
                                 0xe7 (size before relaxing)
 .debug_info    0x08001d22      0x617 src/obj/main.o
 .debug_abbrev  0x08002339      0x1aa src/obj/main.o
 .debug_aranges
                0x080024e3       0x20 src/obj/main.o
 .debug_line    0x08002503      0x191 src/obj/main.o
 .debug_str     0x08002694      0x43b src/obj/main.o
                                0x487 (size before relaxing)
 *fill*         0x08002acf        0x1 
 .debug_frame   0x08002ad0       0xe8 src/obj/main.o
 .debug_info    0x08002bb8      0x711 src/obj/syscalls.o
 .debug_abbrev  0x080032c9      0x1c8 src/obj/syscalls.o
 .debug_aranges
                0x08003491       0x20 src/obj/syscalls.o
 .debug_line    0x080034b1      0x233 src/obj/syscalls.o
 .debug_str     0x080036e4      0x236 src/obj/syscalls.o
                                0x3cb (size before relaxing)
 *fill*         0x0800391a        0x2 
 .debug_frame   0x0800391c      0x2d0 src/obj/syscalls.o
 .debug_info    0x08003bec      0x192 src/obj/startup_STM32F401RE.o
 .debug_abbrev  0x08003d7e      0x11e src/obj/startup_STM32F401RE.o
 .debug_aranges
                0x08003e9c       0x20 src/obj/startup_STM32F401RE.o
 .debug_line    0x08003ebc      0x138 src/obj/startup_STM32F401RE.o
 .debug_str     0x08003ff4       0x95 src/obj/startup_STM32F401RE.o
                                0x1c5 (size before relaxing)
 *fill*         0x08004089        0x3 
 .debug_frame   0x0800408c       0x4c src/obj/startup_STM32F401RE.o
 .debug_info    0x080040d8      0x11b /opt/gcc-arm-none-eabi/bin/../lib/gcc/arm-none-eabi/12.2.0/../../../../arm-none-eabi/lib/libc_nano.a(libc_a-exit.o)
 .debug_abbrev  0x080041f3       0xd8 /opt/gcc-arm-none-eabi/bin/../lib/gcc/arm-none-eabi/12.2.0/../../../../arm-none-eabi/lib/libc_nano.a(libc_a-exit.o)
 .debug_loclists
                0x080042cb       0x20 /opt/gcc-arm-none-eabi/bin/../lib/gcc/arm-none-eabi/12.2.0/../../../../arm-none-eabi/lib/libc_nano.a(libc_a-exit.o)
 .debug_aranges
                0x080042eb       0x20 /opt/gcc-arm-none-eabi/bin/../lib/gcc/arm-none-eabi/12.2.0/../../../../arm-none-eabi/lib/libc_nano.a(libc_a-exit.o)
 .debug_rnglists
                0x0800430b       0x13 /opt/gcc-arm-none-eabi/bin/../lib/gcc/arm-none-eabi/12.2.0/../../../../arm-none-eabi/lib/libc_nano.a(libc_a-exit.o)
 .debug_line    0x0800431e      0x198 /opt/gcc-arm-none-eabi/bin/../lib/gcc/arm-none-eabi/12.2.0/../../../../arm-none-eabi/lib/libc_nano.a(libc_a-exit.o)
 .debug_str     0x080044b6      0x175 /opt/gcc-arm-none-eabi/bin/../lib/gcc/arm-none-eabi/12.2.0/../../../../arm-none-eabi/lib/libc_nano.a(libc_a-exit.o)
                                0x215 (size before relaxing)
 *fill*         0x0800462b        0x1 
 .debug_frame   0x0800462c       0x28 /opt/gcc-arm-none-eabi/bin/../lib/gcc/arm-none-eabi/12.2.0/../../../../arm-none-eabi/lib/libc_nano.a(libc_a-exit.o)
 .debug_info    0x08004654      0x10b /opt/gcc-arm-none-eabi/bin/../lib/gcc/arm-none-eabi/12.2.0/../../../../arm-none-eabi/lib/libc_nano.a(libc_a-init.o)
 .debug_abbrev  0x0800475f       0xc9 /opt/gcc-arm-none-eabi/bin/../lib/gcc/arm-none-eabi/12.2.0/../../../../arm-none-eabi/lib/libc_nano.a(libc_a-init.o)
 .debug_loclists
                0x08004828       0x42 /opt/gcc-arm-none-eabi/bin/../lib/gcc/arm-none-eabi/12.2.0/../../../../arm-none-eabi/lib/libc_nano.a(libc_a-init.o)
 .debug_aranges
                0x0800486a       0x20 /opt/gcc-arm-none-eabi/bin/../lib/gcc/arm-none-eabi/12.2.0/../../../../arm-none-eabi/lib/libc_nano.a(libc_a-init.o)
 .debug_rnglists
                0x0800488a       0x14 /opt/gcc-arm-none-eabi/bin/../lib/gcc/arm-none-eabi/12.2.0/../../../../arm-none-eabi/lib/libc_nano.a(libc_a-init.o)
 .debug_line    0x0800489e      0x17e /opt/gcc-arm-none-eabi/bin/../lib/gcc/arm-none-eabi/12.2.0/../../../../arm-none-eabi/lib/libc_nano.a(libc_a-init.o)
 .debug_str     0x08004a1c       0xad /opt/gcc-arm-none-eabi/bin/../lib/gcc/arm-none-eabi/12.2.0/../../../../arm-none-eabi/lib/libc_nano.a(libc_a-init.o)
                                0x250 (size before relaxing)
 *fill*         0x08004ac9        0x3 
 .debug_frame   0x08004acc       0x38 /opt/gcc-arm-none-eabi/bin/../lib/gcc/arm-none-eabi/12.2.0/../../../../arm-none-eabi/lib/libc_nano.a(libc_a-init.o)
 .debug_info    0x08004b04      0xf86 /opt/gcc-arm-none-eabi/bin/../lib/gcc/arm-none-eabi/12.2.0/../../../../arm-none-eabi/lib/libc_nano.a(libc_a-findfp.o)
 .debug_abbrev  0x08005a8a      0x40a /opt/gcc-arm-none-eabi/bin/../lib/gcc/arm-none-eabi/12.2.0/../../../../arm-none-eabi/lib/libc_nano.a(libc_a-findfp.o)
 .debug_loclists
                0x08005e94      0x27c /opt/gcc-arm-none-eabi/bin/../lib/gcc/arm-none-eabi/12.2.0/../../../../arm-none-eabi/lib/libc_nano.a(libc_a-findfp.o)
 .debug_aranges
                0x08006110       0x78 /opt/gcc-arm-none-eabi/bin/../lib/gcc/arm-none-eabi/12.2.0/../../../../arm-none-eabi/lib/libc_nano.a(libc_a-findfp.o)
 .debug_rnglists
                0x08006188       0x97 /opt/gcc-arm-none-eabi/bin/../lib/gcc/arm-none-eabi/12.2.0/../../../../arm-none-eabi/lib/libc_nano.a(libc_a-findfp.o)
 .debug_line    0x0800621f      0x606 /opt/gcc-arm-none-eabi/bin/../lib/gcc/arm-none-eabi/12.2.0/../../../../arm-none-eabi/lib/libc_nano.a(libc_a-findfp.o)
 .debug_str     0x08006825      0x560 /opt/gcc-arm-none-eabi/bin/../lib/gcc/arm-none-eabi/12.2.0/../../../../arm-none-eabi/lib/libc_nano.a(libc_a-findfp.o)
                                0x792 (size before relaxing)
 *fill*         0x08006d85        0x3 
 .debug_frame   0x08006d88      0x174 /opt/gcc-arm-none-eabi/bin/../lib/gcc/arm-none-eabi/12.2.0/../../../../arm-none-eabi/lib/libc_nano.a(libc_a-findfp.o)
 .debug_info    0x08006efc      0xa57 /opt/gcc-arm-none-eabi/bin/../lib/gcc/arm-none-eabi/12.2.0/../../../../arm-none-eabi/lib/libc_nano.a(libc_a-stdio.o)
 .debug_abbrev  0x08007953      0x206 /opt/gcc-arm-none-eabi/bin/../lib/gcc/arm-none-eabi/12.2.0/../../../../arm-none-eabi/lib/libc_nano.a(libc_a-stdio.o)
 .debug_loclists
                0x08007b59      0x221 /opt/gcc-arm-none-eabi/bin/../lib/gcc/arm-none-eabi/12.2.0/../../../../arm-none-eabi/lib/libc_nano.a(libc_a-stdio.o)
 .debug_aranges
                0x08007d7a       0x40 /opt/gcc-arm-none-eabi/bin/../lib/gcc/arm-none-eabi/12.2.0/../../../../arm-none-eabi/lib/libc_nano.a(libc_a-stdio.o)
 .debug_rnglists
                0x08007dba       0x2b /opt/gcc-arm-none-eabi/bin/../lib/gcc/arm-none-eabi/12.2.0/../../../../arm-none-eabi/lib/libc_nano.a(libc_a-stdio.o)
 .debug_line    0x08007de5      0x300 /opt/gcc-arm-none-eabi/bin/../lib/gcc/arm-none-eabi/12.2.0/../../../../arm-none-eabi/lib/libc_nano.a(libc_a-stdio.o)
 .debug_str     0x080080e5       0x9f /opt/gcc-arm-none-eabi/bin/../lib/gcc/arm-none-eabi/12.2.0/../../../../arm-none-eabi/lib/libc_nano.a(libc_a-stdio.o)
                                0x57c (size before relaxing)
 .debug_frame   0x08008184       0x9c /opt/gcc-arm-none-eabi/bin/../lib/gcc/arm-none-eabi/12.2.0/../../../../arm-none-eabi/lib/libc_nano.a(libc_a-stdio.o)
 .debug_info    0x08008220      0x7b2 /opt/gcc-arm-none-eabi/bin/../lib/gcc/arm-none-eabi/12.2.0/../../../../arm-none-eabi/lib/libc_nano.a(libc_a-writer.o)
 .debug_abbrev  0x080089d2      0x1b5 /opt/gcc-arm-none-eabi/bin/../lib/gcc/arm-none-eabi/12.2.0/../../../../arm-none-eabi/lib/libc_nano.a(libc_a-writer.o)
 .debug_loclists
                0x08008b87       0x88 /opt/gcc-arm-none-eabi/bin/../lib/gcc/arm-none-eabi/12.2.0/../../../../arm-none-eabi/lib/libc_nano.a(libc_a-writer.o)
 .debug_aranges
                0x08008c0f       0x20 /opt/gcc-arm-none-eabi/bin/../lib/gcc/arm-none-eabi/12.2.0/../../../../arm-none-eabi/lib/libc_nano.a(libc_a-writer.o)
 .debug_rnglists
                0x08008c2f       0x13 /opt/gcc-arm-none-eabi/bin/../lib/gcc/arm-none-eabi/12.2.0/../../../../arm-none-eabi/lib/libc_nano.a(libc_a-writer.o)
 .debug_line    0x08008c42      0x233 /opt/gcc-arm-none-eabi/bin/../lib/gcc/arm-none-eabi/12.2.0/../../../../arm-none-eabi/lib/libc_nano.a(libc_a-writer.o)
 .debug_str     0x08008e75       0x62 /opt/gcc-arm-none-eabi/bin/../lib/gcc/arm-none-eabi/12.2.0/../../../../arm-none-eabi/lib/libc_nano.a(libc_a-writer.o)
                                0x515 (size before relaxing)
 *fill*         0x08008ed7        0x1 
 .debug_frame   0x08008ed8       0x34 /opt/gcc-arm-none-eabi/bin/../lib/gcc/arm-none-eabi/12.2.0/../../../../arm-none-eabi/lib/libc_nano.a(libc_a-writer.o)
 .debug_info    0x08008f0c      0x6fa /opt/gcc-arm-none-eabi/bin/../lib/gcc/arm-none-eabi/12.2.0/../../../../arm-none-eabi/lib/libc_nano.a(libc_a-errno.o)
 .debug_abbrev  0x08009606      0x15e /opt/gcc-arm-none-eabi/bin/../lib/gcc/arm-none-eabi/12.2.0/../../../../arm-none-eabi/lib/libc_nano.a(libc_a-errno.o)
 .debug_aranges
                0x08009764       0x20 /opt/gcc-arm-none-eabi/bin/../lib/gcc/arm-none-eabi/12.2.0/../../../../arm-none-eabi/lib/libc_nano.a(libc_a-errno.o)
 .debug_rnglists
                0x08009784       0x13 /opt/gcc-arm-none-eabi/bin/../lib/gcc/arm-none-eabi/12.2.0/../../../../arm-none-eabi/lib/libc_nano.a(libc_a-errno.o)
 .debug_line    0x08009797      0x18e /opt/gcc-arm-none-eabi/bin/../lib/gcc/arm-none-eabi/12.2.0/../../../../arm-none-eabi/lib/libc_nano.a(libc_a-errno.o)
 .debug_str     0x08009925       0x6d /opt/gcc-arm-none-eabi/bin/../lib/gcc/arm-none-eabi/12.2.0/../../../../arm-none-eabi/lib/libc_nano.a(libc_a-errno.o)
                                0x509 (size before relaxing)
 *fill*         0x08009992        0x2 
 .debug_frame   0x08009994       0x20 /opt/gcc-arm-none-eabi/bin/../lib/gcc/arm-none-eabi/12.2.0/../../../../arm-none-eabi/lib/libc_nano.a(libc_a-errno.o)
 .debug_info    0x080099b4      0x7d1 /opt/gcc-arm-none-eabi/bin/../lib/gcc/arm-none-eabi/12.2.0/../../../../arm-none-eabi/lib/libc_nano.a(libc_a-fwalk.o)
 .debug_abbrev  0x0800a185      0x19b /opt/gcc-arm-none-eabi/bin/../lib/gcc/arm-none-eabi/12.2.0/../../../../arm-none-eabi/lib/libc_nano.a(libc_a-fwalk.o)
 .debug_loclists
                0x0800a320       0xcc /opt/gcc-arm-none-eabi/bin/../lib/gcc/arm-none-eabi/12.2.0/../../../../arm-none-eabi/lib/libc_nano.a(libc_a-fwalk.o)
 .debug_aranges
                0x0800a3ec       0x20 /opt/gcc-arm-none-eabi/bin/../lib/gcc/arm-none-eabi/12.2.0/../../../../arm-none-eabi/lib/libc_nano.a(libc_a-fwalk.o)
 .debug_rnglists
                0x0800a40c       0x13 /opt/gcc-arm-none-eabi/bin/../lib/gcc/arm-none-eabi/12.2.0/../../../../arm-none-eabi/lib/libc_nano.a(libc_a-fwalk.o)
 .debug_line    0x0800a41f      0x24f /opt/gcc-arm-none-eabi/bin/../lib/gcc/arm-none-eabi/12.2.0/../../../../arm-none-eabi/lib/libc_nano.a(libc_a-fwalk.o)
 .debug_str     0x0800a66e       0x61 /opt/gcc-arm-none-eabi/bin/../lib/gcc/arm-none-eabi/12.2.0/../../../../arm-none-eabi/lib/libc_nano.a(libc_a-fwalk.o)
                                0x51f (size before relaxing)
 *fill*         0x0800a6cf        0x1 
 .debug_frame   0x0800a6d0       0x44 /opt/gcc-arm-none-eabi/bin/../lib/gcc/arm-none-eabi/12.2.0/../../../../arm-none-eabi/lib/libc_nano.a(libc_a-fwalk.o)
 .debug_info    0x0800a714       0xe0 /opt/gcc-arm-none-eabi/bin/../lib/gcc/arm-none-eabi/12.2.0/../../../../arm-none-eabi/lib/libc_nano.a(libc_a-memset.o)
 .debug_abbrev  0x0800a7f4       0x9e /opt/gcc-arm-none-eabi/bin/../lib/gcc/arm-none-eabi/12.2.0/../../../../arm-none-eabi/lib/libc_nano.a(libc_a-memset.o)
 .debug_loclists
                0x0800a892       0x3b /opt/gcc-arm-none-eabi/bin/../lib/gcc/arm-none-eabi/12.2.0/../../../../arm-none-eabi/lib/libc_nano.a(libc_a-memset.o)
 .debug_aranges
                0x0800a8cd       0x20 /opt/gcc-arm-none-eabi/bin/../lib/gcc/arm-none-eabi/12.2.0/../../../../arm-none-eabi/lib/libc_nano.a(libc_a-memset.o)
 .debug_rnglists
                0x0800a8ed       0x13 /opt/gcc-arm-none-eabi/bin/../lib/gcc/arm-none-eabi/12.2.0/../../../../arm-none-eabi/lib/libc_nano.a(libc_a-memset.o)
 .debug_line    0x0800a900      0x17f /opt/gcc-arm-none-eabi/bin/../lib/gcc/arm-none-eabi/12.2.0/../../../../arm-none-eabi/lib/libc_nano.a(libc_a-memset.o)
 .debug_str     0x0800aa7f       0x63 /opt/gcc-arm-none-eabi/bin/../lib/gcc/arm-none-eabi/12.2.0/../../../../arm-none-eabi/lib/libc_nano.a(libc_a-memset.o)
                                0x1ef (size before relaxing)
 *fill*         0x0800aae2        0x2 
 .debug_frame   0x0800aae4       0x20 /opt/gcc-arm-none-eabi/bin/../lib/gcc/arm-none-eabi/12.2.0/../../../../arm-none-eabi/lib/libc_nano.a(libc_a-memset.o)
 .debug_info    0x0800ab04      0x20a /opt/gcc-arm-none-eabi/bin/../lib/gcc/arm-none-eabi/12.2.0/../../../../arm-none-eabi/lib/libc_nano.a(libc_a-lock.o)
 .debug_abbrev  0x0800ad0e      0x115 /opt/gcc-arm-none-eabi/bin/../lib/gcc/arm-none-eabi/12.2.0/../../../../arm-none-eabi/lib/libc_nano.a(libc_a-lock.o)
 .debug_loclists
                0x0800ae23       0x23 /opt/gcc-arm-none-eabi/bin/../lib/gcc/arm-none-eabi/12.2.0/../../../../arm-none-eabi/lib/libc_nano.a(libc_a-lock.o)
 .debug_aranges
                0x0800ae46       0x68 /opt/gcc-arm-none-eabi/bin/../lib/gcc/arm-none-eabi/12.2.0/../../../../arm-none-eabi/lib/libc_nano.a(libc_a-lock.o)
 .debug_rnglists
                0x0800aeae       0x49 /opt/gcc-arm-none-eabi/bin/../lib/gcc/arm-none-eabi/12.2.0/../../../../arm-none-eabi/lib/libc_nano.a(libc_a-lock.o)
 .debug_line    0x0800aef7      0x1ad /opt/gcc-arm-none-eabi/bin/../lib/gcc/arm-none-eabi/12.2.0/../../../../arm-none-eabi/lib/libc_nano.a(libc_a-lock.o)
 .debug_str     0x0800b0a4      0x1e0 /opt/gcc-arm-none-eabi/bin/../lib/gcc/arm-none-eabi/12.2.0/../../../../arm-none-eabi/lib/libc_nano.a(libc_a-lock.o)
                                0x362 (size before relaxing)
 .debug_frame   0x0800b284       0xb0 /opt/gcc-arm-none-eabi/bin/../lib/gcc/arm-none-eabi/12.2.0/../../../../arm-none-eabi/lib/libc_nano.a(libc_a-lock.o)
 .debug_info    0x0800b334      0x755 /opt/gcc-arm-none-eabi/bin/../lib/gcc/arm-none-eabi/12.2.0/../../../../arm-none-eabi/lib/libc_nano.a(libc_a-closer.o)
 .debug_abbrev  0x0800ba89      0x1b0 /opt/gcc-arm-none-eabi/bin/../lib/gcc/arm-none-eabi/12.2.0/../../../../arm-none-eabi/lib/libc_nano.a(libc_a-closer.o)
 .debug_loclists
                0x0800bc39       0x4c /opt/gcc-arm-none-eabi/bin/../lib/gcc/arm-none-eabi/12.2.0/../../../../arm-none-eabi/lib/libc_nano.a(libc_a-closer.o)
 .debug_aranges
                0x0800bc85       0x20 /opt/gcc-arm-none-eabi/bin/../lib/gcc/arm-none-eabi/12.2.0/../../../../arm-none-eabi/lib/libc_nano.a(libc_a-closer.o)
 .debug_rnglists
                0x0800bca5       0x13 /opt/gcc-arm-none-eabi/bin/../lib/gcc/arm-none-eabi/12.2.0/../../../../arm-none-eabi/lib/libc_nano.a(libc_a-closer.o)
 .debug_line    0x0800bcb8      0x23c /opt/gcc-arm-none-eabi/bin/../lib/gcc/arm-none-eabi/12.2.0/../../../../arm-none-eabi/lib/libc_nano.a(libc_a-closer.o)
 .debug_str     0x0800bef4       0x62 /opt/gcc-arm-none-eabi/bin/../lib/gcc/arm-none-eabi/12.2.0/../../../../arm-none-eabi/lib/libc_nano.a(libc_a-closer.o)
                                0x505 (size before relaxing)
 *fill*         0x0800bf56        0x2 
 .debug_frame   0x0800bf58       0x34 /opt/gcc-arm-none-eabi/bin/../lib/gcc/arm-none-eabi/12.2.0/../../../../arm-none-eabi/lib/libc_nano.a(libc_a-closer.o)
 .debug_info    0x0800bf8c      0x854 /opt/gcc-arm-none-eabi/bin/../lib/gcc/arm-none-eabi/12.2.0/../../../../arm-none-eabi/lib/libc_nano.a(libc_a-reent.o)
 .debug_abbrev  0x0800c7e0      0x1ed /opt/gcc-arm-none-eabi/bin/../lib/gcc/arm-none-eabi/12.2.0/../../../../arm-none-eabi/lib/libc_nano.a(libc_a-reent.o)
 .debug_loclists
                0x0800c9cd       0x75 /opt/gcc-arm-none-eabi/bin/../lib/gcc/arm-none-eabi/12.2.0/../../../../arm-none-eabi/lib/libc_nano.a(libc_a-reent.o)
 .debug_aranges
                0x0800ca42       0x20 /opt/gcc-arm-none-eabi/bin/../lib/gcc/arm-none-eabi/12.2.0/../../../../arm-none-eabi/lib/libc_nano.a(libc_a-reent.o)
 .debug_rnglists
                0x0800ca62       0x30 /opt/gcc-arm-none-eabi/bin/../lib/gcc/arm-none-eabi/12.2.0/../../../../arm-none-eabi/lib/libc_nano.a(libc_a-reent.o)
 .debug_line    0x0800ca92      0x2ea /opt/gcc-arm-none-eabi/bin/../lib/gcc/arm-none-eabi/12.2.0/../../../../arm-none-eabi/lib/libc_nano.a(libc_a-reent.o)
 .debug_str     0x0800cd7c       0x88 /opt/gcc-arm-none-eabi/bin/../lib/gcc/arm-none-eabi/12.2.0/../../../../arm-none-eabi/lib/libc_nano.a(libc_a-reent.o)
                                0x52e (size before relaxing)
 .debug_frame   0x0800ce04       0x40 /opt/gcc-arm-none-eabi/bin/../lib/gcc/arm-none-eabi/12.2.0/../../../../arm-none-eabi/lib/libc_nano.a(libc_a-reent.o)
 .debug_info    0x0800ce44      0x714 /opt/gcc-arm-none-eabi/bin/../lib/gcc/arm-none-eabi/12.2.0/../../../../arm-none-eabi/lib/libc_nano.a(libc_a-impure.o)
 .debug_abbrev  0x0800d558      0x149 /opt/gcc-arm-none-eabi/bin/../lib/gcc/arm-none-eabi/12.2.0/../../../../arm-none-eabi/lib/libc_nano.a(libc_a-impure.o)
 .debug_aranges
                0x0800d6a1       0x18 /opt/gcc-arm-none-eabi/bin/../lib/gcc/arm-none-eabi/12.2.0/../../../../arm-none-eabi/lib/libc_nano.a(libc_a-impure.o)
 .debug_line    0x0800d6b9      0x16c /opt/gcc-arm-none-eabi/bin/../lib/gcc/arm-none-eabi/12.2.0/../../../../arm-none-eabi/lib/libc_nano.a(libc_a-impure.o)
 .debug_str     0x0800d825       0x62 /opt/gcc-arm-none-eabi/bin/../lib/gcc/arm-none-eabi/12.2.0/../../../../arm-none-eabi/lib/libc_nano.a(libc_a-impure.o)
                                0x50f (size before relaxing)
 .debug_info    0x0800d887      0x9fc /opt/gcc-arm-none-eabi/bin/../lib/gcc/arm-none-eabi/12.2.0/../../../../arm-none-eabi/lib/libc_nano.a(libc_a-fflush.o)
 .debug_abbrev  0x0800e283      0x29f /opt/gcc-arm-none-eabi/bin/../lib/gcc/arm-none-eabi/12.2.0/../../../../arm-none-eabi/lib/libc_nano.a(libc_a-fflush.o)
 .debug_loclists
                0x0800e522      0x1d9 /opt/gcc-arm-none-eabi/bin/../lib/gcc/arm-none-eabi/12.2.0/../../../../arm-none-eabi/lib/libc_nano.a(libc_a-fflush.o)
 .debug_aranges
                0x0800e6fb       0x30 /opt/gcc-arm-none-eabi/bin/../lib/gcc/arm-none-eabi/12.2.0/../../../../arm-none-eabi/lib/libc_nano.a(libc_a-fflush.o)
 .debug_rnglists
                0x0800e72b       0x3f /opt/gcc-arm-none-eabi/bin/../lib/gcc/arm-none-eabi/12.2.0/../../../../arm-none-eabi/lib/libc_nano.a(libc_a-fflush.o)
 .debug_line    0x0800e76a      0x493 /opt/gcc-arm-none-eabi/bin/../lib/gcc/arm-none-eabi/12.2.0/../../../../arm-none-eabi/lib/libc_nano.a(libc_a-fflush.o)
 .debug_str     0x0800ebfd       0x95 /opt/gcc-arm-none-eabi/bin/../lib/gcc/arm-none-eabi/12.2.0/../../../../arm-none-eabi/lib/libc_nano.a(libc_a-fflush.o)
                                0x5da (size before relaxing)
 *fill*         0x0800ec92        0x2 
 .debug_frame   0x0800ec94       0x80 /opt/gcc-arm-none-eabi/bin/../lib/gcc/arm-none-eabi/12.2.0/../../../../arm-none-eabi/lib/libc_nano.a(libc_a-fflush.o)
 .debug_info    0x0800ed14      0x9c0 /opt/gcc-arm-none-eabi/bin/../lib/gcc/arm-none-eabi/12.2.0/../../../../arm-none-eabi/lib/libc_nano.a(libc_a-mallocr.o)
 .debug_abbrev  0x0800f6d4      0x241 /opt/gcc-arm-none-eabi/bin/../lib/gcc/arm-none-eabi/12.2.0/../../../../arm-none-eabi/lib/libc_nano.a(libc_a-mallocr.o)
 .debug_loclists
                0x0800f915      0x23a /opt/gcc-arm-none-eabi/bin/../lib/gcc/arm-none-eabi/12.2.0/../../../../arm-none-eabi/lib/libc_nano.a(libc_a-mallocr.o)
 .debug_aranges
                0x0800fb4f       0x28 /opt/gcc-arm-none-eabi/bin/../lib/gcc/arm-none-eabi/12.2.0/../../../../arm-none-eabi/lib/libc_nano.a(libc_a-mallocr.o)
 .debug_rnglists
                0x0800fb77       0x2c /opt/gcc-arm-none-eabi/bin/../lib/gcc/arm-none-eabi/12.2.0/../../../../arm-none-eabi/lib/libc_nano.a(libc_a-mallocr.o)
 .debug_line    0x0800fba3      0x4d5 /opt/gcc-arm-none-eabi/bin/../lib/gcc/arm-none-eabi/12.2.0/../../../../arm-none-eabi/lib/libc_nano.a(libc_a-mallocr.o)
 .debug_str     0x08010078      0x121 /opt/gcc-arm-none-eabi/bin/../lib/gcc/arm-none-eabi/12.2.0/../../../../arm-none-eabi/lib/libc_nano.a(libc_a-mallocr.o)
                                0x5f0 (size before relaxing)
 *fill*         0x08010199        0x3 
 .debug_frame   0x0801019c       0x64 /opt/gcc-arm-none-eabi/bin/../lib/gcc/arm-none-eabi/12.2.0/../../../../arm-none-eabi/lib/libc_nano.a(libc_a-mallocr.o)
 .debug_info    0x08010200      0x795 /opt/gcc-arm-none-eabi/bin/../lib/gcc/arm-none-eabi/12.2.0/../../../../arm-none-eabi/lib/libc_nano.a(libc_a-lseekr.o)
 .debug_abbrev  0x08010995      0x1c4 /opt/gcc-arm-none-eabi/bin/../lib/gcc/arm-none-eabi/12.2.0/../../../../arm-none-eabi/lib/libc_nano.a(libc_a-lseekr.o)
 .debug_loclists
                0x08010b59       0x88 /opt/gcc-arm-none-eabi/bin/../lib/gcc/arm-none-eabi/12.2.0/../../../../arm-none-eabi/lib/libc_nano.a(libc_a-lseekr.o)
 .debug_aranges
                0x08010be1       0x20 /opt/gcc-arm-none-eabi/bin/../lib/gcc/arm-none-eabi/12.2.0/../../../../arm-none-eabi/lib/libc_nano.a(libc_a-lseekr.o)
 .debug_rnglists
                0x08010c01       0x13 /opt/gcc-arm-none-eabi/bin/../lib/gcc/arm-none-eabi/12.2.0/../../../../arm-none-eabi/lib/libc_nano.a(libc_a-lseekr.o)
 .debug_line    0x08010c14      0x233 /opt/gcc-arm-none-eabi/bin/../lib/gcc/arm-none-eabi/12.2.0/../../../../arm-none-eabi/lib/libc_nano.a(libc_a-lseekr.o)
 .debug_str     0x08010e47       0x62 /opt/gcc-arm-none-eabi/bin/../lib/gcc/arm-none-eabi/12.2.0/../../../../arm-none-eabi/lib/libc_nano.a(libc_a-lseekr.o)
                                0x513 (size before relaxing)
 *fill*         0x08010ea9        0x3 
 .debug_frame   0x08010eac       0x34 /opt/gcc-arm-none-eabi/bin/../lib/gcc/arm-none-eabi/12.2.0/../../../../arm-none-eabi/lib/libc_nano.a(libc_a-lseekr.o)
 .debug_info    0x08010ee0      0x7ac /opt/gcc-arm-none-eabi/bin/../lib/gcc/arm-none-eabi/12.2.0/../../../../arm-none-eabi/lib/libc_nano.a(libc_a-readr.o)
 .debug_abbrev  0x0801168c      0x1b0 /opt/gcc-arm-none-eabi/bin/../lib/gcc/arm-none-eabi/12.2.0/../../../../arm-none-eabi/lib/libc_nano.a(libc_a-readr.o)
 .debug_loclists
                0x0801183c       0x88 /opt/gcc-arm-none-eabi/bin/../lib/gcc/arm-none-eabi/12.2.0/../../../../arm-none-eabi/lib/libc_nano.a(libc_a-readr.o)
 .debug_aranges
                0x080118c4       0x20 /opt/gcc-arm-none-eabi/bin/../lib/gcc/arm-none-eabi/12.2.0/../../../../arm-none-eabi/lib/libc_nano.a(libc_a-readr.o)
 .debug_rnglists
                0x080118e4       0x13 /opt/gcc-arm-none-eabi/bin/../lib/gcc/arm-none-eabi/12.2.0/../../../../arm-none-eabi/lib/libc_nano.a(libc_a-readr.o)
 .debug_line    0x080118f7      0x232 /opt/gcc-arm-none-eabi/bin/../lib/gcc/arm-none-eabi/12.2.0/../../../../arm-none-eabi/lib/libc_nano.a(libc_a-readr.o)
 .debug_str     0x08011b29       0x61 /opt/gcc-arm-none-eabi/bin/../lib/gcc/arm-none-eabi/12.2.0/../../../../arm-none-eabi/lib/libc_nano.a(libc_a-readr.o)
                                0x513 (size before relaxing)
 *fill*         0x08011b8a        0x2 
 .debug_frame   0x08011b8c       0x34 /opt/gcc-arm-none-eabi/bin/../lib/gcc/arm-none-eabi/12.2.0/../../../../arm-none-eabi/lib/libc_nano.a(libc_a-readr.o)
 .debug_info    0x08011bc0      0x76a /opt/gcc-arm-none-eabi/bin/../lib/gcc/arm-none-eabi/12.2.0/../../../../arm-none-eabi/lib/libc_nano.a(libc_a-mlock.o)
 .debug_abbrev  0x0801232a      0x1bc /opt/gcc-arm-none-eabi/bin/../lib/gcc/arm-none-eabi/12.2.0/../../../../arm-none-eabi/lib/libc_nano.a(libc_a-mlock.o)
 .debug_loclists
                0x080124e6       0x3a /opt/gcc-arm-none-eabi/bin/../lib/gcc/arm-none-eabi/12.2.0/../../../../arm-none-eabi/lib/libc_nano.a(libc_a-mlock.o)
 .debug_aranges
                0x08012520       0x28 /opt/gcc-arm-none-eabi/bin/../lib/gcc/arm-none-eabi/12.2.0/../../../../arm-none-eabi/lib/libc_nano.a(libc_a-mlock.o)
 .debug_rnglists
                0x08012548       0x19 /opt/gcc-arm-none-eabi/bin/../lib/gcc/arm-none-eabi/12.2.0/../../../../arm-none-eabi/lib/libc_nano.a(libc_a-mlock.o)
 .debug_line    0x08012561      0x211 /opt/gcc-arm-none-eabi/bin/../lib/gcc/arm-none-eabi/12.2.0/../../../../arm-none-eabi/lib/libc_nano.a(libc_a-mlock.o)
 .debug_str     0x08012772       0x62 /opt/gcc-arm-none-eabi/bin/../lib/gcc/arm-none-eabi/12.2.0/../../../../arm-none-eabi/lib/libc_nano.a(libc_a-mlock.o)
                                0x591 (size before relaxing)
 .debug_frame   0x080127d4       0x48 /opt/gcc-arm-none-eabi/bin/../lib/gcc/arm-none-eabi/12.2.0/../../../../arm-none-eabi/lib/libc_nano.a(libc_a-mlock.o)
 .debug_info    0x0801281c      0x77b /opt/gcc-arm-none-eabi/bin/../lib/gcc/arm-none-eabi/12.2.0/../../../../arm-none-eabi/lib/libc_nano.a(libc_a-sbrkr.o)
 .debug_abbrev  0x08012f97      0x1da /opt/gcc-arm-none-eabi/bin/../lib/gcc/arm-none-eabi/12.2.0/../../../../arm-none-eabi/lib/libc_nano.a(libc_a-sbrkr.o)
 .debug_loclists
                0x08013171       0x4c /opt/gcc-arm-none-eabi/bin/../lib/gcc/arm-none-eabi/12.2.0/../../../../arm-none-eabi/lib/libc_nano.a(libc_a-sbrkr.o)
 .debug_aranges
                0x080131bd       0x20 /opt/gcc-arm-none-eabi/bin/../lib/gcc/arm-none-eabi/12.2.0/../../../../arm-none-eabi/lib/libc_nano.a(libc_a-sbrkr.o)
 .debug_rnglists
                0x080131dd       0x13 /opt/gcc-arm-none-eabi/bin/../lib/gcc/arm-none-eabi/12.2.0/../../../../arm-none-eabi/lib/libc_nano.a(libc_a-sbrkr.o)
 .debug_line    0x080131f0      0x23c /opt/gcc-arm-none-eabi/bin/../lib/gcc/arm-none-eabi/12.2.0/../../../../arm-none-eabi/lib/libc_nano.a(libc_a-sbrkr.o)
 .debug_str     0x0801342c       0x61 /opt/gcc-arm-none-eabi/bin/../lib/gcc/arm-none-eabi/12.2.0/../../../../arm-none-eabi/lib/libc_nano.a(libc_a-sbrkr.o)
                                0x518 (size before relaxing)
 *fill*         0x0801348d        0x3 
 .debug_frame   0x08013490       0x34 /opt/gcc-arm-none-eabi/bin/../lib/gcc/arm-none-eabi/12.2.0/../../../../arm-none-eabi/lib/libc_nano.a(libc_a-sbrkr.o)
 .debug_info    0x080134c4      0x84b /opt/gcc-arm-none-eabi/bin/../lib/gcc/arm-none-eabi/12.2.0/../../../../arm-none-eabi/lib/libc_nano.a(libc_a-freer.o)
 .debug_abbrev  0x08013d0f      0x238 /opt/gcc-arm-none-eabi/bin/../lib/gcc/arm-none-eabi/12.2.0/../../../../arm-none-eabi/lib/libc_nano.a(libc_a-freer.o)
 .debug_loclists
                0x08013f47       0xaf /opt/gcc-arm-none-eabi/bin/../lib/gcc/arm-none-eabi/12.2.0/../../../../arm-none-eabi/lib/libc_nano.a(libc_a-freer.o)
 .debug_aranges
                0x08013ff6       0x20 /opt/gcc-arm-none-eabi/bin/../lib/gcc/arm-none-eabi/12.2.0/../../../../arm-none-eabi/lib/libc_nano.a(libc_a-freer.o)
 .debug_rnglists
                0x08014016       0x23 /opt/gcc-arm-none-eabi/bin/../lib/gcc/arm-none-eabi/12.2.0/../../../../arm-none-eabi/lib/libc_nano.a(libc_a-freer.o)
 .debug_line    0x08014039      0x318 /opt/gcc-arm-none-eabi/bin/../lib/gcc/arm-none-eabi/12.2.0/../../../../arm-none-eabi/lib/libc_nano.a(libc_a-freer.o)
 .debug_str     0x08014351       0x86 /opt/gcc-arm-none-eabi/bin/../lib/gcc/arm-none-eabi/12.2.0/../../../../arm-none-eabi/lib/libc_nano.a(libc_a-freer.o)
                                0x58f (size before relaxing)
 *fill*         0x080143d7        0x1 
 .debug_frame   0x080143d8       0x38 /opt/gcc-arm-none-eabi/bin/../lib/gcc/arm-none-eabi/12.2.0/../../../../arm-none-eabi/lib/libc_nano.a(libc_a-freer.o)
                0x08014410                        . = ALIGN (0x4)

.comment        0x00000000       0x4c
 .comment       0x00000000       0x4c /opt/gcc-arm-none-eabi/bin/../lib/gcc/arm-none-eabi/12.2.0/crtbegin.o
                                 0x4d (size before relaxing)
 .comment       0x0000004c       0x4d src/obj/main.o
 .comment       0x0000004c       0x4d src/obj/syscalls.o
 .comment       0x0000004c       0x4d src/obj/startup_STM32F401RE.o
 .comment       0x0000004c       0x4d /opt/gcc-arm-none-eabi/bin/../lib/gcc/arm-none-eabi/12.2.0/../../../../arm-none-eabi/lib/libc_nano.a(libc_a-exit.o)
 .comment       0x0000004c       0x4d /opt/gcc-arm-none-eabi/bin/../lib/gcc/arm-none-eabi/12.2.0/../../../../arm-none-eabi/lib/libc_nano.a(libc_a-init.o)
 .comment       0x0000004c       0x4d /opt/gcc-arm-none-eabi/bin/../lib/gcc/arm-none-eabi/12.2.0/../../../../arm-none-eabi/lib/libc_nano.a(libc_a-findfp.o)
 .comment       0x0000004c       0x4d /opt/gcc-arm-none-eabi/bin/../lib/gcc/arm-none-eabi/12.2.0/../../../../arm-none-eabi/lib/libc_nano.a(libc_a-stdio.o)
 .comment       0x0000004c       0x4d /opt/gcc-arm-none-eabi/bin/../lib/gcc/arm-none-eabi/12.2.0/../../../../arm-none-eabi/lib/libc_nano.a(libc_a-writer.o)
 .comment       0x0000004c       0x4d /opt/gcc-arm-none-eabi/bin/../lib/gcc/arm-none-eabi/12.2.0/../../../../arm-none-eabi/lib/libc_nano.a(libc_a-errno.o)
 .comment       0x0000004c       0x4d /opt/gcc-arm-none-eabi/bin/../lib/gcc/arm-none-eabi/12.2.0/../../../../arm-none-eabi/lib/libc_nano.a(libc_a-fwalk.o)
 .comment       0x0000004c       0x4d /opt/gcc-arm-none-eabi/bin/../lib/gcc/arm-none-eabi/12.2.0/../../../../arm-none-eabi/lib/libc_nano.a(libc_a-memset.o)
 .comment       0x0000004c       0x4d /opt/gcc-arm-none-eabi/bin/../lib/gcc/arm-none-eabi/12.2.0/../../../../arm-none-eabi/lib/libc_nano.a(libc_a-lock.o)
 .comment       0x0000004c       0x4d /opt/gcc-arm-none-eabi/bin/../lib/gcc/arm-none-eabi/12.2.0/../../../../arm-none-eabi/lib/libc_nano.a(libc_a-closer.o)
 .comment       0x0000004c       0x4d /opt/gcc-arm-none-eabi/bin/../lib/gcc/arm-none-eabi/12.2.0/../../../../arm-none-eabi/lib/libc_nano.a(libc_a-reent.o)
 .comment       0x0000004c       0x4d /opt/gcc-arm-none-eabi/bin/../lib/gcc/arm-none-eabi/12.2.0/../../../../arm-none-eabi/lib/libc_nano.a(libc_a-impure.o)
 .comment       0x0000004c       0x4d /opt/gcc-arm-none-eabi/bin/../lib/gcc/arm-none-eabi/12.2.0/../../../../arm-none-eabi/lib/libc_nano.a(libc_a-fflush.o)
 .comment       0x0000004c       0x4d /opt/gcc-arm-none-eabi/bin/../lib/gcc/arm-none-eabi/12.2.0/../../../../arm-none-eabi/lib/libc_nano.a(libc_a-mallocr.o)
 .comment       0x0000004c       0x4d /opt/gcc-arm-none-eabi/bin/../lib/gcc/arm-none-eabi/12.2.0/../../../../arm-none-eabi/lib/libc_nano.a(libc_a-lseekr.o)
 .comment       0x0000004c       0x4d /opt/gcc-arm-none-eabi/bin/../lib/gcc/arm-none-eabi/12.2.0/../../../../arm-none-eabi/lib/libc_nano.a(libc_a-readr.o)
 .comment       0x0000004c       0x4d /opt/gcc-arm-none-eabi/bin/../lib/gcc/arm-none-eabi/12.2.0/../../../../arm-none-eabi/lib/libc_nano.a(libc_a-mlock.o)
 .comment       0x0000004c       0x4d /opt/gcc-arm-none-eabi/bin/../lib/gcc/arm-none-eabi/12.2.0/../../../../arm-none-eabi/lib/libc_nano.a(libc_a-sbrkr.o)
 .comment       0x0000004c       0x4d /opt/gcc-arm-none-eabi/bin/../lib/gcc/arm-none-eabi/12.2.0/../../../../arm-none-eabi/lib/libc_nano.a(libc_a-freer.o)
 .comment       0x0000004c       0x4d /opt/gcc-arm-none-eabi/bin/../lib/gcc/arm-none-eabi/12.2.0/crtend.o
                0x0000009c                        . = ALIGN (0x4)
                0x08001aec                        _sidata = LOADADDR (.data)

.data           0x20000000       0x6c load address 0x08001aec
                0x20000000                        . = ALIGN (0x4)
                0x20000000                        _sdata = .
 *(.data)
 .data          0x20000000        0x0 /opt/gcc-arm-none-eabi/bin/../lib/gcc/arm-none-eabi/12.2.0/crti.o
 .data          0x20000000        0x0 /opt/gcc-arm-none-eabi/bin/../lib/gcc/arm-none-eabi/12.2.0/crtbegin.o
 .data          0x20000000        0x0 /opt/gcc-arm-none-eabi/bin/../lib/gcc/arm-none-eabi/12.2.0/../../../../arm-none-eabi/lib/crt0.o
 .data          0x20000000        0x0 src/obj/main.o
 .data          0x20000000        0x4 src/obj/syscalls.o
                0x20000000                environ
 .data          0x20000004        0x0 src/obj/startup_STM32F401RE.o
 .data          0x20000004        0x0 /opt/gcc-arm-none-eabi/bin/../lib/gcc/arm-none-eabi/12.2.0/../../../../arm-none-eabi/lib/libc_nano.a(libc_a-exit.o)
 .data          0x20000004        0x0 /opt/gcc-arm-none-eabi/bin/../lib/gcc/arm-none-eabi/12.2.0/../../../../arm-none-eabi/lib/libc_nano.a(libc_a-init.o)
 .data          0x20000004        0x0 /opt/gcc-arm-none-eabi/bin/../lib/gcc/arm-none-eabi/12.2.0/../../../../arm-none-eabi/lib/libc_nano.a(libc_a-findfp.o)
 .data          0x20000004        0x0 /opt/gcc-arm-none-eabi/bin/../lib/gcc/arm-none-eabi/12.2.0/../../../../arm-none-eabi/lib/libc_nano.a(libc_a-stdio.o)
 .data          0x20000004        0x0 /opt/gcc-arm-none-eabi/bin/../lib/gcc/arm-none-eabi/12.2.0/../../../../arm-none-eabi/lib/libc_nano.a(libc_a-writer.o)
 .data          0x20000004        0x0 /opt/gcc-arm-none-eabi/bin/../lib/gcc/arm-none-eabi/12.2.0/../../../../arm-none-eabi/lib/libc_nano.a(libc_a-errno.o)
 .data          0x20000004        0x0 /opt/gcc-arm-none-eabi/bin/../lib/gcc/arm-none-eabi/12.2.0/../../../../arm-none-eabi/lib/libc_nano.a(libc_a-fwalk.o)
 .data          0x20000004        0x0 /opt/gcc-arm-none-eabi/bin/../lib/gcc/arm-none-eabi/12.2.0/../../../../arm-none-eabi/lib/libc_nano.a(libc_a-memset.o)
 .data          0x20000004        0x0 /opt/gcc-arm-none-eabi/bin/../lib/gcc/arm-none-eabi/12.2.0/../../../../arm-none-eabi/lib/libc_nano.a(libc_a-lock.o)
 .data          0x20000004        0x0 /opt/gcc-arm-none-eabi/bin/../lib/gcc/arm-none-eabi/12.2.0/../../../../arm-none-eabi/lib/libc_nano.a(libc_a-closer.o)
 .data          0x20000004        0x0 /opt/gcc-arm-none-eabi/bin/../lib/gcc/arm-none-eabi/12.2.0/../../../../arm-none-eabi/lib/libc_nano.a(libc_a-reent.o)
 .data          0x20000004        0x0 /opt/gcc-arm-none-eabi/bin/../lib/gcc/arm-none-eabi/12.2.0/../../../../arm-none-eabi/lib/libc_nano.a(libc_a-impure.o)
 .data          0x20000004        0x0 /opt/gcc-arm-none-eabi/bin/../lib/gcc/arm-none-eabi/12.2.0/../../../../arm-none-eabi/lib/libc_nano.a(libc_a-fflush.o)
 .data          0x20000004        0x0 /opt/gcc-arm-none-eabi/bin/../lib/gcc/arm-none-eabi/12.2.0/../../../../arm-none-eabi/lib/libc_nano.a(libc_a-mallocr.o)
 .data          0x20000004        0x0 /opt/gcc-arm-none-eabi/bin/../lib/gcc/arm-none-eabi/12.2.0/../../../../arm-none-eabi/lib/libc_nano.a(libc_a-lseekr.o)
 .data          0x20000004        0x0 /opt/gcc-arm-none-eabi/bin/../lib/gcc/arm-none-eabi/12.2.0/../../../../arm-none-eabi/lib/libc_nano.a(libc_a-readr.o)
 .data          0x20000004        0x0 /opt/gcc-arm-none-eabi/bin/../lib/gcc/arm-none-eabi/12.2.0/../../../../arm-none-eabi/lib/libc_nano.a(libc_a-mlock.o)
 .data          0x20000004        0x0 /opt/gcc-arm-none-eabi/bin/../lib/gcc/arm-none-eabi/12.2.0/../../../../arm-none-eabi/lib/libc_nano.a(libc_a-sbrkr.o)
 .data          0x20000004        0x0 /opt/gcc-arm-none-eabi/bin/../lib/gcc/arm-none-eabi/12.2.0/../../../../arm-none-eabi/lib/libc_nano.a(libc_a-freer.o)
 .data          0x20000004        0x0 /opt/gcc-arm-none-eabi/bin/../lib/gcc/arm-none-eabi/12.2.0/crtend.o
 .data          0x20000004        0x0 /opt/gcc-arm-none-eabi/bin/../lib/gcc/arm-none-eabi/12.2.0/crtn.o
 *(.data.*)
 .data.__dso_handle
                0x20000004        0x4 /opt/gcc-arm-none-eabi/bin/../lib/gcc/arm-none-eabi/12.2.0/crtbegin.o
                0x20000004                __dso_handle
 .data.__sglue  0x20000008        0xc /opt/gcc-arm-none-eabi/bin/../lib/gcc/arm-none-eabi/12.2.0/../../../../arm-none-eabi/lib/libc_nano.a(libc_a-findfp.o)
                0x20000008                __sglue
 .data._impure_ptr
                0x20000014        0x4 /opt/gcc-arm-none-eabi/bin/../lib/gcc/arm-none-eabi/12.2.0/../../../../arm-none-eabi/lib/libc_nano.a(libc_a-impure.o)
                0x20000014                _impure_ptr
 .data._impure_data
                0x20000018       0x4c /opt/gcc-arm-none-eabi/bin/../lib/gcc/arm-none-eabi/12.2.0/../../../../arm-none-eabi/lib/libc_nano.a(libc_a-impure.o)
                0x20000018                _impure_data
 *(.init_array)
 .init_array    0x20000064        0x4 /opt/gcc-arm-none-eabi/bin/../lib/gcc/arm-none-eabi/12.2.0/crtbegin.o
 *(.fini_array)
 .fini_array    0x20000068        0x4 /opt/gcc-arm-none-eabi/bin/../lib/gcc/arm-none-eabi/12.2.0/crtbegin.o
                0x2000006c                        . = ALIGN (0x4)
                0x2000006c                        _edata = .

.tm_clone_table
                0x2000006c        0x0 load address 0x08001b58
 .tm_clone_table
                0x2000006c        0x0 /opt/gcc-arm-none-eabi/bin/../lib/gcc/arm-none-eabi/12.2.0/crtbegin.o
 .tm_clone_table
                0x2000006c        0x0 /opt/gcc-arm-none-eabi/bin/../lib/gcc/arm-none-eabi/12.2.0/crtend.o

.igot.plt       0x2000006c        0x0 load address 0x08001b58
 .igot.plt      0x2000006c        0x0 /opt/gcc-arm-none-eabi/bin/../lib/gcc/arm-none-eabi/12.2.0/crtbegin.o

.bss            0x2000006c      0x174 load address 0x08001b58
                0x2000006c                        . = ALIGN (0x4)
                0x2000006c                        _sbss = .
                0x2000006c                        __bss_start__ = _sbss
 *(.bss)
 .bss           0x2000006c        0x0 /opt/gcc-arm-none-eabi/bin/../lib/gcc/arm-none-eabi/12.2.0/crti.o
 .bss           0x2000006c        0x0 /opt/gcc-arm-none-eabi/bin/../lib/gcc/arm-none-eabi/12.2.0/crtbegin.o
 .bss           0x2000006c        0x0 /opt/gcc-arm-none-eabi/bin/../lib/gcc/arm-none-eabi/12.2.0/../../../../arm-none-eabi/lib/crt0.o
 .bss           0x2000006c        0x0 src/obj/main.o
 .bss           0x2000006c        0x8 src/obj/syscalls.o
                0x2000006c                __env
 .bss           0x20000074        0x0 src/obj/startup_STM32F401RE.o
 .bss           0x20000074        0x0 /opt/gcc-arm-none-eabi/bin/../lib/gcc/arm-none-eabi/12.2.0/../../../../arm-none-eabi/lib/libc_nano.a(libc_a-exit.o)
 .bss           0x20000074        0x0 /opt/gcc-arm-none-eabi/bin/../lib/gcc/arm-none-eabi/12.2.0/../../../../arm-none-eabi/lib/libc_nano.a(libc_a-init.o)
 .bss           0x20000074        0x0 /opt/gcc-arm-none-eabi/bin/../lib/gcc/arm-none-eabi/12.2.0/../../../../arm-none-eabi/lib/libc_nano.a(libc_a-findfp.o)
 .bss           0x20000074        0x0 /opt/gcc-arm-none-eabi/bin/../lib/gcc/arm-none-eabi/12.2.0/../../../../arm-none-eabi/lib/libc_nano.a(libc_a-stdio.o)
 .bss           0x20000074        0x0 /opt/gcc-arm-none-eabi/bin/../lib/gcc/arm-none-eabi/12.2.0/../../../../arm-none-eabi/lib/libc_nano.a(libc_a-writer.o)
 .bss           0x20000074        0x0 /opt/gcc-arm-none-eabi/bin/../lib/gcc/arm-none-eabi/12.2.0/../../../../arm-none-eabi/lib/libc_nano.a(libc_a-errno.o)
 .bss           0x20000074        0x0 /opt/gcc-arm-none-eabi/bin/../lib/gcc/arm-none-eabi/12.2.0/../../../../arm-none-eabi/lib/libc_nano.a(libc_a-fwalk.o)
 .bss           0x20000074        0x0 /opt/gcc-arm-none-eabi/bin/../lib/gcc/arm-none-eabi/12.2.0/../../../../arm-none-eabi/lib/libc_nano.a(libc_a-memset.o)
 .bss           0x20000074        0x0 /opt/gcc-arm-none-eabi/bin/../lib/gcc/arm-none-eabi/12.2.0/../../../../arm-none-eabi/lib/libc_nano.a(libc_a-lock.o)
 .bss           0x20000074        0x0 /opt/gcc-arm-none-eabi/bin/../lib/gcc/arm-none-eabi/12.2.0/../../../../arm-none-eabi/lib/libc_nano.a(libc_a-closer.o)
 .bss           0x20000074        0x0 /opt/gcc-arm-none-eabi/bin/../lib/gcc/arm-none-eabi/12.2.0/../../../../arm-none-eabi/lib/libc_nano.a(libc_a-reent.o)
 .bss           0x20000074        0x0 /opt/gcc-arm-none-eabi/bin/../lib/gcc/arm-none-eabi/12.2.0/../../../../arm-none-eabi/lib/libc_nano.a(libc_a-impure.o)
 .bss           0x20000074        0x0 /opt/gcc-arm-none-eabi/bin/../lib/gcc/arm-none-eabi/12.2.0/../../../../arm-none-eabi/lib/libc_nano.a(libc_a-fflush.o)
 .bss           0x20000074        0x0 /opt/gcc-arm-none-eabi/bin/../lib/gcc/arm-none-eabi/12.2.0/../../../../arm-none-eabi/lib/libc_nano.a(libc_a-mallocr.o)
 .bss           0x20000074        0x0 /opt/gcc-arm-none-eabi/bin/../lib/gcc/arm-none-eabi/12.2.0/../../../../arm-none-eabi/lib/libc_nano.a(libc_a-lseekr.o)
 .bss           0x20000074        0x0 /opt/gcc-arm-none-eabi/bin/../lib/gcc/arm-none-eabi/12.2.0/../../../../arm-none-eabi/lib/libc_nano.a(libc_a-readr.o)
 .bss           0x20000074        0x0 /opt/gcc-arm-none-eabi/bin/../lib/gcc/arm-none-eabi/12.2.0/../../../../arm-none-eabi/lib/libc_nano.a(libc_a-mlock.o)
 .bss           0x20000074        0x0 /opt/gcc-arm-none-eabi/bin/../lib/gcc/arm-none-eabi/12.2.0/../../../../arm-none-eabi/lib/libc_nano.a(libc_a-sbrkr.o)
 .bss           0x20000074        0x0 /opt/gcc-arm-none-eabi/bin/../lib/gcc/arm-none-eabi/12.2.0/../../../../arm-none-eabi/lib/libc_nano.a(libc_a-freer.o)
 .bss           0x20000074        0x0 /opt/gcc-arm-none-eabi/bin/../lib/gcc/arm-none-eabi/12.2.0/crtend.o
 .bss           0x20000074        0x0 /opt/gcc-arm-none-eabi/bin/../lib/gcc/arm-none-eabi/12.2.0/crtn.o
 *(.bss.*)
 .bss.completed.1
                0x20000074        0x1 /opt/gcc-arm-none-eabi/bin/../lib/gcc/arm-none-eabi/12.2.0/crtbegin.o
 *fill*         0x20000075        0x3 
 .bss.object.0  0x20000078       0x18 /opt/gcc-arm-none-eabi/bin/../lib/gcc/arm-none-eabi/12.2.0/crtbegin.o
 .bss.__sf      0x20000090      0x138 /opt/gcc-arm-none-eabi/bin/../lib/gcc/arm-none-eabi/12.2.0/../../../../arm-none-eabi/lib/libc_nano.a(libc_a-findfp.o)
                0x20000090                __sf
 .bss.__stdio_exit_handler
                0x200001c8        0x4 /opt/gcc-arm-none-eabi/bin/../lib/gcc/arm-none-eabi/12.2.0/../../../../arm-none-eabi/lib/libc_nano.a(libc_a-findfp.o)
                0x200001c8                __stdio_exit_handler
 .bss.__lock___arc4random_mutex
                0x200001cc        0x1 /opt/gcc-arm-none-eabi/bin/../lib/gcc/arm-none-eabi/12.2.0/../../../../arm-none-eabi/lib/libc_nano.a(libc_a-lock.o)
                0x200001cc                __lock___arc4random_mutex
 .bss.__lock___dd_hash_mutex
                0x200001cd        0x1 /opt/gcc-arm-none-eabi/bin/../lib/gcc/arm-none-eabi/12.2.0/../../../../arm-none-eabi/lib/libc_nano.a(libc_a-lock.o)
                0x200001cd                __lock___dd_hash_mutex
 .bss.__lock___tz_mutex
                0x200001ce        0x1 /opt/gcc-arm-none-eabi/bin/../lib/gcc/arm-none-eabi/12.2.0/../../../../arm-none-eabi/lib/libc_nano.a(libc_a-lock.o)
                0x200001ce                __lock___tz_mutex
 .bss.__lock___env_recursive_mutex
                0x200001cf        0x1 /opt/gcc-arm-none-eabi/bin/../lib/gcc/arm-none-eabi/12.2.0/../../../../arm-none-eabi/lib/libc_nano.a(libc_a-lock.o)
                0x200001cf                __lock___env_recursive_mutex
 .bss.__lock___malloc_recursive_mutex
                0x200001d0        0x1 /opt/gcc-arm-none-eabi/bin/../lib/gcc/arm-none-eabi/12.2.0/../../../../arm-none-eabi/lib/libc_nano.a(libc_a-lock.o)
                0x200001d0                __lock___malloc_recursive_mutex
 .bss.__lock___at_quick_exit_mutex
                0x200001d1        0x1 /opt/gcc-arm-none-eabi/bin/../lib/gcc/arm-none-eabi/12.2.0/../../../../arm-none-eabi/lib/libc_nano.a(libc_a-lock.o)
                0x200001d1                __lock___at_quick_exit_mutex
 .bss.__lock___atexit_recursive_mutex
                0x200001d2        0x1 /opt/gcc-arm-none-eabi/bin/../lib/gcc/arm-none-eabi/12.2.0/../../../../arm-none-eabi/lib/libc_nano.a(libc_a-lock.o)
                0x200001d2                __lock___atexit_recursive_mutex
 .bss.__lock___sfp_recursive_mutex
                0x200001d3        0x1 /opt/gcc-arm-none-eabi/bin/../lib/gcc/arm-none-eabi/12.2.0/../../../../arm-none-eabi/lib/libc_nano.a(libc_a-lock.o)
                0x200001d3                __lock___sfp_recursive_mutex
 .bss.errno     0x200001d4        0x4 /opt/gcc-arm-none-eabi/bin/../lib/gcc/arm-none-eabi/12.2.0/../../../../arm-none-eabi/lib/libc_nano.a(libc_a-reent.o)
                0x200001d4                errno
 .bss.__malloc_sbrk_start
                0x200001d8        0x4 /opt/gcc-arm-none-eabi/bin/../lib/gcc/arm-none-eabi/12.2.0/../../../../arm-none-eabi/lib/libc_nano.a(libc_a-mallocr.o)
                0x200001d8                __malloc_sbrk_start
 .bss.__malloc_free_list
                0x200001dc        0x4 /opt/gcc-arm-none-eabi/bin/../lib/gcc/arm-none-eabi/12.2.0/../../../../arm-none-eabi/lib/libc_nano.a(libc_a-mallocr.o)
                0x200001dc                __malloc_free_list
 *(COMMON)
                0x200001e0                        . = ALIGN (0x4)
                0x200001e0                        _ebss = .
                0x200001e0                        __bss_end__ = _ebss
                0x200001e0                        . = ALIGN (0x4)
                0x200001e0                        end = .
OUTPUT(debug/main.elf elf32-littlearm)
LOAD linker stubs
