
Memory Configuration

Name             Origin             Length             Attributes
SRAM             0x20000000         0x00018000         xrw
FLASH            0x08000000         0x00080000         xr
*default*        0x00000000         0xffffffff

Linker script and memory map

LOAD src/obj/main.o
LOAD src/obj/startup_STM32F401RE.o
                0x20018000                        _estack = (ORIGIN (SRAM) + LENGTH (SRAM))

.isr_vector     0x08000000      0x194
                0x08000000                        . = ALIGN (0x4)
 *(.isr_vector)
 .isr_vector    0x08000000      0x194 src/obj/startup_STM32F401RE.o
                0x08000000                fpn_vector
                0x08000194                        . = ALIGN (0x4)

.text           0x08000194      0x114
                0x08000194                        . = ALIGN (0x4)
 *(.text)
 .text          0x08000194       0x84 src/obj/main.o
                0x08000194                wait_ms
                0x080001d0                main
 .text          0x08000218       0x7c src/obj/startup_STM32F401RE.o
                0x08000218                Reset_handler
                0x0800028c                UART2_handler
                0x0800028c                EXTI15_10_handler
                0x0800028c                DMA1_Stream7_handler
                0x0800028c                UART1_handler
                0x0800028c                TIM1_UP_TIM10_handler
                0x0800028c                EXTI0_handler
                0x0800028c                DMA1_Stream1_handler
                0x0800028c                SDIO_handler
                0x0800028c                NMI_handler
                0x0800028c                DMA2_Stream3_handler
                0x0800028c                TIM2_handler
                0x0800028c                SPI3_handler
                0x0800028c                TIM3_handler
                0x0800028c                WWDG_handler
                0x0800028c                UART6_handler
                0x0800028c                SPI2_handler
                0x0800028c                UsuageFault_handler
                0x0800028c                SVCall_handler
                0x0800028c                DMA2_Stream6_handler
                0x0800028c                DebugMonitor_handler
                0x0800028c                I2C3_ER_handler
                0x0800028c                DMA1_Stream3_handler
                0x0800028c                MemManage_handler
                0x0800028c                SPI4_handler
                0x0800028c                HardFault_handler
                0x0800028c                DMA1_Stream5_handler
                0x0800028c                FPU_handler
                0x0800028c                DMA2_Stream5_handler
                0x0800028c                EXITI21_TAMP_STAMP_handler
                0x0800028c                EXTI18_OTG_FS_WKUP_handler
                0x0800028c                RCC_handler
                0x0800028c                Systick_handler
                0x0800028c                EXTI2_handler
                0x0800028c                DMA2_Stream1_handler
                0x0800028c                I2C1_ER_handler
                0x0800028c                EXTI9_5__handler
                0x0800028c                EXTI17_RTC_Alarm_handler
                0x0800028c                I2C2_EV_handler
                0x0800028c                EXITI22_RTC_WKUP_handler
                0x0800028c                EXTI3_handler
                0x0800028c                DMA2_Stream0_handler
                0x0800028c                FLASH_handler
                0x0800028c                OTG_FS_handler
                0x0800028c                DMA1_Stream4_handler
                0x0800028c                I2C2_ER_handler
                0x0800028c                TIM1_BRK_TIM9_handler
                0x0800028c                TIM4_handler
                0x0800028c                DMA1_Stream2_handler
                0x0800028c                EXTI4_handler
                0x0800028c                DMA1_Stream6_handler
                0x0800028c                ADC_handler
                0x0800028c                I2C1_EV_handler
                0x0800028c                SPI1_handler
                0x0800028c                DMA2_Stream4_handler
                0x0800028c                PendSV_handler
                0x0800028c                DMA2_Stream7_handler
                0x0800028c                DMA1_Stream0_handler
                0x0800028c                DMA2_Stream2_handler
                0x0800028c                EXTI1_handler
                0x0800028c                TIM1_TRG_COM_TIM11_handler
                0x0800028c                TIM5_handler
                0x0800028c                EXITI16_PVD__handler
                0x0800028c                I2C3_EV_handler
                0x0800028c                BusFault_handler
                0x0800028c                TIM1_CC_handler
                0x0800028c                Default_handler
 *(.text.*)
 *(.rodata)
 .rodata        0x08000294       0x14 src/obj/main.o
                0x08000294                RCC
                0x08000298                GPIOA
                0x0800029c                TIM2
                0x080002a0                EXTI
                0x080002a4                NVIC
 *(.rodata.*)
                0x080002a8                        . = ALIGN (0x4)

.glue_7         0x080002a8        0x0
 .glue_7        0x080002a8        0x0 linker stubs

.glue_7t        0x080002a8        0x0
 .glue_7t       0x080002a8        0x0 linker stubs

.vfp11_veneer   0x080002a8        0x0
 .vfp11_veneer  0x080002a8        0x0 linker stubs

.v4_bx          0x080002a8        0x0
 .v4_bx         0x080002a8        0x0 linker stubs

.iplt           0x080002a8        0x0
 .iplt          0x080002a8        0x0 src/obj/main.o

.rel.dyn        0x080002a8        0x0
 .rel.iplt      0x080002a8        0x0 src/obj/main.o
                0x080002a8                        . = ALIGN (0x4)
                0x080002a8                        _sidata = LOADADDR (.data)

.data           0x20000000        0x0 load address 0x080002a8
                0x20000000                        . = ALIGN (0x4)
                0x20000000                        _sdata = .
 *(.data)
 .data          0x20000000        0x0 src/obj/main.o
 .data          0x20000000        0x0 src/obj/startup_STM32F401RE.o
 *(.data.*)
                0x20000000                        . = ALIGN (0x4)
                0x20000000                        _edata = .

.igot.plt       0x20000000        0x0 load address 0x080002a8
 .igot.plt      0x20000000        0x0 src/obj/main.o

.bss            0x20000000        0x0 load address 0x080002a8
                0x20000000                        . = ALIGN (0x4)
                0x20000000                        _sbss = .
 *(.bss)
 .bss           0x20000000        0x0 src/obj/main.o
 .bss           0x20000000        0x0 src/obj/startup_STM32F401RE.o
 *(.bss.*)
 *(COMMON)
                0x20000000                        . = ALIGN (0x4)
                0x20000000                        _ebss = .
OUTPUT(debug/main.elf elf32-littlearm)
LOAD linker stubs

.debug_info     0x00000000      0x71b
 .debug_info    0x00000000      0x591 src/obj/main.o
 .debug_info    0x00000591      0x18a src/obj/startup_STM32F401RE.o

.debug_abbrev   0x00000000      0x24f
 .debug_abbrev  0x00000000      0x144 src/obj/main.o
 .debug_abbrev  0x00000144      0x10b src/obj/startup_STM32F401RE.o

.debug_aranges  0x00000000       0x40
 .debug_aranges
                0x00000000       0x20 src/obj/main.o
 .debug_aranges
                0x00000020       0x20 src/obj/startup_STM32F401RE.o

.debug_line     0x00000000      0x26d
 .debug_line    0x00000000      0x136 src/obj/main.o
 .debug_line    0x00000136      0x137 src/obj/startup_STM32F401RE.o

.debug_str      0x00000000      0x45b
 .debug_str     0x00000000      0x3d3 src/obj/main.o
                                0x410 (size before relaxing)
 .debug_str     0x000003d3       0x88 src/obj/startup_STM32F401RE.o
                                0x1aa (size before relaxing)

.comment        0x00000000       0x4c
 .comment       0x00000000       0x4c src/obj/main.o
                                 0x4d (size before relaxing)
 .comment       0x0000004c       0x4d src/obj/startup_STM32F401RE.o

.ARM.attributes
                0x00000000       0x2e
 .ARM.attributes
                0x00000000       0x2e src/obj/main.o
 .ARM.attributes
                0x0000002e       0x2e src/obj/startup_STM32F401RE.o

.debug_frame    0x00000000       0xa0
 .debug_frame   0x00000000       0x54 src/obj/main.o
 .debug_frame   0x00000054       0x4c src/obj/startup_STM32F401RE.o
