Archive member included to satisfy reference by file (symbol)

/opt/gcc-arm-none-eabi/bin/../lib/gcc/arm-none-eabi/12.2.0/../../../../arm-none-eabi/lib/thumb/v7e-m/nofp/libg.a(libc_a-exit.o)
                              /opt/gcc-arm-none-eabi/bin/../lib/gcc/arm-none-eabi/12.2.0/../../../../arm-none-eabi/lib/thumb/v7e-m/nofp/rdimon-crt0.o (exit)
/opt/gcc-arm-none-eabi/bin/../lib/gcc/arm-none-eabi/12.2.0/../../../../arm-none-eabi/lib/thumb/v7e-m/nofp/libg.a(libc_a-__call_atexit.o)
                              /opt/gcc-arm-none-eabi/bin/../lib/gcc/arm-none-eabi/12.2.0/../../../../arm-none-eabi/lib/thumb/v7e-m/nofp/libg.a(libc_a-exit.o) (__call_exitprocs)
/opt/gcc-arm-none-eabi/bin/../lib/gcc/arm-none-eabi/12.2.0/../../../../arm-none-eabi/lib/thumb/v7e-m/nofp/libg.a(libc_a-memset.o)
                              /opt/gcc-arm-none-eabi/bin/../lib/gcc/arm-none-eabi/12.2.0/../../../../arm-none-eabi/lib/thumb/v7e-m/nofp/rdimon-crt0.o (memset)
/opt/gcc-arm-none-eabi/bin/../lib/gcc/arm-none-eabi/12.2.0/../../../../arm-none-eabi/lib/thumb/v7e-m/nofp/libg.a(libc_a-init.o)
                              /opt/gcc-arm-none-eabi/bin/../lib/gcc/arm-none-eabi/12.2.0/../../../../arm-none-eabi/lib/thumb/v7e-m/nofp/rdimon-crt0.o (__libc_init_array)
/opt/gcc-arm-none-eabi/bin/../lib/gcc/arm-none-eabi/12.2.0/../../../../arm-none-eabi/lib/thumb/v7e-m/nofp/libg.a(libc_a-fini.o)
                              /opt/gcc-arm-none-eabi/bin/../lib/gcc/arm-none-eabi/12.2.0/../../../../arm-none-eabi/lib/thumb/v7e-m/nofp/libg.a(libc_a-__call_atexit.o) (__libc_fini_array)
/opt/gcc-arm-none-eabi/bin/../lib/gcc/arm-none-eabi/12.2.0/../../../../arm-none-eabi/lib/thumb/v7e-m/nofp/libg.a(libc_a-lock.o)
                              /opt/gcc-arm-none-eabi/bin/../lib/gcc/arm-none-eabi/12.2.0/../../../../arm-none-eabi/lib/thumb/v7e-m/nofp/libg.a(libc_a-__call_atexit.o) (__retarget_lock_acquire_recursive)
/opt/gcc-arm-none-eabi/bin/../lib/gcc/arm-none-eabi/12.2.0/../../../../arm-none-eabi/lib/thumb/v7e-m/nofp/libg.a(libc_a-atexit.o)
                              /opt/gcc-arm-none-eabi/bin/../lib/gcc/arm-none-eabi/12.2.0/../../../../arm-none-eabi/lib/thumb/v7e-m/nofp/libg.a(libc_a-__call_atexit.o) (atexit)
/opt/gcc-arm-none-eabi/bin/../lib/gcc/arm-none-eabi/12.2.0/../../../../arm-none-eabi/lib/thumb/v7e-m/nofp/libg.a(libc_a-findfp.o)
                              /opt/gcc-arm-none-eabi/bin/../lib/gcc/arm-none-eabi/12.2.0/../../../../arm-none-eabi/lib/thumb/v7e-m/nofp/libg.a(libc_a-exit.o) (__stdio_exit_handler)
/opt/gcc-arm-none-eabi/bin/../lib/gcc/arm-none-eabi/12.2.0/../../../../arm-none-eabi/lib/thumb/v7e-m/nofp/libg.a(libc_a-stdio.o)
                              /opt/gcc-arm-none-eabi/bin/../lib/gcc/arm-none-eabi/12.2.0/../../../../arm-none-eabi/lib/thumb/v7e-m/nofp/libg.a(libc_a-findfp.o) (__sread)
/opt/gcc-arm-none-eabi/bin/../lib/gcc/arm-none-eabi/12.2.0/../../../../arm-none-eabi/lib/thumb/v7e-m/nofp/libg.a(libc_a-fwalk.o)
                              /opt/gcc-arm-none-eabi/bin/../lib/gcc/arm-none-eabi/12.2.0/../../../../arm-none-eabi/lib/thumb/v7e-m/nofp/libg.a(libc_a-findfp.o) (_fwalk_sglue)
/opt/gcc-arm-none-eabi/bin/../lib/gcc/arm-none-eabi/12.2.0/../../../../arm-none-eabi/lib/thumb/v7e-m/nofp/libg.a(libc_a-writer.o)
                              /opt/gcc-arm-none-eabi/bin/../lib/gcc/arm-none-eabi/12.2.0/../../../../arm-none-eabi/lib/thumb/v7e-m/nofp/libg.a(libc_a-stdio.o) (_write_r)
/opt/gcc-arm-none-eabi/bin/../lib/gcc/arm-none-eabi/12.2.0/../../../../arm-none-eabi/lib/thumb/v7e-m/nofp/libg.a(libc_a-__atexit.o)
                              /opt/gcc-arm-none-eabi/bin/../lib/gcc/arm-none-eabi/12.2.0/../../../../arm-none-eabi/lib/thumb/v7e-m/nofp/libg.a(libc_a-atexit.o) (__register_exitproc)
/opt/gcc-arm-none-eabi/bin/../lib/gcc/arm-none-eabi/12.2.0/../../../../arm-none-eabi/lib/thumb/v7e-m/nofp/libg.a(libc_a-mallocr.o)
                              /opt/gcc-arm-none-eabi/bin/../lib/gcc/arm-none-eabi/12.2.0/../../../../arm-none-eabi/lib/thumb/v7e-m/nofp/libg.a(libc_a-findfp.o) (_malloc_r)
/opt/gcc-arm-none-eabi/bin/../lib/gcc/arm-none-eabi/12.2.0/../../../../arm-none-eabi/lib/thumb/v7e-m/nofp/libg.a(libc_a-fclose.o)
                              /opt/gcc-arm-none-eabi/bin/../lib/gcc/arm-none-eabi/12.2.0/../../../../arm-none-eabi/lib/thumb/v7e-m/nofp/libg.a(libc_a-findfp.o) (_fclose_r)
/opt/gcc-arm-none-eabi/bin/../lib/gcc/arm-none-eabi/12.2.0/../../../../arm-none-eabi/lib/thumb/v7e-m/nofp/libg.a(libc_a-mlock.o)
                              /opt/gcc-arm-none-eabi/bin/../lib/gcc/arm-none-eabi/12.2.0/../../../../arm-none-eabi/lib/thumb/v7e-m/nofp/libg.a(libc_a-mallocr.o) (__malloc_lock)
/opt/gcc-arm-none-eabi/bin/../lib/gcc/arm-none-eabi/12.2.0/../../../../arm-none-eabi/lib/thumb/v7e-m/nofp/libg.a(libc_a-closer.o)
                              /opt/gcc-arm-none-eabi/bin/../lib/gcc/arm-none-eabi/12.2.0/../../../../arm-none-eabi/lib/thumb/v7e-m/nofp/libg.a(libc_a-stdio.o) (_close_r)
[...]
Memory Configuration

Name             Origin             Length             Attributes
SRAM             0x20000000         0x00018000         xrw
FLASH            0x08000000         0x00080000         xr
*default*        0x00000000         0xffffffff

Linker script and memory map

LOAD /opt/gcc-arm-none-eabi/bin/../lib/gcc/arm-none-eabi/12.2.0/thumb/v7e-m/nofp/crti.o
LOAD /opt/gcc-arm-none-eabi/bin/../lib/gcc/arm-none-eabi/12.2.0/thumb/v7e-m/nofp/crtbegin.o
LOAD /opt/gcc-arm-none-eabi/bin/../lib/gcc/arm-none-eabi/12.2.0/../../../../arm-none-eabi/lib/thumb/v7e-m/nofp/rdimon-crt0.o
LOAD src/obj/main.o
LOAD src/obj/startup_STM32F401RE.o
START GROUP
LOAD /opt/gcc-arm-none-eabi/bin/../lib/gcc/arm-none-eabi/12.2.0/thumb/v7e-m/nofp/libgcc.a
LOAD /opt/gcc-arm-none-eabi/bin/../lib/gcc/arm-none-eabi/12.2.0/../../../../arm-none-eabi/lib/thumb/v7e-m/nofp/libg.a
LOAD /opt/gcc-arm-none-eabi/bin/../lib/gcc/arm-none-eabi/12.2.0/../../../../arm-none-eabi/lib/thumb/v7e-m/nofp/libc.a
END GROUP
START GROUP
LOAD /opt/gcc-arm-none-eabi/bin/../lib/gcc/arm-none-eabi/12.2.0/thumb/v7e-m/nofp/libgcc.a
LOAD /opt/gcc-arm-none-eabi/bin/../lib/gcc/arm-none-eabi/12.2.0/../../../../arm-none-eabi/lib/thumb/v7e-m/nofp/libc.a
LOAD /opt/gcc-arm-none-eabi/bin/../lib/gcc/arm-none-eabi/12.2.0/../../../../arm-none-eabi/lib/thumb/v7e-m/nofp/librdimon.a
END GROUP
LOAD /opt/gcc-arm-none-eabi/bin/../lib/gcc/arm-none-eabi/12.2.0/thumb/v7e-m/nofp/crtend.o
LOAD /opt/gcc-arm-none-eabi/bin/../lib/gcc/arm-none-eabi/12.2.0/thumb/v7e-m/nofp/crtn.o
                0x20018000                        _estack = (ORIGIN (SRAM) + LENGTH (SRAM))

.isr_vector     0x08000000      0x194
                0x08000000                        . = ALIGN (0x4)
 *(.isr_vector)
 .isr_vector    0x08000000      0x194 src/obj/startup_STM32F401RE.o
                0x08000000                fpn_vector
                0x08000194                        . = ALIGN (0x4)

.text           0x080001c0     0x21c0
                0x080001c0                        . = ALIGN (0x4)
 *(.text)
 .text          0x080001c0        0x0 /opt/gcc-arm-none-eabi/bin/../lib/gcc/arm-none-eabi/12.2.0/thumb/v7e-m/nofp/crti.o
 .text          0x080001c0        0x0 /opt/gcc-arm-none-eabi/bin/../lib/gcc/arm-none-eabi/12.2.0/thumb/v7e-m/nofp/crtbegin.o
 .text          0x080001c0       0xf8 /opt/gcc-arm-none-eabi/bin/../lib/gcc/arm-none-eabi/12.2.0/../../../../arm-none-eabi/lib/thumb/v7e-m/nofp/rdimon-crt0.o
                0x080001c0                _stack_init
                0x080001cc                _mainCRTStartup
                0x080001cc                _start
 .text          0x080002b8      0x14c src/obj/main.o
                0x080002b8                wait_ms
                0x080002f4                TIM2_handler
                0x08000318                global_enable_IRQ_NVIC
                0x08000332                global_disable_IRQ_NVIC
                0x0800034c                _TIM2_IRQ_init
                0x080003c8                main
 .text          0x08000404       0x80 src/obj/startup_STM32F401RE.o
                0x08000404                Reset_handler
                0x0800047c                UART2_handler
                0x0800047c                EXTI15_10_handler
                0x0800047c                DMA1_Stream7_handler
                0x0800047c                UART1_handler
                0x0800047c                TIM1_UP_TIM10_handler
                0x0800047c                EXTI0_handler
                0x0800047c                DMA1_Stream1_handler
                0x0800047c                SDIO_handler
                0x0800047c                NMI_handler
                0x0800047c                DMA2_Stream3_handler
                0x0800047c                SPI3_handler
                0x0800047c                TIM3_handler
                0x0800047c                WWDG_handler
                0x0800047c                UART6_handler
                0x0800047c                SPI2_handler
                0x0800047c                UsuageFault_handler
                0x0800047c                SVCall_handler
                0x0800047c                DMA2_Stream6_handler
                0x0800047c                DebugMonitor_handler
                0x0800047c                I2C3_ER_handler
                0x0800047c                DMA1_Stream3_handler
                0x0800047c                MemManage_handler
                0x0800047c                SPI4_handler
                0x0800047c                HardFault_handler
                0x0800047c                DMA1_Stream5_handler
                0x0800047c                FPU_handler
                0x0800047c                DMA2_Stream5_handler
                0x0800047c                EXITI21_TAMP_STAMP_handler
                0x0800047c                EXTI18_OTG_FS_WKUP_handler
                0x0800047c                RCC_handler
                0x0800047c                Systick_handler
                0x0800047c                EXTI2_handler
                0x0800047c                DMA2_Stream1_handler
                0x0800047c                I2C1_ER_handler
                0x0800047c                EXTI9_5__handler
                0x0800047c                EXTI17_RTC_Alarm_handler
                0x0800047c                I2C2_EV_handler
                0x0800047c                EXITI22_RTC_WKUP_handler
                0x0800047c                EXTI3_handler
                0x0800047c                DMA2_Stream0_handler
                0x0800047c                FLASH_handler
                0x0800047c                OTG_FS_handler
                0x0800047c                DMA1_Stream4_handler
                0x0800047c                I2C2_ER_handler
                0x0800047c                TIM1_BRK_TIM9_handler
                0x0800047c                TIM4_handler
                0x0800047c                DMA1_Stream2_handler
                0x0800047c                EXTI4_handler
                0x0800047c                DMA1_Stream6_handler
                0x0800047c                ADC_handler
                0x0800047c                I2C1_EV_handler
                0x0800047c                SPI1_handler
                0x0800047c                DMA2_Stream4_handler
                0x0800047c                PendSV_handler
                0x0800047c                DMA2_Stream7_handler
                0x0800047c                DMA1_Stream0_handler
                0x0800047c                DMA2_Stream2_handler
                0x0800047c                EXTI1_handler
                0x0800047c                TIM1_TRG_COM_TIM11_handler
                0x0800047c                TIM5_handler
                0x0800047c                EXITI16_PVD__handler
                0x0800047c                I2C3_EV_handler
                0x0800047c                BusFault_handler
                0x0800047c                TIM1_CC_handler
                0x0800047c                Default_handler
 .text          0x08000484        0x0 /opt/gcc-arm-none-eabi/bin/../lib/gcc/arm-none-eabi/12.2.0/../../../../arm-none-eabi/lib/thumb/v7e-m/nofp/libg.a(libc_a-exit.o)
 .text          0x08000484        0x0 /opt/gcc-arm-none-eabi/bin/../lib/gcc/arm-none-eabi/12.2.0/../../../../arm-none-eabi/lib/thumb/v7e-m/nofp/libg.a(libc_a-__call_atexit.o)
 .text          0x08000484        0x0 /opt/gcc-arm-none-eabi/bin/../lib/gcc/arm-none-eabi/12.2.0/../../../../arm-none-eabi/lib/thumb/v7e-m/nofp/libg.a(libc_a-memset.o)
 .text          0x08000484        0x0 /opt/gcc-arm-none-eabi/bin/../lib/gcc/arm-none-eabi/12.2.0/../../../../arm-none-eabi/lib/thumb/v7e-m/nofp/libg.a(libc_a-init.o)
 .text          0x08000484        0x0 /opt/gcc-arm-none-eabi/bin/../lib/gcc/arm-none-eabi/12.2.0/../../../../arm-none-eabi/lib/thumb/v7e-m/nofp/libg.a(libc_a-fini.o)
 .text          0x08000484        0x0 /opt/gcc-arm-none-eabi/bin/../lib/gcc/arm-none-eabi/12.2.0/../../../../arm-none-eabi/lib/thumb/v7e-m/nofp/libg.a(libc_a-lock.o)
 .text          0x08000484        0x0 /opt/gcc-arm-none-eabi/bin/../lib/gcc/arm-none-eabi/12.2.0/../../../../arm-none-eabi/lib/thumb/v7e-m/nofp/libg.a(libc_a-atexit.o)
 .text          0x08000484        0x0 /opt/gcc-arm-none-eabi/bin/../lib/gcc/arm-none-eabi/12.2.0/../../../../arm-none-eabi/lib/thumb/v7e-m/nofp/libg.a(libc_a-findfp.o)
 .text          0x08000484        0x0 /opt/gcc-arm-none-eabi/bin/../lib/gcc/arm-none-eabi/12.2.0/../../../../arm-none-eabi/lib/thumb/v7e-m/nofp/libg.a(libc_a-stdio.o)
 .text          0x08000484        0x0 /opt/gcc-arm-none-eabi/bin/../lib/gcc/arm-none-eabi/12.2.0/../../../../arm-none-eabi/lib/thumb/v7e-m/nofp/libg.a(libc_a-fwalk.o)
 .text          0x08000484        0x0 /opt/gcc-arm-none-eabi/bin/../lib/gcc/arm-none-eabi/12.2.0/../../../../arm-none-eabi/lib/thumb/v7e-m/nofp/libg.a(libc_a-writer.o)
 .text          0x08000484        0x0 /opt/gcc-arm-none-eabi/bin/../lib/gcc/arm-none-eabi/12.2.0/../../../../arm-none-eabi/lib/thumb/v7e-m/nofp/libg.a(libc_a-__atexit.o)
 .text          0x08000484        0x0 /opt/gcc-arm-none-eabi/bin/../lib/gcc/arm-none-eabi/12.2.0/../../../../arm-none-eabi/lib/thumb/v7e-m/nofp/libg.a(libc_a-mallocr.o)
 .text          0x08000484        0x0 /opt/gcc-arm-none-eabi/bin/../lib/gcc/arm-none-eabi/12.2.0/../../../../arm-none-eabi/lib/thumb/v7e-m/nofp/libg.a(libc_a-fclose.o)
 .text          0x08000484        0x0 /opt/gcc-arm-none-eabi/bin/../lib/gcc/arm-none-eabi/12.2.0/../../../../arm-none-eabi/lib/thumb/v7e-m/nofp/libg.a(libc_a-mlock.o)
 .text          0x08000484        0x0 /opt/gcc-arm-none-eabi/bin/../lib/gcc/arm-none-eabi/12.2.0/../../../../arm-none-eabi/lib/thumb/v7e-m/nofp/libg.a(libc_a-closer.o)
 .text          0x08000484        0x0 /opt/gcc-arm-none-eabi/bin/../lib/gcc/arm-none-eabi/12.2.0/../../../../arm-none-eabi/lib/thumb/v7e-m/nofp/libg.a(libc_a-reent.o)
 .text          0x08000484        0x0 /opt/gcc-arm-none-eabi/bin/../lib/gcc/arm-none-eabi/12.2.0/../../../../arm-none-eabi/lib/thumb/v7e-m/nofp/libg.a(libc_a-fflush.o)
 .text          0x08000484        0x0 /opt/gcc-arm-none-eabi/bin/../lib/gcc/arm-none-eabi/12.2.0/../../../../arm-none-eabi/lib/thumb/v7e-m/nofp/libg.a(libc_a-impure.o)
 .text          0x08000484        0x0 /opt/gcc-arm-none-eabi/bin/../lib/gcc/arm-none-eabi/12.2.0/../../../../arm-none-eabi/lib/thumb/v7e-m/nofp/libg.a(libc_a-freer.o)
 .text          0x08000484        0x0 /opt/gcc-arm-none-eabi/bin/../lib/gcc/arm-none-eabi/12.2.0/../../../../arm-none-eabi/lib/thumb/v7e-m/nofp/libg.a(libc_a-lseekr.o)
 .text          0x08000484        0x0 /opt/gcc-arm-none-eabi/bin/../lib/gcc/arm-none-eabi/12.2.0/../../../../arm-none-eabi/lib/thumb/v7e-m/nofp/libg.a(libc_a-readr.o)
 .text          0x08000484        0x0 /opt/gcc-arm-none-eabi/bin/../lib/gcc/arm-none-eabi/12.2.0/../../../../arm-none-eabi/lib/thumb/v7e-m/nofp/libg.a(libc_a-sbrkr.o)
 .text          0x08000484        0x0 /opt/gcc-arm-none-eabi/bin/../lib/gcc/arm-none-eabi/12.2.0/../../../../arm-none-eabi/lib/thumb/v7e-m/nofp/librdimon.a(rdimon-syscalls.o)
 .text          0x08000484        0x0 /opt/gcc-arm-none-eabi/bin/../lib/gcc/arm-none-eabi/12.2.0/../../../../arm-none-eabi/lib/thumb/v7e-m/nofp/librdimon.a(rdimon-_exit.o)
 .text          0x08000484        0x0 /opt/gcc-arm-none-eabi/bin/../lib/gcc/arm-none-eabi/12.2.0/../../../../arm-none-eabi/lib/thumb/v7e-m/nofp/librdimon.a(rdimon-_kill.o)
 .text          0x08000484        0x0 /opt/gcc-arm-none-eabi/bin/../lib/gcc/arm-none-eabi/12.2.0/../../../../arm-none-eabi/lib/thumb/v7e-m/nofp/libc.a(libc_a-errno.o)
 *fill*         0x08000484       0x3c 
 .text          0x080004c0       0xd8 /opt/gcc-arm-none-eabi/bin/../lib/gcc/arm-none-eabi/12.2.0/../../../../arm-none-eabi/lib/thumb/v7e-m/nofp/libc.a(libc_a-strlen.o)
                0x080004c0                strlen
 .text          0x08000598        0x0 /opt/gcc-arm-none-eabi/bin/../lib/gcc/arm-none-eabi/12.2.0/thumb/v7e-m/nofp/crtend.o
 .text          0x08000598        0x0 /opt/gcc-arm-none-eabi/bin/../lib/gcc/arm-none-eabi/12.2.0/thumb/v7e-m/nofp/crtn.o
 *(.text.*)
 .text.deregister_tm_clones
                0x08000598       0x1c /opt/gcc-arm-none-eabi/bin/../lib/gcc/arm-none-eabi/12.2.0/thumb/v7e-m/nofp/crtbegin.o
 .text.register_tm_clones
                0x080005b4       0x24 /opt/gcc-arm-none-eabi/bin/../lib/gcc/arm-none-eabi/12.2.0/thumb/v7e-m/nofp/crtbegin.o
 .text.__do_global_dtors_aux
                0x080005d8       0x28 /opt/gcc-arm-none-eabi/bin/../lib/gcc/arm-none-eabi/12.2.0/thumb/v7e-m/nofp/crtbegin.o
 .text.frame_dummy
                0x08000600       0x24 /opt/gcc-arm-none-eabi/bin/../lib/gcc/arm-none-eabi/12.2.0/thumb/v7e-m/nofp/crtbegin.o
 .text.exit     0x08000624       0x1c /opt/gcc-arm-none-eabi/bin/../lib/gcc/arm-none-eabi/12.2.0/../../../../arm-none-eabi/lib/thumb/v7e-m/nofp/libg.a(libc_a-exit.o)
                0x08000624                exit
 .text.startup.register_fini
                0x08000640       0x14 /opt/gcc-arm-none-eabi/bin/../lib/gcc/arm-none-eabi/12.2.0/../../../../arm-none-eabi/lib/thumb/v7e-m/nofp/libg.a(libc_a-__call_atexit.o)
 .text.__call_exitprocs
                0x08000654       0xc4 /opt/gcc-arm-none-eabi/bin/../lib/gcc/arm-none-eabi/12.2.0/../../../../arm-none-eabi/lib/thumb/v7e-m/nofp/libg.a(libc_a-__call_atexit.o)
                0x08000654                __call_exitprocs
 .text.memset   0x08000718       0xa4 /opt/gcc-arm-none-eabi/bin/../lib/gcc/arm-none-eabi/12.2.0/../../../../arm-none-eabi/lib/thumb/v7e-m/nofp/libg.a(libc_a-memset.o)
                0x08000718                memset
 .text.__libc_init_array
                0x080007bc       0x50 /opt/gcc-arm-none-eabi/bin/../lib/gcc/arm-none-eabi/12.2.0/../../../../arm-none-eabi/lib/thumb/v7e-m/nofp/libg.a(libc_a-init.o)
                0x080007bc                __libc_init_array
 .text.__libc_fini_array
                0x0800080c       0x28 /opt/gcc-arm-none-eabi/bin/../lib/gcc/arm-none-eabi/12.2.0/../../../../arm-none-eabi/lib/thumb/v7e-m/nofp/libg.a(libc_a-fini.o)
                0x0800080c                __libc_fini_array
 .text.__retarget_lock_init
                0x08000834        0x4 /opt/gcc-arm-none-eabi/bin/../lib/gcc/arm-none-eabi/12.2.0/../../../../arm-none-eabi/lib/thumb/v7e-m/nofp/libg.a(libc_a-lock.o)
                0x08000834                __retarget_lock_init
 .text.__retarget_lock_init_recursive
                0x08000838        0x4 /opt/gcc-arm-none-eabi/bin/../lib/gcc/arm-none-eabi/12.2.0/../../../../arm-none-eabi/lib/thumb/v7e-m/nofp/libg.a(libc_a-lock.o)
                0x08000838                __retarget_lock_init_recursive
 .text.__retarget_lock_close
                0x0800083c        0x4 /opt/gcc-arm-none-eabi/bin/../lib/gcc/arm-none-eabi/12.2.0/../../../../arm-none-eabi/lib/thumb/v7e-m/nofp/libg.a(libc_a-lock.o)
                0x0800083c                __retarget_lock_close
 .text.__retarget_lock_close_recursive
                0x08000840        0x4 /opt/gcc-arm-none-eabi/bin/../lib/gcc/arm-none-eabi/12.2.0/../../../../arm-none-eabi/lib/thumb/v7e-m/nofp/libg.a(libc_a-lock.o)
                0x08000840                __retarget_lock_close_recursive
 .text.__retarget_lock_acquire
                0x08000844        0x4 /opt/gcc-arm-none-eabi/bin/../lib/gcc/arm-none-eabi/12.2.0/../../../../arm-none-eabi/lib/thumb/v7e-m/nofp/libg.a(libc_a-lock.o)
                0x08000844                __retarget_lock_acquire
 .text.__retarget_lock_acquire_recursive
                0x08000848        0x4 /opt/gcc-arm-none-eabi/bin/../lib/gcc/arm-none-eabi/12.2.0/../../../../arm-none-eabi/lib/thumb/v7e-m/nofp/libg.a(libc_a-lock.o)
                0x08000848                __retarget_lock_acquire_recursive
 .text.__retarget_lock_try_acquire
                0x0800084c        0x4 /opt/gcc-arm-none-eabi/bin/../lib/gcc/arm-none-eabi/12.2.0/../../../../arm-none-eabi/lib/thumb/v7e-m/nofp/libg.a(libc_a-lock.o)
                0x0800084c                __retarget_lock_try_acquire
 .text.__retarget_lock_try_acquire_recursive
                0x08000850        0x4 /opt/gcc-arm-none-eabi/bin/../lib/gcc/arm-none-eabi/12.2.0/../../../../arm-none-eabi/lib/thumb/v7e-m/nofp/libg.a(libc_a-lock.o)
                0x08000850                __retarget_lock_try_acquire_recursive
 .text.__retarget_lock_release
                0x08000854        0x4 /opt/gcc-arm-none-eabi/bin/../lib/gcc/arm-none-eabi/12.2.0/../../../../arm-none-eabi/lib/thumb/v7e-m/nofp/libg.a(libc_a-lock.o)
                0x08000854                __retarget_lock_release
 .text.__retarget_lock_release_recursive
                0x08000858        0x4 /opt/gcc-arm-none-eabi/bin/../lib/gcc/arm-none-eabi/12.2.0/../../../../arm-none-eabi/lib/thumb/v7e-m/nofp/libg.a(libc_a-lock.o)
                0x08000858                __retarget_lock_release_recursive
 .text.atexit   0x0800085c        0xc /opt/gcc-arm-none-eabi/bin/../lib/gcc/arm-none-eabi/12.2.0/../../../../arm-none-eabi/lib/thumb/v7e-m/nofp/libg.a(libc_a-atexit.o)
                0x0800085c                atexit
 .text.stdio_exit_handler
                0x08000868       0x18 /opt/gcc-arm-none-eabi/bin/../lib/gcc/arm-none-eabi/12.2.0/../../../../arm-none-eabi/lib/thumb/v7e-m/nofp/libg.a(libc_a-findfp.o)
 .text.cleanup_stdio
                0x08000880       0x40 /opt/gcc-arm-none-eabi/bin/../lib/gcc/arm-none-eabi/12.2.0/../../../../arm-none-eabi/lib/thumb/v7e-m/nofp/libg.a(libc_a-findfp.o)
 .text.__fp_lock
                0x080008c0       0x1c /opt/gcc-arm-none-eabi/bin/../lib/gcc/arm-none-eabi/12.2.0/../../../../arm-none-eabi/lib/thumb/v7e-m/nofp/libg.a(libc_a-findfp.o)
 .text.__fp_unlock
                0x080008dc       0x1c /opt/gcc-arm-none-eabi/bin/../lib/gcc/arm-none-eabi/12.2.0/../../../../arm-none-eabi/lib/thumb/v7e-m/nofp/libg.a(libc_a-findfp.o)
 .text.global_stdio_init.part.0
                0x080008f8       0xd4 /opt/gcc-arm-none-eabi/bin/../lib/gcc/arm-none-eabi/12.2.0/../../../../arm-none-eabi/lib/thumb/v7e-m/nofp/libg.a(libc_a-findfp.o)
 .text.__sfp    0x080009cc       0xc0 /opt/gcc-arm-none-eabi/bin/../lib/gcc/arm-none-eabi/12.2.0/../../../../arm-none-eabi/lib/thumb/v7e-m/nofp/libg.a(libc_a-findfp.o)
                0x080009cc                __sfp
 .text.__sinit  0x08000a8c       0x3c /opt/gcc-arm-none-eabi/bin/../lib/gcc/arm-none-eabi/12.2.0/../../../../arm-none-eabi/lib/thumb/v7e-m/nofp/libg.a(libc_a-findfp.o)
                0x08000a8c                __sinit
 .text.__sfp_lock_acquire
                0x08000ac8        0xc /opt/gcc-arm-none-eabi/bin/../lib/gcc/arm-none-eabi/12.2.0/../../../../arm-none-eabi/lib/thumb/v7e-m/nofp/libg.a(libc_a-findfp.o)
                0x08000ac8                __sfp_lock_acquire
 .text.__sfp_lock_release
                0x08000ad4        0xc /opt/gcc-arm-none-eabi/bin/../lib/gcc/arm-none-eabi/12.2.0/../../../../arm-none-eabi/lib/thumb/v7e-m/nofp/libg.a(libc_a-findfp.o)
                0x08000ad4                __sfp_lock_release
 .text.__fp_lock_all
                0x08000ae0       0x24 /opt/gcc-arm-none-eabi/bin/../lib/gcc/arm-none-eabi/12.2.0/../../../../arm-none-eabi/lib/thumb/v7e-m/nofp/libg.a(libc_a-findfp.o)
                0x08000ae0                __fp_lock_all
 .text.__fp_unlock_all
                0x08000b04       0x24 /opt/gcc-arm-none-eabi/bin/../lib/gcc/arm-none-eabi/12.2.0/../../../../arm-none-eabi/lib/thumb/v7e-m/nofp/libg.a(libc_a-findfp.o)
                0x08000b04                __fp_unlock_all
 .text.__sread  0x08000b28       0x24 /opt/gcc-arm-none-eabi/bin/../lib/gcc/arm-none-eabi/12.2.0/../../../../arm-none-eabi/lib/thumb/v7e-m/nofp/libg.a(libc_a-stdio.o)
                0x08000b28                __sread
 .text.__seofread
                0x08000b4c        0x4 /opt/gcc-arm-none-eabi/bin/../lib/gcc/arm-none-eabi/12.2.0/../../../../arm-none-eabi/lib/thumb/v7e-m/nofp/libg.a(libc_a-stdio.o)
                0x08000b4c                __seofread
 .text.__swrite
                0x08000b50       0x40 /opt/gcc-arm-none-eabi/bin/../lib/gcc/arm-none-eabi/12.2.0/../../../../arm-none-eabi/lib/thumb/v7e-m/nofp/libg.a(libc_a-stdio.o)
                0x08000b50                __swrite
 .text.__sseek  0x08000b90       0x24 /opt/gcc-arm-none-eabi/bin/../lib/gcc/arm-none-eabi/12.2.0/../../../../arm-none-eabi/lib/thumb/v7e-m/nofp/libg.a(libc_a-stdio.o)
                0x08000b90                __sseek
 .text.__sclose
                0x08000bb4        0x8 /opt/gcc-arm-none-eabi/bin/../lib/gcc/arm-none-eabi/12.2.0/../../../../arm-none-eabi/lib/thumb/v7e-m/nofp/libg.a(libc_a-stdio.o)
                0x08000bb4                __sclose
 .text._fwalk_sglue
                0x08000bbc       0x48 /opt/gcc-arm-none-eabi/bin/../lib/gcc/arm-none-eabi/12.2.0/../../../../arm-none-eabi/lib/thumb/v7e-m/nofp/libg.a(libc_a-fwalk.o)
                0x08000bbc                _fwalk_sglue
 .text._write_r
                0x08000c04       0x2c /opt/gcc-arm-none-eabi/bin/../lib/gcc/arm-none-eabi/12.2.0/../../../../arm-none-eabi/lib/thumb/v7e-m/nofp/libg.a(libc_a-writer.o)
                0x08000c04                _write_r
 .text.__register_exitproc
                0x08000c30       0x88 /opt/gcc-arm-none-eabi/bin/../lib/gcc/arm-none-eabi/12.2.0/../../../../arm-none-eabi/lib/thumb/v7e-m/nofp/libg.a(libc_a-__atexit.o)
                0x08000c30                __register_exitproc
 .text._malloc_r
                0x08000cb8      0x54c /opt/gcc-arm-none-eabi/bin/../lib/gcc/arm-none-eabi/12.2.0/../../../../arm-none-eabi/lib/thumb/v7e-m/nofp/libg.a(libc_a-mallocr.o)
                0x08000cb8                _malloc_r
 .text._fclose_r
                0x08001204       0xc4 /opt/gcc-arm-none-eabi/bin/../lib/gcc/arm-none-eabi/12.2.0/../../../../arm-none-eabi/lib/thumb/v7e-m/nofp/libg.a(libc_a-fclose.o)
                0x08001204                _fclose_r
 .text.fclose   0x080012c8       0x10 /opt/gcc-arm-none-eabi/bin/../lib/gcc/arm-none-eabi/12.2.0/../../../../arm-none-eabi/lib/thumb/v7e-m/nofp/libg.a(libc_a-fclose.o)
                0x080012c8                fclose
 .text.__malloc_lock
                0x080012d8        0xc /opt/gcc-arm-none-eabi/bin/../lib/gcc/arm-none-eabi/12.2.0/../../../../arm-none-eabi/lib/thumb/v7e-m/nofp/libg.a(libc_a-mlock.o)
                0x080012d8                __malloc_lock
 .text.__malloc_unlock
                0x080012e4        0xc /opt/gcc-arm-none-eabi/bin/../lib/gcc/arm-none-eabi/12.2.0/../../../../arm-none-eabi/lib/thumb/v7e-m/nofp/libg.a(libc_a-mlock.o)
                0x080012e4                __malloc_unlock
 .text._close_r
                0x080012f0       0x24 /opt/gcc-arm-none-eabi/bin/../lib/gcc/arm-none-eabi/12.2.0/../../../../arm-none-eabi/lib/thumb/v7e-m/nofp/libg.a(libc_a-closer.o)
                0x080012f0                _close_r
 .text._reclaim_reent
                0x08001314       0x5c /opt/gcc-arm-none-eabi/bin/../lib/gcc/arm-none-eabi/12.2.0/../../../../arm-none-eabi/lib/thumb/v7e-m/nofp/libg.a(libc_a-reent.o)
                0x08001314                _reclaim_reent
 .text.__sflush_r
                0x08001370      0x128 /opt/gcc-arm-none-eabi/bin/../lib/gcc/arm-none-eabi/12.2.0/../../../../arm-none-eabi/lib/thumb/v7e-m/nofp/libg.a(libc_a-fflush.o)
                0x08001370                __sflush_r
 .text._fflush_r
                0x08001498       0x54 /opt/gcc-arm-none-eabi/bin/../lib/gcc/arm-none-eabi/12.2.0/../../../../arm-none-eabi/lib/thumb/v7e-m/nofp/libg.a(libc_a-fflush.o)
                0x08001498                _fflush_r
 .text.fflush   0x080014ec       0x74 /opt/gcc-arm-none-eabi/bin/../lib/gcc/arm-none-eabi/12.2.0/../../../../arm-none-eabi/lib/thumb/v7e-m/nofp/libg.a(libc_a-fflush.o)
                0x080014ec                fflush
 .text._malloc_trim_r
                0x08001560       0x9c /opt/gcc-arm-none-eabi/bin/../lib/gcc/arm-none-eabi/12.2.0/../../../../arm-none-eabi/lib/thumb/v7e-m/nofp/libg.a(libc_a-freer.o)
                0x08001560                _malloc_trim_r
 .text._free_r  0x080015fc      0x204 /opt/gcc-arm-none-eabi/bin/../lib/gcc/arm-none-eabi/12.2.0/../../../../arm-none-eabi/lib/thumb/v7e-m/nofp/libg.a(libc_a-freer.o)
                0x080015fc                _free_r
 .text._lseek_r
                0x08001800       0x2c /opt/gcc-arm-none-eabi/bin/../lib/gcc/arm-none-eabi/12.2.0/../../../../arm-none-eabi/lib/thumb/v7e-m/nofp/libg.a(libc_a-lseekr.o)
                0x08001800                _lseek_r
 .text._read_r  0x0800182c       0x2c /opt/gcc-arm-none-eabi/bin/../lib/gcc/arm-none-eabi/12.2.0/../../../../arm-none-eabi/lib/thumb/v7e-m/nofp/libg.a(libc_a-readr.o)
                0x0800182c                _read_r
 .text._sbrk_r  0x08001858       0x24 /opt/gcc-arm-none-eabi/bin/../lib/gcc/arm-none-eabi/12.2.0/../../../../arm-none-eabi/lib/thumb/v7e-m/nofp/libg.a(libc_a-sbrkr.o)
                0x08001858                _sbrk_r
 .text._swiread
                0x0800187c       0x3c /opt/gcc-arm-none-eabi/bin/../lib/gcc/arm-none-eabi/12.2.0/../../../../arm-none-eabi/lib/thumb/v7e-m/nofp/librdimon.a(rdimon-syscalls.o)
                0x0800187c                _swiread
 .text._read    0x080018b8       0x8c /opt/gcc-arm-none-eabi/bin/../lib/gcc/arm-none-eabi/12.2.0/../../../../arm-none-eabi/lib/thumb/v7e-m/nofp/librdimon.a(rdimon-syscalls.o)
                0x080018b8                _read
 .text._swilseek
                0x08001944       0xbc /opt/gcc-arm-none-eabi/bin/../lib/gcc/arm-none-eabi/12.2.0/../../../../arm-none-eabi/lib/thumb/v7e-m/nofp/librdimon.a(rdimon-syscalls.o)
                0x08001944                _swilseek
 .text._lseek   0x08001a00        0x4 /opt/gcc-arm-none-eabi/bin/../lib/gcc/arm-none-eabi/12.2.0/../../../../arm-none-eabi/lib/thumb/v7e-m/nofp/librdimon.a(rdimon-syscalls.o)
                0x08001a00                _lseek
 .text._swiwrite
                0x08001a04       0x3c /opt/gcc-arm-none-eabi/bin/../lib/gcc/arm-none-eabi/12.2.0/../../../../arm-none-eabi/lib/thumb/v7e-m/nofp/librdimon.a(rdimon-syscalls.o)
                0x08001a04                _swiwrite
 .text._write   0x08001a40       0xa8 /opt/gcc-arm-none-eabi/bin/../lib/gcc/arm-none-eabi/12.2.0/../../../../arm-none-eabi/lib/thumb/v7e-m/nofp/librdimon.a(rdimon-syscalls.o)
                0x08001a40                _write
 .text._swiclose
                0x08001ae8       0x38 /opt/gcc-arm-none-eabi/bin/../lib/gcc/arm-none-eabi/12.2.0/../../../../arm-none-eabi/lib/thumb/v7e-m/nofp/librdimon.a(rdimon-syscalls.o)
                0x08001ae8                _swiclose
 .text._close   0x08001b20       0x88 /opt/gcc-arm-none-eabi/bin/../lib/gcc/arm-none-eabi/12.2.0/../../../../arm-none-eabi/lib/thumb/v7e-m/nofp/librdimon.a(rdimon-syscalls.o)
                0x08001b20                _close
 .text._getpid  0x08001ba8        0x4 /opt/gcc-arm-none-eabi/bin/../lib/gcc/arm-none-eabi/12.2.0/../../../../arm-none-eabi/lib/thumb/v7e-m/nofp/librdimon.a(rdimon-syscalls.o)
                0x08001ba8                _getpid
 .text._sbrk    0x08001bac       0x48 /opt/gcc-arm-none-eabi/bin/../lib/gcc/arm-none-eabi/12.2.0/../../../../arm-none-eabi/lib/thumb/v7e-m/nofp/librdimon.a(rdimon-syscalls.o)
                0x08001bac                _sbrk
 .text._swistat
                0x08001bf4       0x7c /opt/gcc-arm-none-eabi/bin/../lib/gcc/arm-none-eabi/12.2.0/../../../../arm-none-eabi/lib/thumb/v7e-m/nofp/librdimon.a(rdimon-syscalls.o)
                0x08001bf4                _swistat
 .text._fstat   0x08001c70       0x1c /opt/gcc-arm-none-eabi/bin/../lib/gcc/arm-none-eabi/12.2.0/../../../../arm-none-eabi/lib/thumb/v7e-m/nofp/librdimon.a(rdimon-syscalls.o)
                0x08001c70                _fstat
 .text._stat    0x08001c8c       0x3c /opt/gcc-arm-none-eabi/bin/../lib/gcc/arm-none-eabi/12.2.0/../../../../arm-none-eabi/lib/thumb/v7e-m/nofp/librdimon.a(rdimon-syscalls.o)
                0x08001c8c                _stat
 .text._swiopen
                0x08001cc8       0xc8 /opt/gcc-arm-none-eabi/bin/../lib/gcc/arm-none-eabi/12.2.0/../../../../arm-none-eabi/lib/thumb/v7e-m/nofp/librdimon.a(rdimon-syscalls.o)
                0x08001cc8                _swiopen
 .text._open    0x08001d90       0x14 /opt/gcc-arm-none-eabi/bin/../lib/gcc/arm-none-eabi/12.2.0/../../../../arm-none-eabi/lib/thumb/v7e-m/nofp/librdimon.a(rdimon-syscalls.o)
                0x08001d90                _open
 .text._get_semihosting_exts
                0x08001da4      0x104 /opt/gcc-arm-none-eabi/bin/../lib/gcc/arm-none-eabi/12.2.0/../../../../arm-none-eabi/lib/thumb/v7e-m/nofp/librdimon.a(rdimon-syscalls.o)
                0x08001da4                _get_semihosting_exts
 .text._has_ext_exit_extended
                0x08001ea8       0x48 /opt/gcc-arm-none-eabi/bin/../lib/gcc/arm-none-eabi/12.2.0/../../../../arm-none-eabi/lib/thumb/v7e-m/nofp/librdimon.a(rdimon-syscalls.o)
                0x08001ea8                _has_ext_exit_extended
 .text._has_ext_stdout_stderr
                0x08001ef0       0x48 /opt/gcc-arm-none-eabi/bin/../lib/gcc/arm-none-eabi/12.2.0/../../../../arm-none-eabi/lib/thumb/v7e-m/nofp/librdimon.a(rdimon-syscalls.o)
                0x08001ef0                _has_ext_stdout_stderr
 .text.initialise_monitor_handles
                0x08001f38      0x158 /opt/gcc-arm-none-eabi/bin/../lib/gcc/arm-none-eabi/12.2.0/../../../../arm-none-eabi/lib/thumb/v7e-m/nofp/librdimon.a(rdimon-syscalls.o)
                0x08001f38                initialise_monitor_handles
 .text._link    0x08002090       0x10 /opt/gcc-arm-none-eabi/bin/../lib/gcc/arm-none-eabi/12.2.0/../../../../arm-none-eabi/lib/thumb/v7e-m/nofp/librdimon.a(rdimon-syscalls.o)
                0x08002090                _link
 .text._unlink  0x080020a0       0x40 /opt/gcc-arm-none-eabi/bin/../lib/gcc/arm-none-eabi/12.2.0/../../../../arm-none-eabi/lib/thumb/v7e-m/nofp/librdimon.a(rdimon-syscalls.o)
                0x080020a0                _unlink
 .text._gettimeofday
                0x080020e0       0x28 /opt/gcc-arm-none-eabi/bin/../lib/gcc/arm-none-eabi/12.2.0/../../../../arm-none-eabi/lib/thumb/v7e-m/nofp/librdimon.a(rdimon-syscalls.o)
                0x080020e0                _gettimeofday
 .text._clock   0x08002108       0x14 /opt/gcc-arm-none-eabi/bin/../lib/gcc/arm-none-eabi/12.2.0/../../../../arm-none-eabi/lib/thumb/v7e-m/nofp/librdimon.a(rdimon-syscalls.o)
                0x08002108                _clock
 .text._times   0x0800211c       0x20 /opt/gcc-arm-none-eabi/bin/../lib/gcc/arm-none-eabi/12.2.0/../../../../arm-none-eabi/lib/thumb/v7e-m/nofp/librdimon.a(rdimon-syscalls.o)
                0x0800211c                _times
 .text._isatty  0x0800213c       0x64 /opt/gcc-arm-none-eabi/bin/../lib/gcc/arm-none-eabi/12.2.0/../../../../arm-none-eabi/lib/thumb/v7e-m/nofp/librdimon.a(rdimon-syscalls.o)
                0x0800213c                _isatty
 .text._system  0x080021a0       0x58 /opt/gcc-arm-none-eabi/bin/../lib/gcc/arm-none-eabi/12.2.0/../../../../arm-none-eabi/lib/thumb/v7e-m/nofp/librdimon.a(rdimon-syscalls.o)
                0x080021a0                _system
 .text._rename  0x080021f8       0x54 /opt/gcc-arm-none-eabi/bin/../lib/gcc/arm-none-eabi/12.2.0/../../../../arm-none-eabi/lib/thumb/v7e-m/nofp/librdimon.a(rdimon-syscalls.o)
                0x080021f8                _rename
 .text._exit    0x0800224c       0x14 /opt/gcc-arm-none-eabi/bin/../lib/gcc/arm-none-eabi/12.2.0/../../../../arm-none-eabi/lib/thumb/v7e-m/nofp/librdimon.a(rdimon-_exit.o)
                0x0800224c                _exit
 .text._kill_shared
                0x08002260       0x30 /opt/gcc-arm-none-eabi/bin/../lib/gcc/arm-none-eabi/12.2.0/../../../../arm-none-eabi/lib/thumb/v7e-m/nofp/librdimon.a(rdimon-_kill.o)
                0x08002260                _kill_shared
 .text._kill    0x08002290       0x1c /opt/gcc-arm-none-eabi/bin/../lib/gcc/arm-none-eabi/12.2.0/../../../../arm-none-eabi/lib/thumb/v7e-m/nofp/librdimon.a(rdimon-_kill.o)
                0x08002290                _kill
 .text.__errno  0x080022ac        0xc /opt/gcc-arm-none-eabi/bin/../lib/gcc/arm-none-eabi/12.2.0/../../../../arm-none-eabi/lib/thumb/v7e-m/nofp/libc.a(libc_a-errno.o)
                0x080022ac                __errno
 *(.eh_frame)
 .eh_frame      0x080022b8        0x0 /opt/gcc-arm-none-eabi/bin/../lib/gcc/arm-none-eabi/12.2.0/thumb/v7e-m/nofp/crtbegin.o
 .eh_frame      0x080022b8       0x34 /opt/gcc-arm-none-eabi/bin/../lib/gcc/arm-none-eabi/12.2.0/../../../../arm-none-eabi/lib/thumb/v7e-m/nofp/libc.a(libc_a-strlen.o)
 .eh_frame      0x080022ec        0x4 /opt/gcc-arm-none-eabi/bin/../lib/gcc/arm-none-eabi/12.2.0/thumb/v7e-m/nofp/crtend.o
 *(.eh_frame*)
 *(.init)
 .init          0x080022f0        0x4 /opt/gcc-arm-none-eabi/bin/../lib/gcc/arm-none-eabi/12.2.0/thumb/v7e-m/nofp/crti.o
                0x080022f0                _init
 .init          0x080022f4        0x8 /opt/gcc-arm-none-eabi/bin/../lib/gcc/arm-none-eabi/12.2.0/thumb/v7e-m/nofp/crtn.o
 *(.fini)
 .fini          0x080022fc        0x4 /opt/gcc-arm-none-eabi/bin/../lib/gcc/arm-none-eabi/12.2.0/thumb/v7e-m/nofp/crti.o
                0x080022fc                _fini
 .fini          0x08002300        0x8 /opt/gcc-arm-none-eabi/bin/../lib/gcc/arm-none-eabi/12.2.0/thumb/v7e-m/nofp/crtn.o
 *(.rodata)
 .rodata        0x08002308       0x14 src/obj/main.o
                0x08002308                RCC
                0x0800230c                GPIOA
                0x08002310                TIM2
                0x08002314                EXTI
                0x08002318                NVIC
 *(.rodata.*)
 .rodata.all_implied_fbits
                0x0800231c       0x24 /opt/gcc-arm-none-eabi/bin/../lib/gcc/arm-none-eabi/12.2.0/thumb/v7e-m/nofp/crtbegin.o
 .rodata._get_semihosting_exts.str1.4
                0x08002340       0x16 /opt/gcc-arm-none-eabi/bin/../lib/gcc/arm-none-eabi/12.2.0/../../../../arm-none-eabi/lib/thumb/v7e-m/nofp/librdimon.a(rdimon-syscalls.o)
 *fill*         0x08002356        0x2 
 .rodata.initialise_monitor_handles.str1.4
                0x08002358        0x4 /opt/gcc-arm-none-eabi/bin/../lib/gcc/arm-none-eabi/12.2.0/../../../../arm-none-eabi/lib/thumb/v7e-m/nofp/librdimon.a(rdimon-syscalls.o)
 .rodata.all_implied_fbits
                0x0800235c       0x24 /opt/gcc-arm-none-eabi/bin/../lib/gcc/arm-none-eabi/12.2.0/thumb/v7e-m/nofp/crtend.o
                0x08002380                        . = ALIGN (0x4)

.glue_7         0x08002380        0x0
 .glue_7        0x08002380        0x0 linker stubs

.glue_7t        0x08002380        0x0
 .glue_7t       0x08002380        0x0 linker stubs

.vfp11_veneer   0x08002380        0x0
 .vfp11_veneer  0x08002380        0x0 linker stubs

.v4_bx          0x08002380        0x0
 .v4_bx         0x08002380        0x0 linker stubs

.iplt           0x08002380        0x0
 .iplt          0x08002380        0x0 /opt/gcc-arm-none-eabi/bin/../lib/gcc/arm-none-eabi/12.2.0/thumb/v7e-m/nofp/crtbegin.o

.ARM            0x08002380      0x610
                0x08002380                        . = ALIGN (0x4)
 *(.ARM*)
 .ARM.attributes
                0x08002380       0x1e /opt/gcc-arm-none-eabi/bin/../lib/gcc/arm-none-eabi/12.2.0/thumb/v7e-m/nofp/crti.o
 .ARM.attributes
                0x0800239e       0x2e /opt/gcc-arm-none-eabi/bin/../lib/gcc/arm-none-eabi/12.2.0/thumb/v7e-m/nofp/crtbegin.o
 .ARM.extab     0x080023cc        0x0 /opt/gcc-arm-none-eabi/bin/../lib/gcc/arm-none-eabi/12.2.0/../../../../arm-none-eabi/lib/thumb/v7e-m/nofp/rdimon-crt0.o
 .ARM.attributes
                0x080023cc       0x1c /opt/gcc-arm-none-eabi/bin/../lib/gcc/arm-none-eabi/12.2.0/../../../../arm-none-eabi/lib/thumb/v7e-m/nofp/rdimon-crt0.o
 .ARM.attributes
                0x080023e8       0x2e src/obj/main.o
 .ARM.attributes
                0x08002416       0x2e src/obj/startup_STM32F401RE.o
 .ARM.attributes
                0x08002444       0x2e /opt/gcc-arm-none-eabi/bin/../lib/gcc/arm-none-eabi/12.2.0/../../../../arm-none-eabi/lib/thumb/v7e-m/nofp/libg.a(libc_a-exit.o)
 .ARM.attributes
                0x08002472       0x2e /opt/gcc-arm-none-eabi/bin/../lib/gcc/arm-none-eabi/12.2.0/../../../../arm-none-eabi/lib/thumb/v7e-m/nofp/libg.a(libc_a-__call_atexit.o)
 .ARM.attributes
                0x080024a0       0x2e /opt/gcc-arm-none-eabi/bin/../lib/gcc/arm-none-eabi/12.2.0/../../../../arm-none-eabi/lib/thumb/v7e-m/nofp/libg.a(libc_a-memset.o)
 .ARM.attributes
                0x080024ce       0x2e /opt/gcc-arm-none-eabi/bin/../lib/gcc/arm-none-eabi/12.2.0/../../../../arm-none-eabi/lib/thumb/v7e-m/nofp/libg.a(libc_a-init.o)
 .ARM.attributes
                0x080024fc       0x2e /opt/gcc-arm-none-eabi/bin/../lib/gcc/arm-none-eabi/12.2.0/../../../../arm-none-eabi/lib/thumb/v7e-m/nofp/libg.a(libc_a-fini.o)
 .ARM.attributes
                0x0800252a       0x2e /opt/gcc-arm-none-eabi/bin/../lib/gcc/arm-none-eabi/12.2.0/../../../../arm-none-eabi/lib/thumb/v7e-m/nofp/libg.a(libc_a-lock.o)
 .ARM.attributes
                0x08002558       0x2e /opt/gcc-arm-none-eabi/bin/../lib/gcc/arm-none-eabi/12.2.0/../../../../arm-none-eabi/lib/thumb/v7e-m/nofp/libg.a(libc_a-atexit.o)
 .ARM.attributes
                0x08002586       0x2e /opt/gcc-arm-none-eabi/bin/../lib/gcc/arm-none-eabi/12.2.0/../../../../arm-none-eabi/lib/thumb/v7e-m/nofp/libg.a(libc_a-findfp.o)
 .ARM.attributes
                0x080025b4       0x2e /opt/gcc-arm-none-eabi/bin/../lib/gcc/arm-none-eabi/12.2.0/../../../../arm-none-eabi/lib/thumb/v7e-m/nofp/libg.a(libc_a-stdio.o)
 .ARM.attributes
                0x080025e2       0x2e /opt/gcc-arm-none-eabi/bin/../lib/gcc/arm-none-eabi/12.2.0/../../../../arm-none-eabi/lib/thumb/v7e-m/nofp/libg.a(libc_a-fwalk.o)
 .ARM.attributes
                0x08002610       0x2e /opt/gcc-arm-none-eabi/bin/../lib/gcc/arm-none-eabi/12.2.0/../../../../arm-none-eabi/lib/thumb/v7e-m/nofp/libg.a(libc_a-writer.o)
 .ARM.attributes
                0x0800263e       0x2e /opt/gcc-arm-none-eabi/bin/../lib/gcc/arm-none-eabi/12.2.0/../../../../arm-none-eabi/lib/thumb/v7e-m/nofp/libg.a(libc_a-__atexit.o)
 .ARM.attributes
                0x0800266c       0x2e /opt/gcc-arm-none-eabi/bin/../lib/gcc/arm-none-eabi/12.2.0/../../../../arm-none-eabi/lib/thumb/v7e-m/nofp/libg.a(libc_a-mallocr.o)
 .ARM.attributes
                0x0800269a       0x2e /opt/gcc-arm-none-eabi/bin/../lib/gcc/arm-none-eabi/12.2.0/../../../../arm-none-eabi/lib/thumb/v7e-m/nofp/libg.a(libc_a-fclose.o)
 .ARM.attributes
                0x080026c8       0x2e /opt/gcc-arm-none-eabi/bin/../lib/gcc/arm-none-eabi/12.2.0/../../../../arm-none-eabi/lib/thumb/v7e-m/nofp/libg.a(libc_a-mlock.o)
 .ARM.attributes
                0x080026f6       0x2e /opt/gcc-arm-none-eabi/bin/../lib/gcc/arm-none-eabi/12.2.0/../../../../arm-none-eabi/lib/thumb/v7e-m/nofp/libg.a(libc_a-closer.o)
 .ARM.attributes
                0x08002724       0x2e /opt/gcc-arm-none-eabi/bin/../lib/gcc/arm-none-eabi/12.2.0/../../../../arm-none-eabi/lib/thumb/v7e-m/nofp/libg.a(libc_a-reent.o)
 .ARM.attributes
                0x08002752       0x2e /opt/gcc-arm-none-eabi/bin/../lib/gcc/arm-none-eabi/12.2.0/../../../../arm-none-eabi/lib/thumb/v7e-m/nofp/libg.a(libc_a-fflush.o)
 .ARM.attributes
                0x08002780       0x2e /opt/gcc-arm-none-eabi/bin/../lib/gcc/arm-none-eabi/12.2.0/../../../../arm-none-eabi/lib/thumb/v7e-m/nofp/libg.a(libc_a-impure.o)
 .ARM.attributes
                0x080027ae       0x2e /opt/gcc-arm-none-eabi/bin/../lib/gcc/arm-none-eabi/12.2.0/../../../../arm-none-eabi/lib/thumb/v7e-m/nofp/libg.a(libc_a-freer.o)
 .ARM.attributes
                0x080027dc       0x2e /opt/gcc-arm-none-eabi/bin/../lib/gcc/arm-none-eabi/12.2.0/../../../../arm-none-eabi/lib/thumb/v7e-m/nofp/libg.a(libc_a-lseekr.o)
 .ARM.attributes
                0x0800280a       0x2e /opt/gcc-arm-none-eabi/bin/../lib/gcc/arm-none-eabi/12.2.0/../../../../arm-none-eabi/lib/thumb/v7e-m/nofp/libg.a(libc_a-readr.o)
 .ARM.attributes
                0x08002838       0x2e /opt/gcc-arm-none-eabi/bin/../lib/gcc/arm-none-eabi/12.2.0/../../../../arm-none-eabi/lib/thumb/v7e-m/nofp/libg.a(libc_a-sbrkr.o)
 .ARM.attributes
                0x08002866       0x2e /opt/gcc-arm-none-eabi/bin/../lib/gcc/arm-none-eabi/12.2.0/../../../../arm-none-eabi/lib/thumb/v7e-m/nofp/librdimon.a(rdimon-syscalls.o)
 .ARM.attributes
                0x08002894       0x2e /opt/gcc-arm-none-eabi/bin/../lib/gcc/arm-none-eabi/12.2.0/../../../../arm-none-eabi/lib/thumb/v7e-m/nofp/librdimon.a(rdimon-_exit.o)
 .ARM.attributes
                0x080028c2       0x2e /opt/gcc-arm-none-eabi/bin/../lib/gcc/arm-none-eabi/12.2.0/../../../../arm-none-eabi/lib/thumb/v7e-m/nofp/librdimon.a(rdimon-_kill.o)
 .ARM.attributes
                0x080028f0       0x2e /opt/gcc-arm-none-eabi/bin/../lib/gcc/arm-none-eabi/12.2.0/../../../../arm-none-eabi/lib/thumb/v7e-m/nofp/libc.a(libc_a-errno.o)
 .ARM.extab     0x0800291e        0x0 /opt/gcc-arm-none-eabi/bin/../lib/gcc/arm-none-eabi/12.2.0/../../../../arm-none-eabi/lib/thumb/v7e-m/nofp/libc.a(libc_a-strlen.o)
 .ARM.attributes
                0x0800291e       0x1c /opt/gcc-arm-none-eabi/bin/../lib/gcc/arm-none-eabi/12.2.0/../../../../arm-none-eabi/lib/thumb/v7e-m/nofp/libc.a(libc_a-strlen.o)
 *fill*         0x0800293a        0x0 
 .ARM.attributes
                0x0800293a       0x2e /opt/gcc-arm-none-eabi/bin/../lib/gcc/arm-none-eabi/12.2.0/thumb/v7e-m/nofp/crtend.o
 .ARM.attributes
                0x08002968       0x1e /opt/gcc-arm-none-eabi/bin/../lib/gcc/arm-none-eabi/12.2.0/thumb/v7e-m/nofp/crtn.o
 *fill*         0x08002986        0x2 
 .ARM.exidx     0x08002988        0x8 /opt/gcc-arm-none-eabi/bin/../lib/gcc/arm-none-eabi/12.2.0/../../../../arm-none-eabi/lib/thumb/v7e-m/nofp/rdimon-crt0.o
                                 0x10 (size before relaxing)
 .ARM.exidx     0x08002990        0x0 /opt/gcc-arm-none-eabi/bin/../lib/gcc/arm-none-eabi/12.2.0/../../../../arm-none-eabi/lib/thumb/v7e-m/nofp/libc.a(libc_a-strlen.o)
                                  0x8 (size before relaxing)
                0x08002990                        . = ALIGN (0x4)

.rel.dyn        0x08002990        0x0
 .rel.iplt      0x08002990        0x0 /opt/gcc-arm-none-eabi/bin/../lib/gcc/arm-none-eabi/12.2.0/thumb/v7e-m/nofp/crtbegin.o

.debug          0x08002990    0x26e18
                0x08002990                        . = ALIGN (0x4)
 *(.debug*)
 .debug_line    0x08002990       0xbf /opt/gcc-arm-none-eabi/bin/../lib/gcc/arm-none-eabi/12.2.0/../../../../arm-none-eabi/lib/thumb/v7e-m/nofp/rdimon-crt0.o
 .debug_line_str
                0x08002a4f       0xd9 /opt/gcc-arm-none-eabi/bin/../lib/gcc/arm-none-eabi/12.2.0/../../../../arm-none-eabi/lib/thumb/v7e-m/nofp/rdimon-crt0.o
                                 0xe0 (size before relaxing)
 .debug_info    0x08002b28       0x25 /opt/gcc-arm-none-eabi/bin/../lib/gcc/arm-none-eabi/12.2.0/../../../../arm-none-eabi/lib/thumb/v7e-m/nofp/rdimon-crt0.o
 .debug_abbrev  0x08002b4d       0x14 /opt/gcc-arm-none-eabi/bin/../lib/gcc/arm-none-eabi/12.2.0/../../../../arm-none-eabi/lib/thumb/v7e-m/nofp/rdimon-crt0.o
 *fill*         0x08002b61        0x7 
 .debug_aranges
                0x08002b68       0x20 /opt/gcc-arm-none-eabi/bin/../lib/gcc/arm-none-eabi/12.2.0/../../../../arm-none-eabi/lib/thumb/v7e-m/nofp/rdimon-crt0.o
 .debug_str     0x08002b88       0x6a /opt/gcc-arm-none-eabi/bin/../lib/gcc/arm-none-eabi/12.2.0/../../../../arm-none-eabi/lib/thumb/v7e-m/nofp/rdimon-crt0.o
                                 0xef (size before relaxing)
 .debug_info    0x08002bf2      0x61b src/obj/main.o
 .debug_abbrev  0x0800320d      0x1ac src/obj/main.o
 .debug_aranges
                0x080033b9       0x20 src/obj/main.o
 .debug_macro   0x080033d9      0x146 src/obj/main.o
 .debug_macro   0x0800351f      0xaae src/obj/main.o
 .debug_macro   0x08003fcd       0x22 src/obj/main.o
 .debug_macro   0x08003fef       0x8e src/obj/main.o
 .debug_macro   0x0800407d       0x51 src/obj/main.o
 .debug_macro   0x080040ce      0x103 src/obj/main.o
 .debug_macro   0x080041d1       0x6a src/obj/main.o
 .debug_macro   0x0800423b      0x1df src/obj/main.o
 .debug_macro   0x0800441a       0x7b src/obj/main.o
 .debug_macro   0x08004495       0x24 src/obj/main.o
 .debug_macro   0x080044b9       0x3c src/obj/main.o
 .debug_macro   0x080044f5       0x34 src/obj/main.o
 .debug_macro   0x08004529       0x16 src/obj/main.o
 .debug_macro   0x0800453f       0x9e src/obj/main.o
 .debug_macro   0x080045dd      0x369 src/obj/main.o
 .debug_macro   0x08004946      0x10b src/obj/main.o
 .debug_macro   0x08004a51       0x10 src/obj/main.o
 .debug_macro   0x08004a61       0x16 src/obj/main.o
 .debug_macro   0x08004a77       0x43 src/obj/main.o
 .debug_macro   0x08004aba       0x34 src/obj/main.o
 .debug_macro   0x08004aee       0x10 src/obj/main.o
 .debug_macro   0x08004afe       0x58 src/obj/main.o
 .debug_macro   0x08004b56      0x1de src/obj/main.o
 .debug_macro   0x08004d34       0x16 src/obj/main.o
 .debug_macro   0x08004d4a       0x16 src/obj/main.o
 .debug_macro   0x08004d60      0x170 src/obj/main.o
 .debug_macro   0x08004ed0       0x10 src/obj/main.o
 .debug_line    0x08004ee0      0x2d7 src/obj/main.o
 .debug_str     0x080051b7     0x73e4 src/obj/main.o
                               0x75d2 (size before relaxing)
 *fill*         0x0800c59b        0x1 
 .debug_frame   0x0800c59c       0xe8 src/obj/main.o
 .debug_info    0x0800c684      0x196 src/obj/startup_STM32F401RE.o
 .debug_abbrev  0x0800c81a      0x120 src/obj/startup_STM32F401RE.o
 .debug_aranges
                0x0800c93a       0x20 src/obj/startup_STM32F401RE.o
 .debug_macro   0x0800c95a       0x63 src/obj/startup_STM32F401RE.o
 .debug_line    0x0800c9bd      0x1e9 src/obj/startup_STM32F401RE.o
 .debug_str     0x0800cba6       0x95 src/obj/startup_STM32F401RE.o
                               0x3d8f (size before relaxing)
 *fill*         0x0800cc3b        0x1 
 .debug_frame   0x0800cc3c       0x4c src/obj/startup_STM32F401RE.o
 .debug_info    0x0800cc88      0x10a /opt/gcc-arm-none-eabi/bin/../lib/gcc/arm-none-eabi/12.2.0/../../../../arm-none-eabi/lib/thumb/v7e-m/nofp/libg.a(libc_a-exit.o)
 .debug_abbrev  0x0800cd92       0xd5 /opt/gcc-arm-none-eabi/bin/../lib/gcc/arm-none-eabi/12.2.0/../../../../arm-none-eabi/lib/thumb/v7e-m/nofp/libg.a(libc_a-exit.o)
 .debug_loclists
                0x0800ce67       0x20 /opt/gcc-arm-none-eabi/bin/../lib/gcc/arm-none-eabi/12.2.0/../../../../arm-none-eabi/lib/thumb/v7e-m/nofp/libg.a(libc_a-exit.o)
 .debug_aranges
                0x0800ce87       0x20 /opt/gcc-arm-none-eabi/bin/../lib/gcc/arm-none-eabi/12.2.0/../../../../arm-none-eabi/lib/thumb/v7e-m/nofp/libg.a(libc_a-exit.o)
 .debug_rnglists
                0x0800cea7       0x13 /opt/gcc-arm-none-eabi/bin/../lib/gcc/arm-none-eabi/12.2.0/../../../../arm-none-eabi/lib/thumb/v7e-m/nofp/libg.a(libc_a-exit.o)
 .debug_line    0x0800ceba      0x1a6 /opt/gcc-arm-none-eabi/bin/../lib/gcc/arm-none-eabi/12.2.0/../../../../arm-none-eabi/lib/thumb/v7e-m/nofp/libg.a(libc_a-exit.o)
 .debug_str     0x0800d060      0x188 /opt/gcc-arm-none-eabi/bin/../lib/gcc/arm-none-eabi/12.2.0/../../../../arm-none-eabi/lib/thumb/v7e-m/nofp/libg.a(libc_a-exit.o)
                                0x227 (size before relaxing)
 .debug_frame   0x0800d1e8       0x28 /opt/gcc-arm-none-eabi/bin/../lib/gcc/arm-none-eabi/12.2.0/../../../../arm-none-eabi/lib/thumb/v7e-m/nofp/libg.a(libc_a-exit.o)
 .debug_info    0x0800d210      0x2dd /opt/gcc-arm-none-eabi/bin/../lib/gcc/arm-none-eabi/12.2.0/../../../../arm-none-eabi/lib/thumb/v7e-m/nofp/libg.a(libc_a-__call_atexit.o)
 .debug_abbrev  0x0800d4ed      0x20c /opt/gcc-arm-none-eabi/bin/../lib/gcc/arm-none-eabi/12.2.0/../../../../arm-none-eabi/lib/thumb/v7e-m/nofp/libg.a(libc_a-__call_atexit.o)
 .debug_loclists
                0x0800d6f9      0x128 /opt/gcc-arm-none-eabi/bin/../lib/gcc/arm-none-eabi/12.2.0/../../../../arm-none-eabi/lib/thumb/v7e-m/nofp/libg.a(libc_a-__call_atexit.o)
 .debug_aranges
                0x0800d821       0x28 /opt/gcc-arm-none-eabi/bin/../lib/gcc/arm-none-eabi/12.2.0/../../../../arm-none-eabi/lib/thumb/v7e-m/nofp/libg.a(libc_a-__call_atexit.o)
 .debug_rnglists
                0x0800d849       0x35 /opt/gcc-arm-none-eabi/bin/../lib/gcc/arm-none-eabi/12.2.0/../../../../arm-none-eabi/lib/thumb/v7e-m/nofp/libg.a(libc_a-__call_atexit.o)
 .debug_line    0x0800d87e      0x2ca /opt/gcc-arm-none-eabi/bin/../lib/gcc/arm-none-eabi/12.2.0/../../../../arm-none-eabi/lib/thumb/v7e-m/nofp/libg.a(libc_a-__call_atexit.o)
 .debug_str     0x0800db48      0x15d /opt/gcc-arm-none-eabi/bin/../lib/gcc/arm-none-eabi/12.2.0/../../../../arm-none-eabi/lib/thumb/v7e-m/nofp/libg.a(libc_a-__call_atexit.o)
                                0x33e (size before relaxing)
 *fill*         0x0800dca5        0x3 
 .debug_frame   0x0800dca8       0x5c /opt/gcc-arm-none-eabi/bin/../lib/gcc/arm-none-eabi/12.2.0/../../../../arm-none-eabi/lib/thumb/v7e-m/nofp/libg.a(libc_a-__call_atexit.o)
 .debug_info    0x0800dd04      0x135 /opt/gcc-arm-none-eabi/bin/../lib/gcc/arm-none-eabi/12.2.0/../../../../arm-none-eabi/lib/thumb/v7e-m/nofp/libg.a(libc_a-memset.o)
 .debug_abbrev  0x0800de39       0xb7 /opt/gcc-arm-none-eabi/bin/../lib/gcc/arm-none-eabi/12.2.0/../../../../arm-none-eabi/lib/thumb/v7e-m/nofp/libg.a(libc_a-memset.o)
 .debug_loclists
                0x0800def0      0x1cf /opt/gcc-arm-none-eabi/bin/../lib/gcc/arm-none-eabi/12.2.0/../../../../arm-none-eabi/lib/thumb/v7e-m/nofp/libg.a(libc_a-memset.o)
 .debug_aranges
                0x0800e0bf       0x20 /opt/gcc-arm-none-eabi/bin/../lib/gcc/arm-none-eabi/12.2.0/../../../../arm-none-eabi/lib/thumb/v7e-m/nofp/libg.a(libc_a-memset.o)
 .debug_rnglists
                0x0800e0df       0x14 /opt/gcc-arm-none-eabi/bin/../lib/gcc/arm-none-eabi/12.2.0/../../../../arm-none-eabi/lib/thumb/v7e-m/nofp/libg.a(libc_a-memset.o)
 .debug_line    0x0800e0f3      0x23e /opt/gcc-arm-none-eabi/bin/../lib/gcc/arm-none-eabi/12.2.0/../../../../arm-none-eabi/lib/thumb/v7e-m/nofp/libg.a(libc_a-memset.o)
 .debug_str     0x0800e331       0x77 /opt/gcc-arm-none-eabi/bin/../lib/gcc/arm-none-eabi/12.2.0/../../../../arm-none-eabi/lib/thumb/v7e-m/nofp/libg.a(libc_a-memset.o)
                                0x215 (size before relaxing)
 .debug_frame   0x0800e3a8       0x2c /opt/gcc-arm-none-eabi/bin/../lib/gcc/arm-none-eabi/12.2.0/../../../../arm-none-eabi/lib/thumb/v7e-m/nofp/libg.a(libc_a-memset.o)
 .debug_info    0x0800e3d4      0x10b /opt/gcc-arm-none-eabi/bin/../lib/gcc/arm-none-eabi/12.2.0/../../../../arm-none-eabi/lib/thumb/v7e-m/nofp/libg.a(libc_a-init.o)
 .debug_abbrev  0x0800e4df       0xc9 /opt/gcc-arm-none-eabi/bin/../lib/gcc/arm-none-eabi/12.2.0/../../../../arm-none-eabi/lib/thumb/v7e-m/nofp/libg.a(libc_a-init.o)
 .debug_loclists
                0x0800e5a8       0x6f /opt/gcc-arm-none-eabi/bin/../lib/gcc/arm-none-eabi/12.2.0/../../../../arm-none-eabi/lib/thumb/v7e-m/nofp/libg.a(libc_a-init.o)
 .debug_aranges
                0x0800e617       0x20 /opt/gcc-arm-none-eabi/bin/../lib/gcc/arm-none-eabi/12.2.0/../../../../arm-none-eabi/lib/thumb/v7e-m/nofp/libg.a(libc_a-init.o)
 .debug_rnglists
                0x0800e637       0x13 /opt/gcc-arm-none-eabi/bin/../lib/gcc/arm-none-eabi/12.2.0/../../../../arm-none-eabi/lib/thumb/v7e-m/nofp/libg.a(libc_a-init.o)
 .debug_line    0x0800e64a      0x18f /opt/gcc-arm-none-eabi/bin/../lib/gcc/arm-none-eabi/12.2.0/../../../../arm-none-eabi/lib/thumb/v7e-m/nofp/libg.a(libc_a-init.o)
 .debug_str     0x0800e7d9       0xad /opt/gcc-arm-none-eabi/bin/../lib/gcc/arm-none-eabi/12.2.0/../../../../arm-none-eabi/lib/thumb/v7e-m/nofp/libg.a(libc_a-init.o)
                                0x262 (size before relaxing)
 *fill*         0x0800e886        0x2 
 .debug_frame   0x0800e888       0x2c /opt/gcc-arm-none-eabi/bin/../lib/gcc/arm-none-eabi/12.2.0/../../../../arm-none-eabi/lib/thumb/v7e-m/nofp/libg.a(libc_a-init.o)
 .debug_info    0x0800e8b4       0xf7 /opt/gcc-arm-none-eabi/bin/../lib/gcc/arm-none-eabi/12.2.0/../../../../arm-none-eabi/lib/thumb/v7e-m/nofp/libg.a(libc_a-fini.o)
 .debug_abbrev  0x0800e9ab       0xcc /opt/gcc-arm-none-eabi/bin/../lib/gcc/arm-none-eabi/12.2.0/../../../../arm-none-eabi/lib/thumb/v7e-m/nofp/libg.a(libc_a-fini.o)
 .debug_loclists
                0x0800ea77       0x4c /opt/gcc-arm-none-eabi/bin/../lib/gcc/arm-none-eabi/12.2.0/../../../../arm-none-eabi/lib/thumb/v7e-m/nofp/libg.a(libc_a-fini.o)
 .debug_aranges
                0x0800eac3       0x20 /opt/gcc-arm-none-eabi/bin/../lib/gcc/arm-none-eabi/12.2.0/../../../../arm-none-eabi/lib/thumb/v7e-m/nofp/libg.a(libc_a-fini.o)
 .debug_rnglists
                0x0800eae3       0x13 /opt/gcc-arm-none-eabi/bin/../lib/gcc/arm-none-eabi/12.2.0/../../../../arm-none-eabi/lib/thumb/v7e-m/nofp/libg.a(libc_a-fini.o)
 .debug_line    0x0800eaf6      0x13f /opt/gcc-arm-none-eabi/bin/../lib/gcc/arm-none-eabi/12.2.0/../../../../arm-none-eabi/lib/thumb/v7e-m/nofp/libg.a(libc_a-fini.o)
 .debug_str     0x0800ec35       0x83 /opt/gcc-arm-none-eabi/bin/../lib/gcc/arm-none-eabi/12.2.0/../../../../arm-none-eabi/lib/thumb/v7e-m/nofp/libg.a(libc_a-fini.o)
                                0x238 (size before relaxing)
 .debug_frame   0x0800ecb8       0x34 /opt/gcc-arm-none-eabi/bin/../lib/gcc/arm-none-eabi/12.2.0/../../../../arm-none-eabi/lib/thumb/v7e-m/nofp/libg.a(libc_a-fini.o)
 .debug_info    0x0800ecec      0x20a /opt/gcc-arm-none-eabi/bin/../lib/gcc/arm-none-eabi/12.2.0/../../../../arm-none-eabi/lib/thumb/v7e-m/nofp/libg.a(libc_a-lock.o)
 .debug_abbrev  0x0800eef6      0x115 /opt/gcc-arm-none-eabi/bin/../lib/gcc/arm-none-eabi/12.2.0/../../../../arm-none-eabi/lib/thumb/v7e-m/nofp/libg.a(libc_a-lock.o)
 .debug_loclists
                0x0800f00b       0x23 /opt/gcc-arm-none-eabi/bin/../lib/gcc/arm-none-eabi/12.2.0/../../../../arm-none-eabi/lib/thumb/v7e-m/nofp/libg.a(libc_a-lock.o)
 .debug_aranges
                0x0800f02e       0x68 /opt/gcc-arm-none-eabi/bin/../lib/gcc/arm-none-eabi/12.2.0/../../../../arm-none-eabi/lib/thumb/v7e-m/nofp/libg.a(libc_a-lock.o)
 .debug_rnglists
                0x0800f096       0x49 /opt/gcc-arm-none-eabi/bin/../lib/gcc/arm-none-eabi/12.2.0/../../../../arm-none-eabi/lib/thumb/v7e-m/nofp/libg.a(libc_a-lock.o)
 .debug_line    0x0800f0df      0x1ad /opt/gcc-arm-none-eabi/bin/../lib/gcc/arm-none-eabi/12.2.0/../../../../arm-none-eabi/lib/thumb/v7e-m/nofp/libg.a(libc_a-lock.o)
 .debug_str     0x0800f28c      0x1fc /opt/gcc-arm-none-eabi/bin/../lib/gcc/arm-none-eabi/12.2.0/../../../../arm-none-eabi/lib/thumb/v7e-m/nofp/libg.a(libc_a-lock.o)
                                0x374 (size before relaxing)
 .debug_frame   0x0800f488       0xb0 /opt/gcc-arm-none-eabi/bin/../lib/gcc/arm-none-eabi/12.2.0/../../../../arm-none-eabi/lib/thumb/v7e-m/nofp/libg.a(libc_a-lock.o)
 .debug_info    0x0800f538      0x118 /opt/gcc-arm-none-eabi/bin/../lib/gcc/arm-none-eabi/12.2.0/../../../../arm-none-eabi/lib/thumb/v7e-m/nofp/libg.a(libc_a-atexit.o)
 .debug_abbrev  0x0800f650       0xc1 /opt/gcc-arm-none-eabi/bin/../lib/gcc/arm-none-eabi/12.2.0/../../../../arm-none-eabi/lib/thumb/v7e-m/nofp/libg.a(libc_a-atexit.o)
 .debug_loclists
                0x0800f711       0x2a /opt/gcc-arm-none-eabi/bin/../lib/gcc/arm-none-eabi/12.2.0/../../../../arm-none-eabi/lib/thumb/v7e-m/nofp/libg.a(libc_a-atexit.o)
 .debug_aranges
                0x0800f73b       0x20 /opt/gcc-arm-none-eabi/bin/../lib/gcc/arm-none-eabi/12.2.0/../../../../arm-none-eabi/lib/thumb/v7e-m/nofp/libg.a(libc_a-atexit.o)
 .debug_rnglists
                0x0800f75b       0x13 /opt/gcc-arm-none-eabi/bin/../lib/gcc/arm-none-eabi/12.2.0/../../../../arm-none-eabi/lib/thumb/v7e-m/nofp/libg.a(libc_a-atexit.o)
 .debug_line    0x0800f76e      0x114 /opt/gcc-arm-none-eabi/bin/../lib/gcc/arm-none-eabi/12.2.0/../../../../arm-none-eabi/lib/thumb/v7e-m/nofp/libg.a(libc_a-atexit.o)
 .debug_str     0x0800f882       0xa7 /opt/gcc-arm-none-eabi/bin/../lib/gcc/arm-none-eabi/12.2.0/../../../../arm-none-eabi/lib/thumb/v7e-m/nofp/libg.a(libc_a-atexit.o)
                                0x23e (size before relaxing)
 *fill*         0x0800f929        0x3 
 .debug_frame   0x0800f92c       0x20 /opt/gcc-arm-none-eabi/bin/../lib/gcc/arm-none-eabi/12.2.0/../../../../arm-none-eabi/lib/thumb/v7e-m/nofp/libg.a(libc_a-atexit.o)
 .debug_info    0x0800f94c     0x109f /opt/gcc-arm-none-eabi/bin/../lib/gcc/arm-none-eabi/12.2.0/../../../../arm-none-eabi/lib/thumb/v7e-m/nofp/libg.a(libc_a-findfp.o)
 .debug_abbrev  0x080109eb      0x45c /opt/gcc-arm-none-eabi/bin/../lib/gcc/arm-none-eabi/12.2.0/../../../../arm-none-eabi/lib/thumb/v7e-m/nofp/libg.a(libc_a-findfp.o)
 .debug_loclists
                0x08010e47      0x2b6 /opt/gcc-arm-none-eabi/bin/../lib/gcc/arm-none-eabi/12.2.0/../../../../arm-none-eabi/lib/thumb/v7e-m/nofp/libg.a(libc_a-findfp.o)
 .debug_aranges
                0x080110fd       0x70 /opt/gcc-arm-none-eabi/bin/../lib/gcc/arm-none-eabi/12.2.0/../../../../arm-none-eabi/lib/thumb/v7e-m/nofp/libg.a(libc_a-findfp.o)
 .debug_rnglists
                0x0801116d      0x116 /opt/gcc-arm-none-eabi/bin/../lib/gcc/arm-none-eabi/12.2.0/../../../../arm-none-eabi/lib/thumb/v7e-m/nofp/libg.a(libc_a-findfp.o)
 .debug_line    0x08011283      0x6ca /opt/gcc-arm-none-eabi/bin/../lib/gcc/arm-none-eabi/12.2.0/../../../../arm-none-eabi/lib/thumb/v7e-m/nofp/libg.a(libc_a-findfp.o)
 .debug_str     0x0801194d      0x49a /opt/gcc-arm-none-eabi/bin/../lib/gcc/arm-none-eabi/12.2.0/../../../../arm-none-eabi/lib/thumb/v7e-m/nofp/libg.a(libc_a-findfp.o)
                                0x799 (size before relaxing)
 *fill*         0x08011de7        0x1 
 .debug_frame   0x08011de8      0x130 /opt/gcc-arm-none-eabi/bin/../lib/gcc/arm-none-eabi/12.2.0/../../../../arm-none-eabi/lib/thumb/v7e-m/nofp/libg.a(libc_a-findfp.o)
 .debug_info    0x08011f18      0xa6b /opt/gcc-arm-none-eabi/bin/../lib/gcc/arm-none-eabi/12.2.0/../../../../arm-none-eabi/lib/thumb/v7e-m/nofp/libg.a(libc_a-stdio.o)
 .debug_abbrev  0x08012983      0x260 /opt/gcc-arm-none-eabi/bin/../lib/gcc/arm-none-eabi/12.2.0/../../../../arm-none-eabi/lib/thumb/v7e-m/nofp/libg.a(libc_a-stdio.o)
 .debug_loclists
                0x08012be3      0x234 /opt/gcc-arm-none-eabi/bin/../lib/gcc/arm-none-eabi/12.2.0/../../../../arm-none-eabi/lib/thumb/v7e-m/nofp/libg.a(libc_a-stdio.o)
 .debug_aranges
                0x08012e17       0x40 /opt/gcc-arm-none-eabi/bin/../lib/gcc/arm-none-eabi/12.2.0/../../../../arm-none-eabi/lib/thumb/v7e-m/nofp/libg.a(libc_a-stdio.o)
 .debug_rnglists
                0x08012e57       0x2b /opt/gcc-arm-none-eabi/bin/../lib/gcc/arm-none-eabi/12.2.0/../../../../arm-none-eabi/lib/thumb/v7e-m/nofp/libg.a(libc_a-stdio.o)
 .debug_line    0x08012e82      0x2f6 /opt/gcc-arm-none-eabi/bin/../lib/gcc/arm-none-eabi/12.2.0/../../../../arm-none-eabi/lib/thumb/v7e-m/nofp/libg.a(libc_a-stdio.o)
 .debug_str     0x08013178       0x9f /opt/gcc-arm-none-eabi/bin/../lib/gcc/arm-none-eabi/12.2.0/../../../../arm-none-eabi/lib/thumb/v7e-m/nofp/libg.a(libc_a-stdio.o)
                                0x57e (size before relaxing)
 *fill*         0x08013217        0x1 
 .debug_frame   0x08013218       0x8c /opt/gcc-arm-none-eabi/bin/../lib/gcc/arm-none-eabi/12.2.0/../../../../arm-none-eabi/lib/thumb/v7e-m/nofp/libg.a(libc_a-stdio.o)
 .debug_info    0x080132a4      0x7ed /opt/gcc-arm-none-eabi/bin/../lib/gcc/arm-none-eabi/12.2.0/../../../../arm-none-eabi/lib/thumb/v7e-m/nofp/libg.a(libc_a-fwalk.o)
 .debug_abbrev  0x08013a91      0x1d9 /opt/gcc-arm-none-eabi/bin/../lib/gcc/arm-none-eabi/12.2.0/../../../../arm-none-eabi/lib/thumb/v7e-m/nofp/libg.a(libc_a-fwalk.o)
 .debug_loclists
                0x08013c6a       0x95 /opt/gcc-arm-none-eabi/bin/../lib/gcc/arm-none-eabi/12.2.0/../../../../arm-none-eabi/lib/thumb/v7e-m/nofp/libg.a(libc_a-fwalk.o)
 .debug_aranges
                0x08013cff       0x20 /opt/gcc-arm-none-eabi/bin/../lib/gcc/arm-none-eabi/12.2.0/../../../../arm-none-eabi/lib/thumb/v7e-m/nofp/libg.a(libc_a-fwalk.o)
 .debug_rnglists
                0x08013d1f       0x13 /opt/gcc-arm-none-eabi/bin/../lib/gcc/arm-none-eabi/12.2.0/../../../../arm-none-eabi/lib/thumb/v7e-m/nofp/libg.a(libc_a-fwalk.o)
 .debug_line    0x08013d32      0x26b /opt/gcc-arm-none-eabi/bin/../lib/gcc/arm-none-eabi/12.2.0/../../../../arm-none-eabi/lib/thumb/v7e-m/nofp/libg.a(libc_a-fwalk.o)
 .debug_str     0x08013f9d       0x61 /opt/gcc-arm-none-eabi/bin/../lib/gcc/arm-none-eabi/12.2.0/../../../../arm-none-eabi/lib/thumb/v7e-m/nofp/libg.a(libc_a-fwalk.o)
                                0x521 (size before relaxing)
 *fill*         0x08013ffe        0x2 
 .debug_frame   0x08014000       0x34 /opt/gcc-arm-none-eabi/bin/../lib/gcc/arm-none-eabi/12.2.0/../../../../arm-none-eabi/lib/thumb/v7e-m/nofp/libg.a(libc_a-fwalk.o)
 .debug_info    0x08014034      0x7d0 /opt/gcc-arm-none-eabi/bin/../lib/gcc/arm-none-eabi/12.2.0/../../../../arm-none-eabi/lib/thumb/v7e-m/nofp/libg.a(libc_a-writer.o)
 .debug_abbrev  0x08014804      0x1f1 /opt/gcc-arm-none-eabi/bin/../lib/gcc/arm-none-eabi/12.2.0/../../../../arm-none-eabi/lib/thumb/v7e-m/nofp/libg.a(libc_a-writer.o)
 .debug_loclists
                0x080149f5       0x9d /opt/gcc-arm-none-eabi/bin/../lib/gcc/arm-none-eabi/12.2.0/../../../../arm-none-eabi/lib/thumb/v7e-m/nofp/libg.a(libc_a-writer.o)
 .debug_aranges
                0x08014a92       0x20 /opt/gcc-arm-none-eabi/bin/../lib/gcc/arm-none-eabi/12.2.0/../../../../arm-none-eabi/lib/thumb/v7e-m/nofp/libg.a(libc_a-writer.o)
 .debug_rnglists
                0x08014ab2       0x13 /opt/gcc-arm-none-eabi/bin/../lib/gcc/arm-none-eabi/12.2.0/../../../../arm-none-eabi/lib/thumb/v7e-m/nofp/libg.a(libc_a-writer.o)
 .debug_line    0x08014ac5      0x236 /opt/gcc-arm-none-eabi/bin/../lib/gcc/arm-none-eabi/12.2.0/../../../../arm-none-eabi/lib/thumb/v7e-m/nofp/libg.a(libc_a-writer.o)
 .debug_str     0x08014cfb       0x62 /opt/gcc-arm-none-eabi/bin/../lib/gcc/arm-none-eabi/12.2.0/../../../../arm-none-eabi/lib/thumb/v7e-m/nofp/libg.a(libc_a-writer.o)
                                0x517 (size before relaxing)
 *fill*         0x08014d5d        0x3 
 .debug_frame   0x08014d60       0x2c /opt/gcc-arm-none-eabi/bin/../lib/gcc/arm-none-eabi/12.2.0/../../../../arm-none-eabi/lib/thumb/v7e-m/nofp/libg.a(libc_a-writer.o)
 .debug_info    0x08014d8c      0x25f /opt/gcc-arm-none-eabi/bin/../lib/gcc/arm-none-eabi/12.2.0/../../../../arm-none-eabi/lib/thumb/v7e-m/nofp/libg.a(libc_a-__atexit.o)
 .debug_abbrev  0x08014feb      0x189 /opt/gcc-arm-none-eabi/bin/../lib/gcc/arm-none-eabi/12.2.0/../../../../arm-none-eabi/lib/thumb/v7e-m/nofp/libg.a(libc_a-__atexit.o)
 .debug_loclists
                0x08015174       0x8e /opt/gcc-arm-none-eabi/bin/../lib/gcc/arm-none-eabi/12.2.0/../../../../arm-none-eabi/lib/thumb/v7e-m/nofp/libg.a(libc_a-__atexit.o)
 .debug_aranges
                0x08015202       0x20 /opt/gcc-arm-none-eabi/bin/../lib/gcc/arm-none-eabi/12.2.0/../../../../arm-none-eabi/lib/thumb/v7e-m/nofp/libg.a(libc_a-__atexit.o)
 .debug_rnglists
                0x08015222       0x14 /opt/gcc-arm-none-eabi/bin/../lib/gcc/arm-none-eabi/12.2.0/../../../../arm-none-eabi/lib/thumb/v7e-m/nofp/libg.a(libc_a-__atexit.o)
 .debug_line    0x08015236      0x1c6 /opt/gcc-arm-none-eabi/bin/../lib/gcc/arm-none-eabi/12.2.0/../../../../arm-none-eabi/lib/thumb/v7e-m/nofp/libg.a(libc_a-__atexit.o)
 .debug_str     0x080153fc       0x74 /opt/gcc-arm-none-eabi/bin/../lib/gcc/arm-none-eabi/12.2.0/../../../../arm-none-eabi/lib/thumb/v7e-m/nofp/libg.a(libc_a-__atexit.o)
                                0x315 (size before relaxing)
 .debug_frame   0x08015470       0x34 /opt/gcc-arm-none-eabi/bin/../lib/gcc/arm-none-eabi/12.2.0/../../../../arm-none-eabi/lib/thumb/v7e-m/nofp/libg.a(libc_a-__atexit.o)
 .debug_info    0x080154a4      0xcbd /opt/gcc-arm-none-eabi/bin/../lib/gcc/arm-none-eabi/12.2.0/../../../../arm-none-eabi/lib/thumb/v7e-m/nofp/libg.a(libc_a-mallocr.o)
 .debug_abbrev  0x08016161      0x2d7 /opt/gcc-arm-none-eabi/bin/../lib/gcc/arm-none-eabi/12.2.0/../../../../arm-none-eabi/lib/thumb/v7e-m/nofp/libg.a(libc_a-mallocr.o)
 .debug_loclists
                0x08016438      0x9e2 /opt/gcc-arm-none-eabi/bin/../lib/gcc/arm-none-eabi/12.2.0/../../../../arm-none-eabi/lib/thumb/v7e-m/nofp/libg.a(libc_a-mallocr.o)
 .debug_aranges
                0x08016e1a       0x20 /opt/gcc-arm-none-eabi/bin/../lib/gcc/arm-none-eabi/12.2.0/../../../../arm-none-eabi/lib/thumb/v7e-m/nofp/libg.a(libc_a-mallocr.o)
 .debug_rnglists
                0x08016e3a       0x43 /opt/gcc-arm-none-eabi/bin/../lib/gcc/arm-none-eabi/12.2.0/../../../../arm-none-eabi/lib/thumb/v7e-m/nofp/libg.a(libc_a-mallocr.o)
 .debug_line    0x08016e7d      0x929 /opt/gcc-arm-none-eabi/bin/../lib/gcc/arm-none-eabi/12.2.0/../../../../arm-none-eabi/lib/thumb/v7e-m/nofp/libg.a(libc_a-mallocr.o)
 .debug_str     0x080177a6      0x25a /opt/gcc-arm-none-eabi/bin/../lib/gcc/arm-none-eabi/12.2.0/../../../../arm-none-eabi/lib/thumb/v7e-m/nofp/libg.a(libc_a-mallocr.o)
                                0x731 (size before relaxing)
 .debug_frame   0x08017a00       0x48 /opt/gcc-arm-none-eabi/bin/../lib/gcc/arm-none-eabi/12.2.0/../../../../arm-none-eabi/lib/thumb/v7e-m/nofp/libg.a(libc_a-mallocr.o)
 .debug_info    0x08017a48      0x8e4 /opt/gcc-arm-none-eabi/bin/../lib/gcc/arm-none-eabi/12.2.0/../../../../arm-none-eabi/lib/thumb/v7e-m/nofp/libg.a(libc_a-fclose.o)
 .debug_abbrev  0x0801832c      0x2a2 /opt/gcc-arm-none-eabi/bin/../lib/gcc/arm-none-eabi/12.2.0/../../../../arm-none-eabi/lib/thumb/v7e-m/nofp/libg.a(libc_a-fclose.o)
 .debug_loclists
                0x080185ce       0xd4 /opt/gcc-arm-none-eabi/bin/../lib/gcc/arm-none-eabi/12.2.0/../../../../arm-none-eabi/lib/thumb/v7e-m/nofp/libg.a(libc_a-fclose.o)
 .debug_aranges
                0x080186a2       0x28 /opt/gcc-arm-none-eabi/bin/../lib/gcc/arm-none-eabi/12.2.0/../../../../arm-none-eabi/lib/thumb/v7e-m/nofp/libg.a(libc_a-fclose.o)
 .debug_rnglists
                0x080186ca       0x28 /opt/gcc-arm-none-eabi/bin/../lib/gcc/arm-none-eabi/12.2.0/../../../../arm-none-eabi/lib/thumb/v7e-m/nofp/libg.a(libc_a-fclose.o)
 .debug_line    0x080186f2      0x369 /opt/gcc-arm-none-eabi/bin/../lib/gcc/arm-none-eabi/12.2.0/../../../../arm-none-eabi/lib/thumb/v7e-m/nofp/libg.a(libc_a-fclose.o)
 .debug_str     0x08018a5b       0x89 /opt/gcc-arm-none-eabi/bin/../lib/gcc/arm-none-eabi/12.2.0/../../../../arm-none-eabi/lib/thumb/v7e-m/nofp/libg.a(libc_a-fclose.o)
                                0x5d4 (size before relaxing)
 .debug_frame   0x08018ae4       0x3c /opt/gcc-arm-none-eabi/bin/../lib/gcc/arm-none-eabi/12.2.0/../../../../arm-none-eabi/lib/thumb/v7e-m/nofp/libg.a(libc_a-fclose.o)
 .debug_info    0x08018b20      0x788 /opt/gcc-arm-none-eabi/bin/../lib/gcc/arm-none-eabi/12.2.0/../../../../arm-none-eabi/lib/thumb/v7e-m/nofp/libg.a(libc_a-mlock.o)
 .debug_abbrev  0x080192a8      0x1fb /opt/gcc-arm-none-eabi/bin/../lib/gcc/arm-none-eabi/12.2.0/../../../../arm-none-eabi/lib/thumb/v7e-m/nofp/libg.a(libc_a-mlock.o)
 .debug_loclists
                0x080194a3       0x3a /opt/gcc-arm-none-eabi/bin/../lib/gcc/arm-none-eabi/12.2.0/../../../../arm-none-eabi/lib/thumb/v7e-m/nofp/libg.a(libc_a-mlock.o)
 .debug_aranges
                0x080194dd       0x28 /opt/gcc-arm-none-eabi/bin/../lib/gcc/arm-none-eabi/12.2.0/../../../../arm-none-eabi/lib/thumb/v7e-m/nofp/libg.a(libc_a-mlock.o)
 .debug_rnglists
                0x08019505       0x19 /opt/gcc-arm-none-eabi/bin/../lib/gcc/arm-none-eabi/12.2.0/../../../../arm-none-eabi/lib/thumb/v7e-m/nofp/libg.a(libc_a-mlock.o)
 .debug_line    0x0801951e      0x1ff /opt/gcc-arm-none-eabi/bin/../lib/gcc/arm-none-eabi/12.2.0/../../../../arm-none-eabi/lib/thumb/v7e-m/nofp/libg.a(libc_a-mlock.o)
 .debug_str     0x0801971d       0x62 /opt/gcc-arm-none-eabi/bin/../lib/gcc/arm-none-eabi/12.2.0/../../../../arm-none-eabi/lib/thumb/v7e-m/nofp/libg.a(libc_a-mlock.o)
                                0x593 (size before relaxing)
 *fill*         0x0801977f        0x1 
 .debug_frame   0x08019780       0x30 /opt/gcc-arm-none-eabi/bin/../lib/gcc/arm-none-eabi/12.2.0/../../../../arm-none-eabi/lib/thumb/v7e-m/nofp/libg.a(libc_a-mlock.o)
 .debug_info    0x080197b0      0x773 /opt/gcc-arm-none-eabi/bin/../lib/gcc/arm-none-eabi/12.2.0/../../../../arm-none-eabi/lib/thumb/v7e-m/nofp/libg.a(libc_a-closer.o)
 .debug_abbrev  0x08019f23      0x1ec /opt/gcc-arm-none-eabi/bin/../lib/gcc/arm-none-eabi/12.2.0/../../../../arm-none-eabi/lib/thumb/v7e-m/nofp/libg.a(libc_a-closer.o)
 .debug_loclists
                0x0801a10f       0x4c /opt/gcc-arm-none-eabi/bin/../lib/gcc/arm-none-eabi/12.2.0/../../../../arm-none-eabi/lib/thumb/v7e-m/nofp/libg.a(libc_a-closer.o)
 .debug_aranges
                0x0801a15b       0x20 /opt/gcc-arm-none-eabi/bin/../lib/gcc/arm-none-eabi/12.2.0/../../../../arm-none-eabi/lib/thumb/v7e-m/nofp/libg.a(libc_a-closer.o)
 .debug_rnglists
                0x0801a17b       0x13 /opt/gcc-arm-none-eabi/bin/../lib/gcc/arm-none-eabi/12.2.0/../../../../arm-none-eabi/lib/thumb/v7e-m/nofp/libg.a(libc_a-closer.o)
 .debug_line    0x0801a18e      0x230 /opt/gcc-arm-none-eabi/bin/../lib/gcc/arm-none-eabi/12.2.0/../../../../arm-none-eabi/lib/thumb/v7e-m/nofp/libg.a(libc_a-closer.o)
 .debug_str     0x0801a3be       0x62 /opt/gcc-arm-none-eabi/bin/../lib/gcc/arm-none-eabi/12.2.0/../../../../arm-none-eabi/lib/thumb/v7e-m/nofp/libg.a(libc_a-closer.o)
                                0x507 (size before relaxing)
 .debug_frame   0x0801a420       0x2c /opt/gcc-arm-none-eabi/bin/../lib/gcc/arm-none-eabi/12.2.0/../../../../arm-none-eabi/lib/thumb/v7e-m/nofp/libg.a(libc_a-closer.o)
 .debug_info    0x0801a44c      0x7ee /opt/gcc-arm-none-eabi/bin/../lib/gcc/arm-none-eabi/12.2.0/../../../../arm-none-eabi/lib/thumb/v7e-m/nofp/libg.a(libc_a-reent.o)
 .debug_abbrev  0x0801ac3a      0x22b /opt/gcc-arm-none-eabi/bin/../lib/gcc/arm-none-eabi/12.2.0/../../../../arm-none-eabi/lib/thumb/v7e-m/nofp/libg.a(libc_a-reent.o)
 .debug_loclists
                0x0801ae65       0x5e /opt/gcc-arm-none-eabi/bin/../lib/gcc/arm-none-eabi/12.2.0/../../../../arm-none-eabi/lib/thumb/v7e-m/nofp/libg.a(libc_a-reent.o)
 .debug_aranges
                0x0801aec3       0x20 /opt/gcc-arm-none-eabi/bin/../lib/gcc/arm-none-eabi/12.2.0/../../../../arm-none-eabi/lib/thumb/v7e-m/nofp/libg.a(libc_a-reent.o)
 .debug_rnglists
                0x0801aee3       0x13 /opt/gcc-arm-none-eabi/bin/../lib/gcc/arm-none-eabi/12.2.0/../../../../arm-none-eabi/lib/thumb/v7e-m/nofp/libg.a(libc_a-reent.o)
 .debug_line    0x0801aef6      0x274 /opt/gcc-arm-none-eabi/bin/../lib/gcc/arm-none-eabi/12.2.0/../../../../arm-none-eabi/lib/thumb/v7e-m/nofp/libg.a(libc_a-reent.o)
 .debug_str     0x0801b16a       0x80 /opt/gcc-arm-none-eabi/bin/../lib/gcc/arm-none-eabi/12.2.0/../../../../arm-none-eabi/lib/thumb/v7e-m/nofp/libg.a(libc_a-reent.o)
                                0x530 (size before relaxing)
 *fill*         0x0801b1ea        0x2 
 .debug_frame   0x0801b1ec       0x3c /opt/gcc-arm-none-eabi/bin/../lib/gcc/arm-none-eabi/12.2.0/../../../../arm-none-eabi/lib/thumb/v7e-m/nofp/libg.a(libc_a-reent.o)
 .debug_info    0x0801b228      0xab3 /opt/gcc-arm-none-eabi/bin/../lib/gcc/arm-none-eabi/12.2.0/../../../../arm-none-eabi/lib/thumb/v7e-m/nofp/libg.a(libc_a-fflush.o)
 .debug_abbrev  0x0801bcdb      0x323 /opt/gcc-arm-none-eabi/bin/../lib/gcc/arm-none-eabi/12.2.0/../../../../arm-none-eabi/lib/thumb/v7e-m/nofp/libg.a(libc_a-fflush.o)
 .debug_loclists
                0x0801bffe      0x281 /opt/gcc-arm-none-eabi/bin/../lib/gcc/arm-none-eabi/12.2.0/../../../../arm-none-eabi/lib/thumb/v7e-m/nofp/libg.a(libc_a-fflush.o)
 .debug_aranges
                0x0801c27f       0x30 /opt/gcc-arm-none-eabi/bin/../lib/gcc/arm-none-eabi/12.2.0/../../../../arm-none-eabi/lib/thumb/v7e-m/nofp/libg.a(libc_a-fflush.o)
 .debug_rnglists
                0x0801c2af       0x70 /opt/gcc-arm-none-eabi/bin/../lib/gcc/arm-none-eabi/12.2.0/../../../../arm-none-eabi/lib/thumb/v7e-m/nofp/libg.a(libc_a-fflush.o)
 .debug_line    0x0801c31f      0x52c /opt/gcc-arm-none-eabi/bin/../lib/gcc/arm-none-eabi/12.2.0/../../../../arm-none-eabi/lib/thumb/v7e-m/nofp/libg.a(libc_a-fflush.o)
 .debug_str     0x0801c84b       0x84 /opt/gcc-arm-none-eabi/bin/../lib/gcc/arm-none-eabi/12.2.0/../../../../arm-none-eabi/lib/thumb/v7e-m/nofp/libg.a(libc_a-fflush.o)
                                0x5dc (size before relaxing)
 *fill*         0x0801c8cf        0x1 
 .debug_frame   0x0801c8d0       0x70 /opt/gcc-arm-none-eabi/bin/../lib/gcc/arm-none-eabi/12.2.0/../../../../arm-none-eabi/lib/thumb/v7e-m/nofp/libg.a(libc_a-fflush.o)
 .debug_info    0x0801c940      0x732 /opt/gcc-arm-none-eabi/bin/../lib/gcc/arm-none-eabi/12.2.0/../../../../arm-none-eabi/lib/thumb/v7e-m/nofp/libg.a(libc_a-impure.o)
 .debug_abbrev  0x0801d072      0x185 /opt/gcc-arm-none-eabi/bin/../lib/gcc/arm-none-eabi/12.2.0/../../../../arm-none-eabi/lib/thumb/v7e-m/nofp/libg.a(libc_a-impure.o)
 .debug_aranges
                0x0801d1f7       0x18 /opt/gcc-arm-none-eabi/bin/../lib/gcc/arm-none-eabi/12.2.0/../../../../arm-none-eabi/lib/thumb/v7e-m/nofp/libg.a(libc_a-impure.o)
 .debug_line    0x0801d20f      0x16c /opt/gcc-arm-none-eabi/bin/../lib/gcc/arm-none-eabi/12.2.0/../../../../arm-none-eabi/lib/thumb/v7e-m/nofp/libg.a(libc_a-impure.o)
 .debug_str     0x0801d37b       0x62 /opt/gcc-arm-none-eabi/bin/../lib/gcc/arm-none-eabi/12.2.0/../../../../arm-none-eabi/lib/thumb/v7e-m/nofp/libg.a(libc_a-impure.o)
                                0x516 (size before relaxing)
 .debug_info    0x0801d3dd      0xb24 /opt/gcc-arm-none-eabi/bin/../lib/gcc/arm-none-eabi/12.2.0/../../../../arm-none-eabi/lib/thumb/v7e-m/nofp/libg.a(libc_a-freer.o)
 .debug_abbrev  0x0801df01      0x290 /opt/gcc-arm-none-eabi/bin/../lib/gcc/arm-none-eabi/12.2.0/../../../../arm-none-eabi/lib/thumb/v7e-m/nofp/libg.a(libc_a-freer.o)
 .debug_loclists
                0x0801e191      0x430 /opt/gcc-arm-none-eabi/bin/../lib/gcc/arm-none-eabi/12.2.0/../../../../arm-none-eabi/lib/thumb/v7e-m/nofp/libg.a(libc_a-freer.o)
 .debug_aranges
                0x0801e5c1       0x28 /opt/gcc-arm-none-eabi/bin/../lib/gcc/arm-none-eabi/12.2.0/../../../../arm-none-eabi/lib/thumb/v7e-m/nofp/libg.a(libc_a-freer.o)
 .debug_rnglists
                0x0801e5e9       0x1b /opt/gcc-arm-none-eabi/bin/../lib/gcc/arm-none-eabi/12.2.0/../../../../arm-none-eabi/lib/thumb/v7e-m/nofp/libg.a(libc_a-freer.o)
 .debug_line    0x0801e604      0x59a /opt/gcc-arm-none-eabi/bin/../lib/gcc/arm-none-eabi/12.2.0/../../../../arm-none-eabi/lib/thumb/v7e-m/nofp/libg.a(libc_a-freer.o)
 .debug_str     0x0801eb9e       0x96 /opt/gcc-arm-none-eabi/bin/../lib/gcc/arm-none-eabi/12.2.0/../../../../arm-none-eabi/lib/thumb/v7e-m/nofp/libg.a(libc_a-freer.o)
                                0x679 (size before relaxing)
 .debug_frame   0x0801ec34       0x74 /opt/gcc-arm-none-eabi/bin/../lib/gcc/arm-none-eabi/12.2.0/../../../../arm-none-eabi/lib/thumb/v7e-m/nofp/libg.a(libc_a-freer.o)
 .debug_info    0x0801eca8      0x7b3 /opt/gcc-arm-none-eabi/bin/../lib/gcc/arm-none-eabi/12.2.0/../../../../arm-none-eabi/lib/thumb/v7e-m/nofp/libg.a(libc_a-lseekr.o)
 .debug_abbrev  0x0801f45b      0x200 /opt/gcc-arm-none-eabi/bin/../lib/gcc/arm-none-eabi/12.2.0/../../../../arm-none-eabi/lib/thumb/v7e-m/nofp/libg.a(libc_a-lseekr.o)
 .debug_loclists
                0x0801f65b       0x9d /opt/gcc-arm-none-eabi/bin/../lib/gcc/arm-none-eabi/12.2.0/../../../../arm-none-eabi/lib/thumb/v7e-m/nofp/libg.a(libc_a-lseekr.o)
 .debug_aranges
                0x0801f6f8       0x20 /opt/gcc-arm-none-eabi/bin/../lib/gcc/arm-none-eabi/12.2.0/../../../../arm-none-eabi/lib/thumb/v7e-m/nofp/libg.a(libc_a-lseekr.o)
 .debug_rnglists
                0x0801f718       0x13 /opt/gcc-arm-none-eabi/bin/../lib/gcc/arm-none-eabi/12.2.0/../../../../arm-none-eabi/lib/thumb/v7e-m/nofp/libg.a(libc_a-lseekr.o)
 .debug_line    0x0801f72b      0x236 /opt/gcc-arm-none-eabi/bin/../lib/gcc/arm-none-eabi/12.2.0/../../../../arm-none-eabi/lib/thumb/v7e-m/nofp/libg.a(libc_a-lseekr.o)
 .debug_str     0x0801f961       0x69 /opt/gcc-arm-none-eabi/bin/../lib/gcc/arm-none-eabi/12.2.0/../../../../arm-none-eabi/lib/thumb/v7e-m/nofp/libg.a(libc_a-lseekr.o)
                                0x515 (size before relaxing)
 *fill*         0x0801f9ca        0x2 
 .debug_frame   0x0801f9cc       0x2c /opt/gcc-arm-none-eabi/bin/../lib/gcc/arm-none-eabi/12.2.0/../../../../arm-none-eabi/lib/thumb/v7e-m/nofp/libg.a(libc_a-lseekr.o)
 .debug_info    0x0801f9f8      0x7ca /opt/gcc-arm-none-eabi/bin/../lib/gcc/arm-none-eabi/12.2.0/../../../../arm-none-eabi/lib/thumb/v7e-m/nofp/libg.a(libc_a-readr.o)
 .debug_abbrev  0x080201c2      0x1ec /opt/gcc-arm-none-eabi/bin/../lib/gcc/arm-none-eabi/12.2.0/../../../../arm-none-eabi/lib/thumb/v7e-m/nofp/libg.a(libc_a-readr.o)
 .debug_loclists
                0x080203ae       0x9d /opt/gcc-arm-none-eabi/bin/../lib/gcc/arm-none-eabi/12.2.0/../../../../arm-none-eabi/lib/thumb/v7e-m/nofp/libg.a(libc_a-readr.o)
 .debug_aranges
                0x0802044b       0x20 /opt/gcc-arm-none-eabi/bin/../lib/gcc/arm-none-eabi/12.2.0/../../../../arm-none-eabi/lib/thumb/v7e-m/nofp/libg.a(libc_a-readr.o)
 .debug_rnglists
                0x0802046b       0x13 /opt/gcc-arm-none-eabi/bin/../lib/gcc/arm-none-eabi/12.2.0/../../../../arm-none-eabi/lib/thumb/v7e-m/nofp/libg.a(libc_a-readr.o)
 .debug_line    0x0802047e      0x235 /opt/gcc-arm-none-eabi/bin/../lib/gcc/arm-none-eabi/12.2.0/../../../../arm-none-eabi/lib/thumb/v7e-m/nofp/libg.a(libc_a-readr.o)
 .debug_str     0x080206b3       0x61 /opt/gcc-arm-none-eabi/bin/../lib/gcc/arm-none-eabi/12.2.0/../../../../arm-none-eabi/lib/thumb/v7e-m/nofp/libg.a(libc_a-readr.o)
                                0x515 (size before relaxing)
 .debug_frame   0x08020714       0x2c /opt/gcc-arm-none-eabi/bin/../lib/gcc/arm-none-eabi/12.2.0/../../../../arm-none-eabi/lib/thumb/v7e-m/nofp/libg.a(libc_a-readr.o)
 .debug_info    0x08020740      0x799 /opt/gcc-arm-none-eabi/bin/../lib/gcc/arm-none-eabi/12.2.0/../../../../arm-none-eabi/lib/thumb/v7e-m/nofp/libg.a(libc_a-sbrkr.o)
 .debug_abbrev  0x08020ed9      0x216 /opt/gcc-arm-none-eabi/bin/../lib/gcc/arm-none-eabi/12.2.0/../../../../arm-none-eabi/lib/thumb/v7e-m/nofp/libg.a(libc_a-sbrkr.o)
 .debug_loclists
                0x080210ef       0x4c /opt/gcc-arm-none-eabi/bin/../lib/gcc/arm-none-eabi/12.2.0/../../../../arm-none-eabi/lib/thumb/v7e-m/nofp/libg.a(libc_a-sbrkr.o)
 .debug_aranges
                0x0802113b       0x20 /opt/gcc-arm-none-eabi/bin/../lib/gcc/arm-none-eabi/12.2.0/../../../../arm-none-eabi/lib/thumb/v7e-m/nofp/libg.a(libc_a-sbrkr.o)
 .debug_rnglists
                0x0802115b       0x13 /opt/gcc-arm-none-eabi/bin/../lib/gcc/arm-none-eabi/12.2.0/../../../../arm-none-eabi/lib/thumb/v7e-m/nofp/libg.a(libc_a-sbrkr.o)
 .debug_line    0x0802116e      0x230 /opt/gcc-arm-none-eabi/bin/../lib/gcc/arm-none-eabi/12.2.0/../../../../arm-none-eabi/lib/thumb/v7e-m/nofp/libg.a(libc_a-sbrkr.o)
 .debug_str     0x0802139e       0x6c /opt/gcc-arm-none-eabi/bin/../lib/gcc/arm-none-eabi/12.2.0/../../../../arm-none-eabi/lib/thumb/v7e-m/nofp/libg.a(libc_a-sbrkr.o)
                                0x51a (size before relaxing)
 *fill*         0x0802140a        0x2 
 .debug_frame   0x0802140c       0x2c /opt/gcc-arm-none-eabi/bin/../lib/gcc/arm-none-eabi/12.2.0/../../../../arm-none-eabi/lib/thumb/v7e-m/nofp/libg.a(libc_a-sbrkr.o)
 .debug_info    0x08021438     0x2d1d /opt/gcc-arm-none-eabi/bin/../lib/gcc/arm-none-eabi/12.2.0/../../../../arm-none-eabi/lib/thumb/v7e-m/nofp/librdimon.a(rdimon-syscalls.o)
 .debug_abbrev  0x08024155      0x555 /opt/gcc-arm-none-eabi/bin/../lib/gcc/arm-none-eabi/12.2.0/../../../../arm-none-eabi/lib/thumb/v7e-m/nofp/librdimon.a(rdimon-syscalls.o)
 .debug_loclists
                0x080246aa     0x14f6 /opt/gcc-arm-none-eabi/bin/../lib/gcc/arm-none-eabi/12.2.0/../../../../arm-none-eabi/lib/thumb/v7e-m/nofp/librdimon.a(rdimon-syscalls.o)
 .debug_aranges
                0x08025ba0       0xf0 /opt/gcc-arm-none-eabi/bin/../lib/gcc/arm-none-eabi/12.2.0/../../../../arm-none-eabi/lib/thumb/v7e-m/nofp/librdimon.a(rdimon-syscalls.o)
 .debug_rnglists
                0x08025c90      0x435 /opt/gcc-arm-none-eabi/bin/../lib/gcc/arm-none-eabi/12.2.0/../../../../arm-none-eabi/lib/thumb/v7e-m/nofp/librdimon.a(rdimon-syscalls.o)
 .debug_line    0x080260c5     0x17f3 /opt/gcc-arm-none-eabi/bin/../lib/gcc/arm-none-eabi/12.2.0/../../../../arm-none-eabi/lib/thumb/v7e-m/nofp/librdimon.a(rdimon-syscalls.o)
 .debug_str     0x080278b8      0x4fb /opt/gcc-arm-none-eabi/bin/../lib/gcc/arm-none-eabi/12.2.0/../../../../arm-none-eabi/lib/thumb/v7e-m/nofp/librdimon.a(rdimon-syscalls.o)
                                0x988 (size before relaxing)
 *fill*         0x08027db3        0x1 
 .debug_frame   0x08027db4      0x3f4 /opt/gcc-arm-none-eabi/bin/../lib/gcc/arm-none-eabi/12.2.0/../../../../arm-none-eabi/lib/thumb/v7e-m/nofp/librdimon.a(rdimon-syscalls.o)
 .debug_info    0x080281a8       0x95 /opt/gcc-arm-none-eabi/bin/../lib/gcc/arm-none-eabi/12.2.0/../../../../arm-none-eabi/lib/thumb/v7e-m/nofp/librdimon.a(rdimon-_exit.o)
 .debug_abbrev  0x0802823d       0x82 /opt/gcc-arm-none-eabi/bin/../lib/gcc/arm-none-eabi/12.2.0/../../../../arm-none-eabi/lib/thumb/v7e-m/nofp/librdimon.a(rdimon-_exit.o)
 .debug_loclists
                0x080282bf       0x2a /opt/gcc-arm-none-eabi/bin/../lib/gcc/arm-none-eabi/12.2.0/../../../../arm-none-eabi/lib/thumb/v7e-m/nofp/librdimon.a(rdimon-_exit.o)
 .debug_aranges
                0x080282e9       0x20 /opt/gcc-arm-none-eabi/bin/../lib/gcc/arm-none-eabi/12.2.0/../../../../arm-none-eabi/lib/thumb/v7e-m/nofp/librdimon.a(rdimon-_exit.o)
 .debug_rnglists
                0x08028309       0x13 /opt/gcc-arm-none-eabi/bin/../lib/gcc/arm-none-eabi/12.2.0/../../../../arm-none-eabi/lib/thumb/v7e-m/nofp/librdimon.a(rdimon-_exit.o)
 .debug_line    0x0802831c       0x99 /opt/gcc-arm-none-eabi/bin/../lib/gcc/arm-none-eabi/12.2.0/../../../../arm-none-eabi/lib/thumb/v7e-m/nofp/librdimon.a(rdimon-_exit.o)
 .debug_str     0x080283b5       0x70 /opt/gcc-arm-none-eabi/bin/../lib/gcc/arm-none-eabi/12.2.0/../../../../arm-none-eabi/lib/thumb/v7e-m/nofp/librdimon.a(rdimon-_exit.o)
                                0x160 (size before relaxing)
 *fill*         0x08028425        0x3 
 .debug_frame   0x08028428       0x28 /opt/gcc-arm-none-eabi/bin/../lib/gcc/arm-none-eabi/12.2.0/../../../../arm-none-eabi/lib/thumb/v7e-m/nofp/librdimon.a(rdimon-_exit.o)
 .debug_info    0x08028450      0x23c /opt/gcc-arm-none-eabi/bin/../lib/gcc/arm-none-eabi/12.2.0/../../../../arm-none-eabi/lib/thumb/v7e-m/nofp/librdimon.a(rdimon-_kill.o)
 .debug_abbrev  0x0802868c      0x176 /opt/gcc-arm-none-eabi/bin/../lib/gcc/arm-none-eabi/12.2.0/../../../../arm-none-eabi/lib/thumb/v7e-m/nofp/librdimon.a(rdimon-_kill.o)
 .debug_loclists
                0x08028802       0xe2 /opt/gcc-arm-none-eabi/bin/../lib/gcc/arm-none-eabi/12.2.0/../../../../arm-none-eabi/lib/thumb/v7e-m/nofp/librdimon.a(rdimon-_kill.o)
 .debug_aranges
                0x080288e4       0x28 /opt/gcc-arm-none-eabi/bin/../lib/gcc/arm-none-eabi/12.2.0/../../../../arm-none-eabi/lib/thumb/v7e-m/nofp/librdimon.a(rdimon-_kill.o)
 .debug_rnglists
                0x0802890c       0x19 /opt/gcc-arm-none-eabi/bin/../lib/gcc/arm-none-eabi/12.2.0/../../../../arm-none-eabi/lib/thumb/v7e-m/nofp/librdimon.a(rdimon-_kill.o)
 .debug_line    0x08028925      0x11a /opt/gcc-arm-none-eabi/bin/../lib/gcc/arm-none-eabi/12.2.0/../../../../arm-none-eabi/lib/thumb/v7e-m/nofp/librdimon.a(rdimon-_kill.o)
 .debug_str     0x08028a3f       0x67 /opt/gcc-arm-none-eabi/bin/../lib/gcc/arm-none-eabi/12.2.0/../../../../arm-none-eabi/lib/thumb/v7e-m/nofp/librdimon.a(rdimon-_kill.o)
                                0x229 (size before relaxing)
 *fill*         0x08028aa6        0x2 
 .debug_frame   0x08028aa8       0x40 /opt/gcc-arm-none-eabi/bin/../lib/gcc/arm-none-eabi/12.2.0/../../../../arm-none-eabi/lib/thumb/v7e-m/nofp/librdimon.a(rdimon-_kill.o)
 .debug_info    0x08028ae8      0x718 /opt/gcc-arm-none-eabi/bin/../lib/gcc/arm-none-eabi/12.2.0/../../../../arm-none-eabi/lib/thumb/v7e-m/nofp/libc.a(libc_a-errno.o)
 .debug_abbrev  0x08029200      0x19a /opt/gcc-arm-none-eabi/bin/../lib/gcc/arm-none-eabi/12.2.0/../../../../arm-none-eabi/lib/thumb/v7e-m/nofp/libc.a(libc_a-errno.o)
 .debug_aranges
                0x0802939a       0x20 /opt/gcc-arm-none-eabi/bin/../lib/gcc/arm-none-eabi/12.2.0/../../../../arm-none-eabi/lib/thumb/v7e-m/nofp/libc.a(libc_a-errno.o)
 .debug_rnglists
                0x080293ba       0x13 /opt/gcc-arm-none-eabi/bin/../lib/gcc/arm-none-eabi/12.2.0/../../../../arm-none-eabi/lib/thumb/v7e-m/nofp/libc.a(libc_a-errno.o)
 .debug_line    0x080293cd      0x191 /opt/gcc-arm-none-eabi/bin/../lib/gcc/arm-none-eabi/12.2.0/../../../../arm-none-eabi/lib/thumb/v7e-m/nofp/libc.a(libc_a-errno.o)
 .debug_str     0x0802955e       0x61 /opt/gcc-arm-none-eabi/bin/../lib/gcc/arm-none-eabi/12.2.0/../../../../arm-none-eabi/lib/thumb/v7e-m/nofp/libc.a(libc_a-errno.o)
                                0x50b (size before relaxing)
 *fill*         0x080295bf        0x1 
 .debug_frame   0x080295c0       0x20 /opt/gcc-arm-none-eabi/bin/../lib/gcc/arm-none-eabi/12.2.0/../../../../arm-none-eabi/lib/thumb/v7e-m/nofp/libc.a(libc_a-errno.o)
 .debug_line    0x080295e0       0x86 /opt/gcc-arm-none-eabi/bin/../lib/gcc/arm-none-eabi/12.2.0/../../../../arm-none-eabi/lib/thumb/v7e-m/nofp/libc.a(libc_a-strlen.o)
 .debug_line_str
                0x08029666       0x5f /opt/gcc-arm-none-eabi/bin/../lib/gcc/arm-none-eabi/12.2.0/../../../../arm-none-eabi/lib/thumb/v7e-m/nofp/libc.a(libc_a-strlen.o)
                                 0xe8 (size before relaxing)
 .debug_info    0x080296c5       0x31 /opt/gcc-arm-none-eabi/bin/../lib/gcc/arm-none-eabi/12.2.0/../../../../arm-none-eabi/lib/thumb/v7e-m/nofp/libc.a(libc_a-strlen.o)
 .debug_abbrev  0x080296f6       0x21 /opt/gcc-arm-none-eabi/bin/../lib/gcc/arm-none-eabi/12.2.0/../../../../arm-none-eabi/lib/thumb/v7e-m/nofp/libc.a(libc_a-strlen.o)
 *fill*         0x08029717        0x1 
 .debug_aranges
                0x08029718       0x20 /opt/gcc-arm-none-eabi/bin/../lib/gcc/arm-none-eabi/12.2.0/../../../../arm-none-eabi/lib/thumb/v7e-m/nofp/libc.a(libc_a-strlen.o)
 .debug_str     0x08029738       0x6e /opt/gcc-arm-none-eabi/bin/../lib/gcc/arm-none-eabi/12.2.0/../../../../arm-none-eabi/lib/thumb/v7e-m/nofp/libc.a(libc_a-strlen.o)
                                 0xfe (size before relaxing)
                0x080297a8                        . = ALIGN (0x4)
 *fill*         0x080297a6        0x2 

.comment        0x00000000       0x4c
 .comment       0x00000000       0x4c /opt/gcc-arm-none-eabi/bin/../lib/gcc/arm-none-eabi/12.2.0/thumb/v7e-m/nofp/crtbegin.o
                                 0x4d (size before relaxing)
 .comment       0x0000004c       0x4d src/obj/main.o
 .comment       0x0000004c       0x4d src/obj/startup_STM32F401RE.o
 .comment       0x0000004c       0x4d /opt/gcc-arm-none-eabi/bin/../lib/gcc/arm-none-eabi/12.2.0/../../../../arm-none-eabi/lib/thumb/v7e-m/nofp/libg.a(libc_a-exit.o)
 .comment       0x0000004c       0x4d /opt/gcc-arm-none-eabi/bin/../lib/gcc/arm-none-eabi/12.2.0/../../../../arm-none-eabi/lib/thumb/v7e-m/nofp/libg.a(libc_a-__call_atexit.o)
 .comment       0x0000004c       0x4d /opt/gcc-arm-none-eabi/bin/../lib/gcc/arm-none-eabi/12.2.0/../../../../arm-none-eabi/lib/thumb/v7e-m/nofp/libg.a(libc_a-memset.o)
 .comment       0x0000004c       0x4d /opt/gcc-arm-none-eabi/bin/../lib/gcc/arm-none-eabi/12.2.0/../../../../arm-none-eabi/lib/thumb/v7e-m/nofp/libg.a(libc_a-init.o)
 .comment       0x0000004c       0x4d /opt/gcc-arm-none-eabi/bin/../lib/gcc/arm-none-eabi/12.2.0/../../../../arm-none-eabi/lib/thumb/v7e-m/nofp/libg.a(libc_a-fini.o)
 .comment       0x0000004c       0x4d /opt/gcc-arm-none-eabi/bin/../lib/gcc/arm-none-eabi/12.2.0/../../../../arm-none-eabi/lib/thumb/v7e-m/nofp/libg.a(libc_a-lock.o)
 .comment       0x0000004c       0x4d /opt/gcc-arm-none-eabi/bin/../lib/gcc/arm-none-eabi/12.2.0/../../../../arm-none-eabi/lib/thumb/v7e-m/nofp/libg.a(libc_a-atexit.o)
 .comment       0x0000004c       0x4d /opt/gcc-arm-none-eabi/bin/../lib/gcc/arm-none-eabi/12.2.0/../../../../arm-none-eabi/lib/thumb/v7e-m/nofp/libg.a(libc_a-findfp.o)
 .comment       0x0000004c       0x4d /opt/gcc-arm-none-eabi/bin/../lib/gcc/arm-none-eabi/12.2.0/../../../../arm-none-eabi/lib/thumb/v7e-m/nofp/libg.a(libc_a-stdio.o)
 .comment       0x0000004c       0x4d /opt/gcc-arm-none-eabi/bin/../lib/gcc/arm-none-eabi/12.2.0/../../../../arm-none-eabi/lib/thumb/v7e-m/nofp/libg.a(libc_a-fwalk.o)
 .comment       0x0000004c       0x4d /opt/gcc-arm-none-eabi/bin/../lib/gcc/arm-none-eabi/12.2.0/../../../../arm-none-eabi/lib/thumb/v7e-m/nofp/libg.a(libc_a-writer.o)
 .comment       0x0000004c       0x4d /opt/gcc-arm-none-eabi/bin/../lib/gcc/arm-none-eabi/12.2.0/../../../../arm-none-eabi/lib/thumb/v7e-m/nofp/libg.a(libc_a-__atexit.o)
 .comment       0x0000004c       0x4d /opt/gcc-arm-none-eabi/bin/../lib/gcc/arm-none-eabi/12.2.0/../../../../arm-none-eabi/lib/thumb/v7e-m/nofp/libg.a(libc_a-mallocr.o)
 .comment       0x0000004c       0x4d /opt/gcc-arm-none-eabi/bin/../lib/gcc/arm-none-eabi/12.2.0/../../../../arm-none-eabi/lib/thumb/v7e-m/nofp/libg.a(libc_a-fclose.o)
 .comment       0x0000004c       0x4d /opt/gcc-arm-none-eabi/bin/../lib/gcc/arm-none-eabi/12.2.0/../../../../arm-none-eabi/lib/thumb/v7e-m/nofp/libg.a(libc_a-mlock.o)
 .comment       0x0000004c       0x4d /opt/gcc-arm-none-eabi/bin/../lib/gcc/arm-none-eabi/12.2.0/../../../../arm-none-eabi/lib/thumb/v7e-m/nofp/libg.a(libc_a-closer.o)
 .comment       0x0000004c       0x4d /opt/gcc-arm-none-eabi/bin/../lib/gcc/arm-none-eabi/12.2.0/../../../../arm-none-eabi/lib/thumb/v7e-m/nofp/libg.a(libc_a-reent.o)
 .comment       0x0000004c       0x4d /opt/gcc-arm-none-eabi/bin/../lib/gcc/arm-none-eabi/12.2.0/../../../../arm-none-eabi/lib/thumb/v7e-m/nofp/libg.a(libc_a-fflush.o)
 .comment       0x0000004c       0x4d /opt/gcc-arm-none-eabi/bin/../lib/gcc/arm-none-eabi/12.2.0/../../../../arm-none-eabi/lib/thumb/v7e-m/nofp/libg.a(libc_a-impure.o)
 .comment       0x0000004c       0x4d /opt/gcc-arm-none-eabi/bin/../lib/gcc/arm-none-eabi/12.2.0/../../../../arm-none-eabi/lib/thumb/v7e-m/nofp/libg.a(libc_a-freer.o)
 .comment       0x0000004c       0x4d /opt/gcc-arm-none-eabi/bin/../lib/gcc/arm-none-eabi/12.2.0/../../../../arm-none-eabi/lib/thumb/v7e-m/nofp/libg.a(libc_a-lseekr.o)
 .comment       0x0000004c       0x4d /opt/gcc-arm-none-eabi/bin/../lib/gcc/arm-none-eabi/12.2.0/../../../../arm-none-eabi/lib/thumb/v7e-m/nofp/libg.a(libc_a-readr.o)
 .comment       0x0000004c       0x4d /opt/gcc-arm-none-eabi/bin/../lib/gcc/arm-none-eabi/12.2.0/../../../../arm-none-eabi/lib/thumb/v7e-m/nofp/libg.a(libc_a-sbrkr.o)
 .comment       0x0000004c       0x4d /opt/gcc-arm-none-eabi/bin/../lib/gcc/arm-none-eabi/12.2.0/../../../../arm-none-eabi/lib/thumb/v7e-m/nofp/librdimon.a(rdimon-syscalls.o)
 .comment       0x0000004c       0x4d /opt/gcc-arm-none-eabi/bin/../lib/gcc/arm-none-eabi/12.2.0/../../../../arm-none-eabi/lib/thumb/v7e-m/nofp/librdimon.a(rdimon-_exit.o)
 .comment       0x0000004c       0x4d /opt/gcc-arm-none-eabi/bin/../lib/gcc/arm-none-eabi/12.2.0/../../../../arm-none-eabi/lib/thumb/v7e-m/nofp/librdimon.a(rdimon-_kill.o)
 .comment       0x0000004c       0x4d /opt/gcc-arm-none-eabi/bin/../lib/gcc/arm-none-eabi/12.2.0/../../../../arm-none-eabi/lib/thumb/v7e-m/nofp/libc.a(libc_a-errno.o)
 .comment       0x0000004c       0x4d /opt/gcc-arm-none-eabi/bin/../lib/gcc/arm-none-eabi/12.2.0/thumb/v7e-m/nofp/crtend.o
                0x0000009c                        . = ALIGN (0x4)
                0x080297a8                        _sidata = LOADADDR (.data)

.data           0x20000000      0x67c load address 0x080297a8
                0x20000000                        . = ALIGN (0x4)
                0x20000000                        _sdata = .
 *(.data)
 .data          0x20000000        0x0 /opt/gcc-arm-none-eabi/bin/../lib/gcc/arm-none-eabi/12.2.0/thumb/v7e-m/nofp/crti.o
 .data          0x20000000        0x0 /opt/gcc-arm-none-eabi/bin/../lib/gcc/arm-none-eabi/12.2.0/thumb/v7e-m/nofp/crtbegin.o
 .data          0x20000000      0x118 /opt/gcc-arm-none-eabi/bin/../lib/gcc/arm-none-eabi/12.2.0/../../../../arm-none-eabi/lib/thumb/v7e-m/nofp/rdimon-crt0.o
                0x20000008                __stack_base__
 .data          0x20000118        0x0 src/obj/main.o
 .data          0x20000118        0x0 src/obj/startup_STM32F401RE.o
 .data          0x20000118        0x0 /opt/gcc-arm-none-eabi/bin/../lib/gcc/arm-none-eabi/12.2.0/../../../../arm-none-eabi/lib/thumb/v7e-m/nofp/libg.a(libc_a-exit.o)
 .data          0x20000118        0x0 /opt/gcc-arm-none-eabi/bin/../lib/gcc/arm-none-eabi/12.2.0/../../../../arm-none-eabi/lib/thumb/v7e-m/nofp/libg.a(libc_a-__call_atexit.o)
 .data          0x20000118        0x0 /opt/gcc-arm-none-eabi/bin/../lib/gcc/arm-none-eabi/12.2.0/../../../../arm-none-eabi/lib/thumb/v7e-m/nofp/libg.a(libc_a-memset.o)
 .data          0x20000118        0x0 /opt/gcc-arm-none-eabi/bin/../lib/gcc/arm-none-eabi/12.2.0/../../../../arm-none-eabi/lib/thumb/v7e-m/nofp/libg.a(libc_a-init.o)
 .data          0x20000118        0x0 /opt/gcc-arm-none-eabi/bin/../lib/gcc/arm-none-eabi/12.2.0/../../../../arm-none-eabi/lib/thumb/v7e-m/nofp/libg.a(libc_a-fini.o)
 .data          0x20000118        0x0 /opt/gcc-arm-none-eabi/bin/../lib/gcc/arm-none-eabi/12.2.0/../../../../arm-none-eabi/lib/thumb/v7e-m/nofp/libg.a(libc_a-lock.o)
 .data          0x20000118        0x0 /opt/gcc-arm-none-eabi/bin/../lib/gcc/arm-none-eabi/12.2.0/../../../../arm-none-eabi/lib/thumb/v7e-m/nofp/libg.a(libc_a-atexit.o)
 .data          0x20000118        0x0 /opt/gcc-arm-none-eabi/bin/../lib/gcc/arm-none-eabi/12.2.0/../../../../arm-none-eabi/lib/thumb/v7e-m/nofp/libg.a(libc_a-findfp.o)
 .data          0x20000118        0x0 /opt/gcc-arm-none-eabi/bin/../lib/gcc/arm-none-eabi/12.2.0/../../../../arm-none-eabi/lib/thumb/v7e-m/nofp/libg.a(libc_a-stdio.o)
 .data          0x20000118        0x0 /opt/gcc-arm-none-eabi/bin/../lib/gcc/arm-none-eabi/12.2.0/../../../../arm-none-eabi/lib/thumb/v7e-m/nofp/libg.a(libc_a-fwalk.o)
 .data          0x20000118        0x0 /opt/gcc-arm-none-eabi/bin/../lib/gcc/arm-none-eabi/12.2.0/../../../../arm-none-eabi/lib/thumb/v7e-m/nofp/libg.a(libc_a-writer.o)
 .data          0x20000118        0x0 /opt/gcc-arm-none-eabi/bin/../lib/gcc/arm-none-eabi/12.2.0/../../../../arm-none-eabi/lib/thumb/v7e-m/nofp/libg.a(libc_a-__atexit.o)
 .data          0x20000118        0x0 /opt/gcc-arm-none-eabi/bin/../lib/gcc/arm-none-eabi/12.2.0/../../../../arm-none-eabi/lib/thumb/v7e-m/nofp/libg.a(libc_a-mallocr.o)
 .data          0x20000118        0x0 /opt/gcc-arm-none-eabi/bin/../lib/gcc/arm-none-eabi/12.2.0/../../../../arm-none-eabi/lib/thumb/v7e-m/nofp/libg.a(libc_a-fclose.o)
 .data          0x20000118        0x0 /opt/gcc-arm-none-eabi/bin/../lib/gcc/arm-none-eabi/12.2.0/../../../../arm-none-eabi/lib/thumb/v7e-m/nofp/libg.a(libc_a-mlock.o)
 .data          0x20000118        0x0 /opt/gcc-arm-none-eabi/bin/../lib/gcc/arm-none-eabi/12.2.0/../../../../arm-none-eabi/lib/thumb/v7e-m/nofp/libg.a(libc_a-closer.o)