Archive member included to satisfy reference by file (symbol)

/opt/gcc-arm-none-eabi/bin/../lib/gcc/arm-none-eabi/12.2.0/../../../../arm-none-eabi/lib/thumb/v7e-m/nofp/libg.a(libc_a-exit.o)
                              /opt/gcc-arm-none-eabi/bin/../lib/gcc/arm-none-eabi/12.2.0/../../../../arm-none-eabi/lib/thumb/v7e-m/nofp/rdimon-crt0.o (exit)
/opt/gcc-arm-none-eabi/bin/../lib/gcc/arm-none-eabi/12.2.0/../../../../arm-none-eabi/lib/thumb/v7e-m/nofp/libg.a(libc_a-__call_atexit.o)
                              /opt/gcc-arm-none-eabi/bin/../lib/gcc/arm-none-eabi/12.2.0/../../../../arm-none-eabi/lib/thumb/v7e-m/nofp/libg.a(libc_a-exit.o) (__call_exitprocs)
/opt/gcc-arm-none-eabi/bin/../lib/gcc/arm-none-eabi/12.2.0/../../../../arm-none-eabi/lib/thumb/v7e-m/nofp/libg.a(libc_a-memset.o)
                              /opt/gcc-arm-none-eabi/bin/../lib/gcc/arm-none-eabi/12.2.0/../../../../arm-none-eabi/lib/thumb/v7e-m/nofp/rdimon-crt0.o (memset)
/opt/gcc-arm-none-eabi/bin/../lib/gcc/arm-none-eabi/12.2.0/../../../../arm-none-eabi/lib/thumb/v7e-m/nofp/libg.a(libc_a-init.o)
                              /opt/gcc-arm-none-eabi/bin/../lib/gcc/arm-none-eabi/12.2.0/../../../../arm-none-eabi/lib/thumb/v7e-m/nofp/rdimon-crt0.o (__libc_init_array)
/opt/gcc-arm-none-eabi/bin/../lib/gcc/arm-none-eabi/12.2.0/../../../../arm-none-eabi/lib/thumb/v7e-m/nofp/libg.a(libc_a-fini.o)
                              /opt/gcc-arm-none-eabi/bin/../lib/gcc/arm-none-eabi/12.2.0/../../../../arm-none-eabi/lib/thumb/v7e-m/nofp/libg.a(libc_a-__call_atexit.o) (__libc_fini_array)
/opt/gcc-arm-none-eabi/bin/../lib/gcc/arm-none-eabi/12.2.0/../../../../arm-none-eabi/lib/thumb/v7e-m/nofp/libg.a(libc_a-lock.o)
                              /opt/gcc-arm-none-eabi/bin/../lib/gcc/arm-none-eabi/12.2.0/../../../../arm-none-eabi/lib/thumb/v7e-m/nofp/libg.a(libc_a-__call_atexit.o) (__retarget_lock_acquire_recursive)
/opt/gcc-arm-none-eabi/bin/../lib/gcc/arm-none-eabi/12.2.0/../../../../arm-none-eabi/lib/thumb/v7e-m/nofp/libg.a(libc_a-puts.o)
                              src/obj/main.o (puts)
/opt/gcc-arm-none-eabi/bin/../lib/gcc/arm-none-eabi/12.2.0/../../../../arm-none-eabi/lib/thumb/v7e-m/nofp/libg.a(libc_a-atexit.o)
                              /opt/gcc-arm-none-eabi/bin/../lib/gcc/arm-none-eabi/12.2.0/../../../../arm-none-eabi/lib/thumb/v7e-m/nofp/libg.a(libc_a-__call_atexit.o) (atexit)
/opt/gcc-arm-none-eabi/bin/../lib/gcc/arm-none-eabi/12.2.0/../../../../arm-none-eabi/lib/thumb/v7e-m/nofp/libg.a(libc_a-impure.o)
                              /opt/gcc-arm-none-eabi/bin/../lib/gcc/arm-none-eabi/12.2.0/../../../../arm-none-eabi/lib/thumb/v7e-m/nofp/libg.a(libc_a-puts.o) (_impure_ptr)
/opt/gcc-arm-none-eabi/bin/../lib/gcc/arm-none-eabi/12.2.0/../../../../arm-none-eabi/lib/thumb/v7e-m/nofp/libg.a(libc_a-findfp.o)
                              /opt/gcc-arm-none-eabi/bin/../lib/gcc/arm-none-eabi/12.2.0/../../../../arm-none-eabi/lib/thumb/v7e-m/nofp/libg.a(libc_a-impure.o) (__sf)
/opt/gcc-arm-none-eabi/bin/../lib/gcc/arm-none-eabi/12.2.0/../../../../arm-none-eabi/lib/thumb/v7e-m/nofp/libg.a(libc_a-strlen.o)
                              /opt/gcc-arm-none-eabi/bin/../lib/gcc/arm-none-eabi/12.2.0/../../../../arm-none-eabi/lib/thumb/v7e-m/nofp/libg.a(libc_a-puts.o) (strlen)
/opt/gcc-arm-none-eabi/bin/../lib/gcc/arm-none-eabi/12.2.0/../../../../arm-none-eabi/lib/thumb/v7e-m/nofp/libg.a(libc_a-stdio.o)
                              /opt/gcc-arm-none-eabi/bin/../lib/gcc/arm-none-eabi/12.2.0/../../../../arm-none-eabi/lib/thumb/v7e-m/nofp/libg.a(libc_a-findfp.o) (__sread)
/opt/gcc-arm-none-eabi/bin/../lib/gcc/arm-none-eabi/12.2.0/../../../../arm-none-eabi/lib/thumb/v7e-m/nofp/libg.a(libc_a-fvwrite.o)
                              /opt/gcc-arm-none-eabi/bin/../lib/gcc/arm-none-eabi/12.2.0/../../../../arm-none-eabi/lib/thumb/v7e-m/nofp/libg.a(libc_a-puts.o) (__sfvwrite_r)
/opt/gcc-arm-none-eabi/bin/../lib/gcc/arm-none-eabi/12.2.0/../../../../arm-none-eabi/lib/thumb/v7e-m/nofp/libg.a(libc_a-fwalk.o)
                              /opt/gcc-arm-none-eabi/bin/../lib/gcc/arm-none-eabi/12.2.0/../../../../arm-none-eabi/lib/thumb/v7e-m/nofp/libg.a(libc_a-findfp.o) (_fwalk_sglue)
/opt/gcc-arm-none-eabi/bin/../lib/gcc/arm-none-eabi/12.2.0/../../../../arm-none-eabi/lib/thumb/v7e-m/nofp/libg.a(libc_a-writer.o)
                              /opt/gcc-arm-none-eabi/bin/../lib/gcc/arm-none-eabi/12.2.0/../../../../arm-none-eabi/lib/thumb/v7e-m/nofp/libg.a(libc_a-stdio.o) (_write_r)
/opt/gcc-arm-none-eabi/bin/../lib/gcc/arm-none-eabi/12.2.0/../../../../arm-none-eabi/lib/thumb/v7e-m/nofp/libg.a(libc_a-__atexit.o)
                              /opt/gcc-arm-none-eabi/bin/../lib/gcc/arm-none-eabi/12.2.0/../../../../arm-none-eabi/lib/thumb/v7e-m/nofp/libg.a(libc_a-atexit.o) (__register_exitproc)
/opt/gcc-arm-none-eabi/bin/../lib/gcc/arm-none-eabi/12.2.0/../../../../arm-none-eabi/lib/thumb/v7e-m/nofp/libg.a(libc_a-mallocr.o)
[...]
Memory Configuration

Name             Origin             Length             Attributes
SRAM             0x20000000         0x00018000         xrw
FLASH            0x08000000         0x00080000         xr
*default*        0x00000000         0xffffffff

Linker script and memory map

LOAD /opt/gcc-arm-none-eabi/bin/../lib/gcc/arm-none-eabi/12.2.0/thumb/v7e-m/nofp/crti.o
LOAD /opt/gcc-arm-none-eabi/bin/../lib/gcc/arm-none-eabi/12.2.0/thumb/v7e-m/nofp/crtbegin.o
LOAD /opt/gcc-arm-none-eabi/bin/../lib/gcc/arm-none-eabi/12.2.0/../../../../arm-none-eabi/lib/thumb/v7e-m/nofp/rdimon-crt0.o
LOAD src/obj/main.o
LOAD src/obj/startup_STM32F401RE.o
START GROUP
LOAD /opt/gcc-arm-none-eabi/bin/../lib/gcc/arm-none-eabi/12.2.0/thumb/v7e-m/nofp/libgcc.a
LOAD /opt/gcc-arm-none-eabi/bin/../lib/gcc/arm-none-eabi/12.2.0/../../../../arm-none-eabi/lib/thumb/v7e-m/nofp/libg.a
LOAD /opt/gcc-arm-none-eabi/bin/../lib/gcc/arm-none-eabi/12.2.0/../../../../arm-none-eabi/lib/thumb/v7e-m/nofp/libc.a
END GROUP
START GROUP
LOAD /opt/gcc-arm-none-eabi/bin/../lib/gcc/arm-none-eabi/12.2.0/thumb/v7e-m/nofp/libgcc.a
LOAD /opt/gcc-arm-none-eabi/bin/../lib/gcc/arm-none-eabi/12.2.0/../../../../arm-none-eabi/lib/thumb/v7e-m/nofp/libc.a
LOAD /opt/gcc-arm-none-eabi/bin/../lib/gcc/arm-none-eabi/12.2.0/../../../../arm-none-eabi/lib/thumb/v7e-m/nofp/librdimon.a
END GROUP
LOAD /opt/gcc-arm-none-eabi/bin/../lib/gcc/arm-none-eabi/12.2.0/thumb/v7e-m/nofp/crtend.o
LOAD /opt/gcc-arm-none-eabi/bin/../lib/gcc/arm-none-eabi/12.2.0/thumb/v7e-m/nofp/crtn.o
                0x20018000                        _estack = (ORIGIN (SRAM) + LENGTH (SRAM))

.isr_vector     0x08000000      0x194
                0x08000000                        . = ALIGN (0x4)
 *(.isr_vector)
 .isr_vector    0x08000000      0x194 src/obj/startup_STM32F401RE.o
                0x08000000                fpn_vector
                0x08000194                        . = ALIGN (0x4)

.text           0x080001c0     0x2e3c
                0x080001c0                        . = ALIGN (0x4)
 *(.text)
 .text          0x080001c0        0x0 /opt/gcc-arm-none-eabi/bin/../lib/gcc/arm-none-eabi/12.2.0/thumb/v7e-m/nofp/crti.o
 .text          0x080001c0        0x0 /opt/gcc-arm-none-eabi/bin/../lib/gcc/arm-none-eabi/12.2.0/thumb/v7e-m/nofp/crtbegin.o
 .text          0x080001c0       0xf8 /opt/gcc-arm-none-eabi/bin/../lib/gcc/arm-none-eabi/12.2.0/../../../../arm-none-eabi/lib/thumb/v7e-m/nofp/rdimon-crt0.o
                0x080001c0                _stack_init
                0x080001cc                _mainCRTStartup
                0x080001cc                _start
 .text          0x080002b8      0x158 src/obj/main.o
                0x080002b8                wait_ms
                0x080002f4                TIM2_handler
                0x08000320                global_enable_IRQ_NVIC
                0x0800033a                global_disable_IRQ_NVIC
                0x08000354                _TIM2_IRQ_init
                0x080003d0                main
 .text          0x08000410       0x80 src/obj/startup_STM32F401RE.o
                0x08000410                Reset_handler
                0x08000488                UART2_handler
                0x08000488                EXTI15_10_handler
                0x08000488                DMA1_Stream7_handler
                0x08000488                UART1_handler
                0x08000488                TIM1_UP_TIM10_handler
                0x08000488                EXTI0_handler
                0x08000488                DMA1_Stream1_handler
                0x08000488                SDIO_handler
                0x08000488                NMI_handler
                0x08000488                DMA2_Stream3_handler
                0x08000488                SPI3_handler
                0x08000488                TIM3_handler
                0x08000488                WWDG_handler
                0x08000488                UART6_handler
                0x08000488                SPI2_handler
                0x08000488                UsuageFault_handler
                0x08000488                SVCall_handler
                0x08000488                DMA2_Stream6_handler
                0x08000488                DebugMonitor_handler
                0x08000488                I2C3_ER_handler
                0x08000488                DMA1_Stream3_handler
                0x08000488                MemManage_handler
                0x08000488                SPI4_handler
                0x08000488                HardFault_handler
                0x08000488                DMA1_Stream5_handler
                0x08000488                FPU_handler
                0x08000488                DMA2_Stream5_handler
                0x08000488                EXITI21_TAMP_STAMP_handler
                0x08000488                EXTI18_OTG_FS_WKUP_handler
                0x08000488                RCC_handler
                0x08000488                Systick_handler
                0x08000488                EXTI2_handler
                0x08000488                DMA2_Stream1_handler
                0x08000488                I2C1_ER_handler
                0x08000488                EXTI9_5__handler
                0x08000488                EXTI17_RTC_Alarm_handler
                0x08000488                I2C2_EV_handler
                0x08000488                EXITI22_RTC_WKUP_handler
                0x08000488                EXTI3_handler
                0x08000488                DMA2_Stream0_handler
                0x08000488                FLASH_handler
                0x08000488                OTG_FS_handler
                0x08000488                DMA1_Stream4_handler
                0x08000488                I2C2_ER_handler
                0x08000488                TIM1_BRK_TIM9_handler
                0x08000488                TIM4_handler
                0x08000488                DMA1_Stream2_handler
                0x08000488                EXTI4_handler
                0x08000488                DMA1_Stream6_handler
                0x08000488                ADC_handler
                0x08000488                I2C1_EV_handler
                0x08000488                SPI1_handler
                0x08000488                DMA2_Stream4_handler
                0x08000488                PendSV_handler
                0x08000488                DMA2_Stream7_handler
                0x08000488                DMA1_Stream0_handler
                0x08000488                DMA2_Stream2_handler
                0x08000488                EXTI1_handler
                0x08000488                TIM1_TRG_COM_TIM11_handler
                0x08000488                TIM5_handler
                0x08000488                EXITI16_PVD__handler
                0x08000488                I2C3_EV_handler
                0x08000488                BusFault_handler
                0x08000488                TIM1_CC_handler
                0x08000488                Default_handler
 .text          0x08000490        0x0 /opt/gcc-arm-none-eabi/bin/../lib/gcc/arm-none-eabi/12.2.0/../../../../arm-none-eabi/lib/thumb/v7e-m/nofp/libg.a(libc_a-exit.o)
 .text          0x08000490        0x0 /opt/gcc-arm-none-eabi/bin/../lib/gcc/arm-none-eabi/12.2.0/../../../../arm-none-eabi/lib/thumb/v7e-m/nofp/libg.a(libc_a-__call_atexit.o)
 .text          0x08000490        0x0 /opt/gcc-arm-none-eabi/bin/../lib/gcc/arm-none-eabi/12.2.0/../../../../arm-none-eabi/lib/thumb/v7e-m/nofp/libg.a(libc_a-memset.o)
 .text          0x08000490        0x0 /opt/gcc-arm-none-eabi/bin/../lib/gcc/arm-none-eabi/12.2.0/../../../../arm-none-eabi/lib/thumb/v7e-m/nofp/libg.a(libc_a-init.o)
 .text          0x08000490        0x0 /opt/gcc-arm-none-eabi/bin/../lib/gcc/arm-none-eabi/12.2.0/../../../../arm-none-eabi/lib/thumb/v7e-m/nofp/libg.a(libc_a-fini.o)
 .text          0x08000490        0x0 /opt/gcc-arm-none-eabi/bin/../lib/gcc/arm-none-eabi/12.2.0/../../../../arm-none-eabi/lib/thumb/v7e-m/nofp/libg.a(libc_a-lock.o)
 .text          0x08000490        0x0 /opt/gcc-arm-none-eabi/bin/../lib/gcc/arm-none-eabi/12.2.0/../../../../arm-none-eabi/lib/thumb/v7e-m/nofp/libg.a(libc_a-puts.o)
 .text          0x08000490        0x0 /opt/gcc-arm-none-eabi/bin/../lib/gcc/arm-none-eabi/12.2.0/../../../../arm-none-eabi/lib/thumb/v7e-m/nofp/libg.a(libc_a-atexit.o)
 .text          0x08000490        0x0 /opt/gcc-arm-none-eabi/bin/../lib/gcc/arm-none-eabi/12.2.0/../../../../arm-none-eabi/lib/thumb/v7e-m/nofp/libg.a(libc_a-impure.o)
 .text          0x08000490        0x0 /opt/gcc-arm-none-eabi/bin/../lib/gcc/arm-none-eabi/12.2.0/../../../../arm-none-eabi/lib/thumb/v7e-m/nofp/libg.a(libc_a-findfp.o)
 *fill*         0x08000490       0x30 
 .text          0x080004c0       0xd8 /opt/gcc-arm-none-eabi/bin/../lib/gcc/arm-none-eabi/12.2.0/../../../../arm-none-eabi/lib/thumb/v7e-m/nofp/libg.a(libc_a-strlen.o)
                0x080004c0                strlen
 .text          0x08000598        0x0 /opt/gcc-arm-none-eabi/bin/../lib/gcc/arm-none-eabi/12.2.0/../../../../arm-none-eabi/lib/thumb/v7e-m/nofp/libg.a(libc_a-stdio.o)
 .text          0x08000598        0x0 /opt/gcc-arm-none-eabi/bin/../lib/gcc/arm-none-eabi/12.2.0/../../../../arm-none-eabi/lib/thumb/v7e-m/nofp/libg.a(libc_a-fvwrite.o)
 .text          0x08000598        0x0 /opt/gcc-arm-none-eabi/bin/../lib/gcc/arm-none-eabi/12.2.0/../../../../arm-none-eabi/lib/thumb/v7e-m/nofp/libg.a(libc_a-fwalk.o)
 .text          0x08000598        0x0 /opt/gcc-arm-none-eabi/bin/../lib/gcc/arm-none-eabi/12.2.0/../../../../arm-none-eabi/lib/thumb/v7e-m/nofp/libg.a(libc_a-writer.o)
 .text          0x08000598        0x0 /opt/gcc-arm-none-eabi/bin/../lib/gcc/arm-none-eabi/12.2.0/../../../../arm-none-eabi/lib/thumb/v7e-m/nofp/libg.a(libc_a-__atexit.o)
 .text          0x08000598        0x0 /opt/gcc-arm-none-eabi/bin/../lib/gcc/arm-none-eabi/12.2.0/../../../../arm-none-eabi/lib/thumb/v7e-m/nofp/libg.a(libc_a-mallocr.o)
 .text          0x08000598        0x0 /opt/gcc-arm-none-eabi/bin/../lib/gcc/arm-none-eabi/12.2.0/../../../../arm-none-eabi/lib/thumb/v7e-m/nofp/libg.a(libc_a-memmove.o)
 .text          0x08000598        0x0 /opt/gcc-arm-none-eabi/bin/../lib/gcc/arm-none-eabi/12.2.0/../../../../arm-none-eabi/lib/thumb/v7e-m/nofp/libg.a(libc_a-fclose.o)
 .text          0x08000598        0x0 /opt/gcc-arm-none-eabi/bin/../lib/gcc/arm-none-eabi/12.2.0/../../../../arm-none-eabi/lib/thumb/v7e-m/nofp/libg.a(libc_a-wsetup.o)
 .text          0x08000598        0x0 /opt/gcc-arm-none-eabi/bin/../lib/gcc/arm-none-eabi/12.2.0/../../../../arm-none-eabi/lib/thumb/v7e-m/nofp/libg.a(libc_a-makebuf.o)
 .text          0x08000598        0x0 /opt/gcc-arm-none-eabi/bin/../lib/gcc/arm-none-eabi/12.2.0/../../../../arm-none-eabi/lib/thumb/v7e-m/nofp/libg.a(libc_a-mlock.o)
 .text          0x08000598        0x0 /opt/gcc-arm-none-eabi/bin/../lib/gcc/arm-none-eabi/12.2.0/../../../../arm-none-eabi/lib/thumb/v7e-m/nofp/libg.a(libc_a-closer.o)
 .text          0x08000598        0x0 /opt/gcc-arm-none-eabi/bin/../lib/gcc/arm-none-eabi/12.2.0/../../../../arm-none-eabi/lib/thumb/v7e-m/nofp/libg.a(libc_a-reent.o)
 .text          0x08000598        0x0 /opt/gcc-arm-none-eabi/bin/../lib/gcc/arm-none-eabi/12.2.0/../../../../arm-none-eabi/lib/thumb/v7e-m/nofp/libg.a(libc_a-fflush.o)
 *fill*         0x08000598        0x8 
 .text          0x080005a0       0xa0 /opt/gcc-arm-none-eabi/bin/../lib/gcc/arm-none-eabi/12.2.0/../../../../arm-none-eabi/lib/thumb/v7e-m/nofp/libg.a(libc_a-memchr.o)
                0x080005a0                memchr
 .text          0x08000640      0x134 /opt/gcc-arm-none-eabi/bin/../lib/gcc/arm-none-eabi/12.2.0/../../../../arm-none-eabi/lib/thumb/v7e-m/nofp/libg.a(libc_a-memcpy.o)
                0x08000640                memcpy
 .text          0x08000774        0x0 /opt/gcc-arm-none-eabi/bin/../lib/gcc/arm-none-eabi/12.2.0/../../../../arm-none-eabi/lib/thumb/v7e-m/nofp/libg.a(libc_a-reallocr.o)
 .text          0x08000774        0x0 /opt/gcc-arm-none-eabi/bin/../lib/gcc/arm-none-eabi/12.2.0/../../../../arm-none-eabi/lib/thumb/v7e-m/nofp/libg.a(libc_a-freer.o)
 .text          0x08000774        0x0 /opt/gcc-arm-none-eabi/bin/../lib/gcc/arm-none-eabi/12.2.0/../../../../arm-none-eabi/lib/thumb/v7e-m/nofp/libg.a(libc_a-fstatr.o)
 .text          0x08000774        0x0 /opt/gcc-arm-none-eabi/bin/../lib/gcc/arm-none-eabi/12.2.0/../../../../arm-none-eabi/lib/thumb/v7e-m/nofp/libg.a(libc_a-isattyr.o)
 .text          0x08000774        0x0 /opt/gcc-arm-none-eabi/bin/../lib/gcc/arm-none-eabi/12.2.0/../../../../arm-none-eabi/lib/thumb/v7e-m/nofp/libg.a(libc_a-lseekr.o)
 .text          0x08000774        0x0 /opt/gcc-arm-none-eabi/bin/../lib/gcc/arm-none-eabi/12.2.0/../../../../arm-none-eabi/lib/thumb/v7e-m/nofp/libg.a(libc_a-readr.o)
 .text          0x08000774        0x0 /opt/gcc-arm-none-eabi/bin/../lib/gcc/arm-none-eabi/12.2.0/../../../../arm-none-eabi/lib/thumb/v7e-m/nofp/libg.a(libc_a-sbrkr.o)
 .text          0x08000774        0x0 /opt/gcc-arm-none-eabi/bin/../lib/gcc/arm-none-eabi/12.2.0/../../../../arm-none-eabi/lib/thumb/v7e-m/nofp/librdimon.a(rdimon-syscalls.o)
 .text          0x08000774        0x0 /opt/gcc-arm-none-eabi/bin/../lib/gcc/arm-none-eabi/12.2.0/../../../../arm-none-eabi/lib/thumb/v7e-m/nofp/librdimon.a(rdimon-_exit.o)
 .text          0x08000774        0x0 /opt/gcc-arm-none-eabi/bin/../lib/gcc/arm-none-eabi/12.2.0/../../../../arm-none-eabi/lib/thumb/v7e-m/nofp/librdimon.a(rdimon-_kill.o)
 .text          0x08000774        0x0 /opt/gcc-arm-none-eabi/bin/../lib/gcc/arm-none-eabi/12.2.0/../../../../arm-none-eabi/lib/thumb/v7e-m/nofp/libc.a(libc_a-errno.o)
 .text          0x08000774        0x0 /opt/gcc-arm-none-eabi/bin/../lib/gcc/arm-none-eabi/12.2.0/thumb/v7e-m/nofp/crtend.o
 .text          0x08000774        0x0 /opt/gcc-arm-none-eabi/bin/../lib/gcc/arm-none-eabi/12.2.0/thumb/v7e-m/nofp/crtn.o
 *(.text.*)
 .text.deregister_tm_clones
                0x08000774       0x1c /opt/gcc-arm-none-eabi/bin/../lib/gcc/arm-none-eabi/12.2.0/thumb/v7e-m/nofp/crtbegin.o
 .text.register_tm_clones
                0x08000790       0x24 /opt/gcc-arm-none-eabi/bin/../lib/gcc/arm-none-eabi/12.2.0/thumb/v7e-m/nofp/crtbegin.o
 .text.__do_global_dtors_aux
                0x080007b4       0x28 /opt/gcc-arm-none-eabi/bin/../lib/gcc/arm-none-eabi/12.2.0/thumb/v7e-m/nofp/crtbegin.o
 .text.frame_dummy
                0x080007dc       0x24 /opt/gcc-arm-none-eabi/bin/../lib/gcc/arm-none-eabi/12.2.0/thumb/v7e-m/nofp/crtbegin.o
 .text.exit     0x08000800       0x1c /opt/gcc-arm-none-eabi/bin/../lib/gcc/arm-none-eabi/12.2.0/../../../../arm-none-eabi/lib/thumb/v7e-m/nofp/libg.a(libc_a-exit.o)
                0x08000800                exit
 .text.startup.register_fini
                0x0800081c       0x14 /opt/gcc-arm-none-eabi/bin/../lib/gcc/arm-none-eabi/12.2.0/../../../../arm-none-eabi/lib/thumb/v7e-m/nofp/libg.a(libc_a-__call_atexit.o)
 .text.__call_exitprocs
                0x08000830       0xc4 /opt/gcc-arm-none-eabi/bin/../lib/gcc/arm-none-eabi/12.2.0/../../../../arm-none-eabi/lib/thumb/v7e-m/nofp/libg.a(libc_a-__call_atexit.o)
                0x08000830                __call_exitprocs
 .text.memset   0x080008f4       0xa4 /opt/gcc-arm-none-eabi/bin/../lib/gcc/arm-none-eabi/12.2.0/../../../../arm-none-eabi/lib/thumb/v7e-m/nofp/libg.a(libc_a-memset.o)
                0x080008f4                memset
 .text.__libc_init_array
                0x08000998       0x50 /opt/gcc-arm-none-eabi/bin/../lib/gcc/arm-none-eabi/12.2.0/../../../../arm-none-eabi/lib/thumb/v7e-m/nofp/libg.a(libc_a-init.o)
                0x08000998                __libc_init_array
 .text.__libc_fini_array
                0x080009e8       0x28 /opt/gcc-arm-none-eabi/bin/../lib/gcc/arm-none-eabi/12.2.0/../../../../arm-none-eabi/lib/thumb/v7e-m/nofp/libg.a(libc_a-fini.o)
                0x080009e8                __libc_fini_array
 .text.__retarget_lock_init
                0x08000a10        0x4 /opt/gcc-arm-none-eabi/bin/../lib/gcc/arm-none-eabi/12.2.0/../../../../arm-none-eabi/lib/thumb/v7e-m/nofp/libg.a(libc_a-lock.o)
                0x08000a10                __retarget_lock_init
 .text.__retarget_lock_init_recursive
                0x08000a14        0x4 /opt/gcc-arm-none-eabi/bin/../lib/gcc/arm-none-eabi/12.2.0/../../../../arm-none-eabi/lib/thumb/v7e-m/nofp/libg.a(libc_a-lock.o)
                0x08000a14                __retarget_lock_init_recursive
 .text.__retarget_lock_close
                0x08000a18        0x4 /opt/gcc-arm-none-eabi/bin/../lib/gcc/arm-none-eabi/12.2.0/../../../../arm-none-eabi/lib/thumb/v7e-m/nofp/libg.a(libc_a-lock.o)
                0x08000a18                __retarget_lock_close
 .text.__retarget_lock_close_recursive
                0x08000a1c        0x4 /opt/gcc-arm-none-eabi/bin/../lib/gcc/arm-none-eabi/12.2.0/../../../../arm-none-eabi/lib/thumb/v7e-m/nofp/libg.a(libc_a-lock.o)
                0x08000a1c                __retarget_lock_close_recursive
 .text.__retarget_lock_acquire
                0x08000a20        0x4 /opt/gcc-arm-none-eabi/bin/../lib/gcc/arm-none-eabi/12.2.0/../../../../arm-none-eabi/lib/thumb/v7e-m/nofp/libg.a(libc_a-lock.o)
                0x08000a20                __retarget_lock_acquire
 .text.__retarget_lock_acquire_recursive
                0x08000a24        0x4 /opt/gcc-arm-none-eabi/bin/../lib/gcc/arm-none-eabi/12.2.0/../../../../arm-none-eabi/lib/thumb/v7e-m/nofp/libg.a(libc_a-lock.o)
                0x08000a24                __retarget_lock_acquire_recursive
 .text.__retarget_lock_try_acquire
                0x08000a28        0x4 /opt/gcc-arm-none-eabi/bin/../lib/gcc/arm-none-eabi/12.2.0/../../../../arm-none-eabi/lib/thumb/v7e-m/nofp/libg.a(libc_a-lock.o)
                0x08000a28                __retarget_lock_try_acquire
 .text.__retarget_lock_try_acquire_recursive
                0x08000a2c        0x4 /opt/gcc-arm-none-eabi/bin/../lib/gcc/arm-none-eabi/12.2.0/../../../../arm-none-eabi/lib/thumb/v7e-m/nofp/libg.a(libc_a-lock.o)
                0x08000a2c                __retarget_lock_try_acquire_recursive
 .text.__retarget_lock_release
                0x08000a30        0x4 /opt/gcc-arm-none-eabi/bin/../lib/gcc/arm-none-eabi/12.2.0/../../../../arm-none-eabi/lib/thumb/v7e-m/nofp/libg.a(libc_a-lock.o)
                0x08000a30                __retarget_lock_release
 .text.__retarget_lock_release_recursive
                0x08000a34        0x4 /opt/gcc-arm-none-eabi/bin/../lib/gcc/arm-none-eabi/12.2.0/../../../../arm-none-eabi/lib/thumb/v7e-m/nofp/libg.a(libc_a-lock.o)
                0x08000a34                __retarget_lock_release_recursive
 .text._puts_r  0x08000a38       0x9c /opt/gcc-arm-none-eabi/bin/../lib/gcc/arm-none-eabi/12.2.0/../../../../arm-none-eabi/lib/thumb/v7e-m/nofp/libg.a(libc_a-puts.o)
                0x08000a38                _puts_r
 .text.puts     0x08000ad4       0x10 /opt/gcc-arm-none-eabi/bin/../lib/gcc/arm-none-eabi/12.2.0/../../../../arm-none-eabi/lib/thumb/v7e-m/nofp/libg.a(libc_a-puts.o)
                0x08000ad4                puts
 .text.atexit   0x08000ae4        0xc /opt/gcc-arm-none-eabi/bin/../lib/gcc/arm-none-eabi/12.2.0/../../../../arm-none-eabi/lib/thumb/v7e-m/nofp/libg.a(libc_a-atexit.o)
                0x08000ae4                atexit
 .text.stdio_exit_handler
                0x08000af0       0x18 /opt/gcc-arm-none-eabi/bin/../lib/gcc/arm-none-eabi/12.2.0/../../../../arm-none-eabi/lib/thumb/v7e-m/nofp/libg.a(libc_a-findfp.o)
 .text.cleanup_stdio
                0x08000b08       0x40 /opt/gcc-arm-none-eabi/bin/../lib/gcc/arm-none-eabi/12.2.0/../../../../arm-none-eabi/lib/thumb/v7e-m/nofp/libg.a(libc_a-findfp.o)
 .text.__fp_lock
                0x08000b48       0x1c /opt/gcc-arm-none-eabi/bin/../lib/gcc/arm-none-eabi/12.2.0/../../../../arm-none-eabi/lib/thumb/v7e-m/nofp/libg.a(libc_a-findfp.o)
 .text.__fp_unlock
                0x08000b64       0x1c /opt/gcc-arm-none-eabi/bin/../lib/gcc/arm-none-eabi/12.2.0/../../../../arm-none-eabi/lib/thumb/v7e-m/nofp/libg.a(libc_a-findfp.o)
 .text.global_stdio_init.part.0
                0x08000b80       0xd4 /opt/gcc-arm-none-eabi/bin/../lib/gcc/arm-none-eabi/12.2.0/../../../../arm-none-eabi/lib/thumb/v7e-m/nofp/libg.a(libc_a-findfp.o)
 .text.__sfp    0x08000c54       0xc0 /opt/gcc-arm-none-eabi/bin/../lib/gcc/arm-none-eabi/12.2.0/../../../../arm-none-eabi/lib/thumb/v7e-m/nofp/libg.a(libc_a-findfp.o)
                0x08000c54                __sfp
 .text.__sinit  0x08000d14       0x3c /opt/gcc-arm-none-eabi/bin/../lib/gcc/arm-none-eabi/12.2.0/../../../../arm-none-eabi/lib/thumb/v7e-m/nofp/libg.a(libc_a-findfp.o)
                0x08000d14                __sinit
 .text.__sfp_lock_acquire
                0x08000d50        0xc /opt/gcc-arm-none-eabi/bin/../lib/gcc/arm-none-eabi/12.2.0/../../../../arm-none-eabi/lib/thumb/v7e-m/nofp/libg.a(libc_a-findfp.o)
                0x08000d50                __sfp_lock_acquire
 .text.__sfp_lock_release
                0x08000d5c        0xc /opt/gcc-arm-none-eabi/bin/../lib/gcc/arm-none-eabi/12.2.0/../../../../arm-none-eabi/lib/thumb/v7e-m/nofp/libg.a(libc_a-findfp.o)
                0x08000d5c                __sfp_lock_release
 .text.__fp_lock_all
                0x08000d68       0x24 /opt/gcc-arm-none-eabi/bin/../lib/gcc/arm-none-eabi/12.2.0/../../../../arm-none-eabi/lib/thumb/v7e-m/nofp/libg.a(libc_a-findfp.o)
                0x08000d68                __fp_lock_all
 .text.__fp_unlock_all
                0x08000d8c       0x24 /opt/gcc-arm-none-eabi/bin/../lib/gcc/arm-none-eabi/12.2.0/../../../../arm-none-eabi/lib/thumb/v7e-m/nofp/libg.a(libc_a-findfp.o)
                0x08000d8c                __fp_unlock_all
 .text.__sread  0x08000db0       0x24 /opt/gcc-arm-none-eabi/bin/../lib/gcc/arm-none-eabi/12.2.0/../../../../arm-none-eabi/lib/thumb/v7e-m/nofp/libg.a(libc_a-stdio.o)
                0x08000db0                __sread
 .text.__seofread
                0x08000dd4        0x4 /opt/gcc-arm-none-eabi/bin/../lib/gcc/arm-none-eabi/12.2.0/../../../../arm-none-eabi/lib/thumb/v7e-m/nofp/libg.a(libc_a-stdio.o)
                0x08000dd4                __seofread
 .text.__swrite
                0x08000dd8       0x40 /opt/gcc-arm-none-eabi/bin/../lib/gcc/arm-none-eabi/12.2.0/../../../../arm-none-eabi/lib/thumb/v7e-m/nofp/libg.a(libc_a-stdio.o)
                0x08000dd8                __swrite
 .text.__sseek  0x08000e18       0x24 /opt/gcc-arm-none-eabi/bin/../lib/gcc/arm-none-eabi/12.2.0/../../../../arm-none-eabi/lib/thumb/v7e-m/nofp/libg.a(libc_a-stdio.o)
                0x08000e18                __sseek
 .text.__sclose
                0x08000e3c        0x8 /opt/gcc-arm-none-eabi/bin/../lib/gcc/arm-none-eabi/12.2.0/../../../../arm-none-eabi/lib/thumb/v7e-m/nofp/libg.a(libc_a-stdio.o)
                0x08000e3c                __sclose
 .text.__sfvwrite_r
                0x08000e44      0x2d4 /opt/gcc-arm-none-eabi/bin/../lib/gcc/arm-none-eabi/12.2.0/../../../../arm-none-eabi/lib/thumb/v7e-m/nofp/libg.a(libc_a-fvwrite.o)
                0x08000e44                __sfvwrite_r
 .text._fwalk_sglue
                0x08001118       0x48 /opt/gcc-arm-none-eabi/bin/../lib/gcc/arm-none-eabi/12.2.0/../../../../arm-none-eabi/lib/thumb/v7e-m/nofp/libg.a(libc_a-fwalk.o)
                0x08001118                _fwalk_sglue
 .text._write_r
                0x08001160       0x2c /opt/gcc-arm-none-eabi/bin/../lib/gcc/arm-none-eabi/12.2.0/../../../../arm-none-eabi/lib/thumb/v7e-m/nofp/libg.a(libc_a-writer.o)
                0x08001160                _write_r
 .text.__register_exitproc
                0x0800118c       0x88 /opt/gcc-arm-none-eabi/bin/../lib/gcc/arm-none-eabi/12.2.0/../../../../arm-none-eabi/lib/thumb/v7e-m/nofp/libg.a(libc_a-__atexit.o)
                0x0800118c                __register_exitproc
 .text._malloc_r
                0x08001214      0x54c /opt/gcc-arm-none-eabi/bin/../lib/gcc/arm-none-eabi/12.2.0/../../../../arm-none-eabi/lib/thumb/v7e-m/nofp/libg.a(libc_a-mallocr.o)
                0x08001214                _malloc_r
 .text.memmove  0x08001760      0x100 /opt/gcc-arm-none-eabi/bin/../lib/gcc/arm-none-eabi/12.2.0/../../../../arm-none-eabi/lib/thumb/v7e-m/nofp/libg.a(libc_a-memmove.o)
                0x08001760                memmove
 .text._fclose_r
                0x08001860       0xc4 /opt/gcc-arm-none-eabi/bin/../lib/gcc/arm-none-eabi/12.2.0/../../../../arm-none-eabi/lib/thumb/v7e-m/nofp/libg.a(libc_a-fclose.o)
                0x08001860                _fclose_r
 .text.fclose   0x08001924       0x10 /opt/gcc-arm-none-eabi/bin/../lib/gcc/arm-none-eabi/12.2.0/../../../../arm-none-eabi/lib/thumb/v7e-m/nofp/libg.a(libc_a-fclose.o)
                0x08001924                fclose
 .text.__swsetup_r
                0x08001934       0xc0 /opt/gcc-arm-none-eabi/bin/../lib/gcc/arm-none-eabi/12.2.0/../../../../arm-none-eabi/lib/thumb/v7e-m/nofp/libg.a(libc_a-wsetup.o)
                0x08001934                __swsetup_r
 .text.__smakebuf_r
                0x080019f4       0xdc /opt/gcc-arm-none-eabi/bin/../lib/gcc/arm-none-eabi/12.2.0/../../../../arm-none-eabi/lib/thumb/v7e-m/nofp/libg.a(libc_a-makebuf.o)
                0x080019f4                __smakebuf_r
 .text.__swhatbuf_r
                0x08001ad0       0x60 /opt/gcc-arm-none-eabi/bin/../lib/gcc/arm-none-eabi/12.2.0/../../../../arm-none-eabi/lib/thumb/v7e-m/nofp/libg.a(libc_a-makebuf.o)
                0x08001ad0                __swhatbuf_r
 .text.__malloc_lock
                0x08001b30        0xc /opt/gcc-arm-none-eabi/bin/../lib/gcc/arm-none-eabi/12.2.0/../../../../arm-none-eabi/lib/thumb/v7e-m/nofp/libg.a(libc_a-mlock.o)
                0x08001b30                __malloc_lock
 .text.__malloc_unlock
                0x08001b3c        0xc /opt/gcc-arm-none-eabi/bin/../lib/gcc/arm-none-eabi/12.2.0/../../../../arm-none-eabi/lib/thumb/v7e-m/nofp/libg.a(libc_a-mlock.o)
                0x08001b3c                __malloc_unlock
 .text._close_r
                0x08001b48       0x24 /opt/gcc-arm-none-eabi/bin/../lib/gcc/arm-none-eabi/12.2.0/../../../../arm-none-eabi/lib/thumb/v7e-m/nofp/libg.a(libc_a-closer.o)
                0x08001b48                _close_r
 .text._reclaim_reent
                0x08001b6c       0x5c /opt/gcc-arm-none-eabi/bin/../lib/gcc/arm-none-eabi/12.2.0/../../../../arm-none-eabi/lib/thumb/v7e-m/nofp/libg.a(libc_a-reent.o)
                0x08001b6c                _reclaim_reent
 .text.__sflush_r
                0x08001bc8      0x128 /opt/gcc-arm-none-eabi/bin/../lib/gcc/arm-none-eabi/12.2.0/../../../../arm-none-eabi/lib/thumb/v7e-m/nofp/libg.a(libc_a-fflush.o)
                0x08001bc8                __sflush_r
 .text._fflush_r
                0x08001cf0       0x54 /opt/gcc-arm-none-eabi/bin/../lib/gcc/arm-none-eabi/12.2.0/../../../../arm-none-eabi/lib/thumb/v7e-m/nofp/libg.a(libc_a-fflush.o)
                0x08001cf0                _fflush_r
 .text.fflush   0x08001d44       0x74 /opt/gcc-arm-none-eabi/bin/../lib/gcc/arm-none-eabi/12.2.0/../../../../arm-none-eabi/lib/thumb/v7e-m/nofp/libg.a(libc_a-fflush.o)
                0x08001d44                fflush
 .text._realloc_r
                0x08001db8      0x34c /opt/gcc-arm-none-eabi/bin/../lib/gcc/arm-none-eabi/12.2.0/../../../../arm-none-eabi/lib/thumb/v7e-m/nofp/libg.a(libc_a-reallocr.o)
                0x08001db8                _realloc_r
 .text._malloc_trim_r
                0x08002104       0x9c /opt/gcc-arm-none-eabi/bin/../lib/gcc/arm-none-eabi/12.2.0/../../../../arm-none-eabi/lib/thumb/v7e-m/nofp/libg.a(libc_a-freer.o)
                0x08002104                _malloc_trim_r
 .text._free_r  0x080021a0      0x204 /opt/gcc-arm-none-eabi/bin/../lib/gcc/arm-none-eabi/12.2.0/../../../../arm-none-eabi/lib/thumb/v7e-m/nofp/libg.a(libc_a-freer.o)
                0x080021a0                _free_r
 .text._fstat_r
                0x080023a4       0x2c /opt/gcc-arm-none-eabi/bin/../lib/gcc/arm-none-eabi/12.2.0/../../../../arm-none-eabi/lib/thumb/v7e-m/nofp/libg.a(libc_a-fstatr.o)
                0x080023a4                _fstat_r
 .text._isatty_r
                0x080023d0       0x24 /opt/gcc-arm-none-eabi/bin/../lib/gcc/arm-none-eabi/12.2.0/../../../../arm-none-eabi/lib/thumb/v7e-m/nofp/libg.a(libc_a-isattyr.o)
                0x080023d0                _isatty_r
 .text._lseek_r
                0x080023f4       0x2c /opt/gcc-arm-none-eabi/bin/../lib/gcc/arm-none-eabi/12.2.0/../../../../arm-none-eabi/lib/thumb/v7e-m/nofp/libg.a(libc_a-lseekr.o)
                0x080023f4                _lseek_r
 .text._read_r  0x08002420       0x2c /opt/gcc-arm-none-eabi/bin/../lib/gcc/arm-none-eabi/12.2.0/../../../../arm-none-eabi/lib/thumb/v7e-m/nofp/libg.a(libc_a-readr.o)
                0x08002420                _read_r
 .text._sbrk_r  0x0800244c       0x24 /opt/gcc-arm-none-eabi/bin/../lib/gcc/arm-none-eabi/12.2.0/../../../../arm-none-eabi/lib/thumb/v7e-m/nofp/libg.a(libc_a-sbrkr.o)
                0x0800244c                _sbrk_r
 .text._swiread
                0x08002470       0x3c /opt/gcc-arm-none-eabi/bin/../lib/gcc/arm-none-eabi/12.2.0/../../../../arm-none-eabi/lib/thumb/v7e-m/nofp/librdimon.a(rdimon-syscalls.o)
                0x08002470                _swiread
 .text._read    0x080024ac       0x8c /opt/gcc-arm-none-eabi/bin/../lib/gcc/arm-none-eabi/12.2.0/../../../../arm-none-eabi/lib/thumb/v7e-m/nofp/librdimon.a(rdimon-syscalls.o)
                0x080024ac                _read
 .text._swilseek
                0x08002538       0xbc /opt/gcc-arm-none-eabi/bin/../lib/gcc/arm-none-eabi/12.2.0/../../../../arm-none-eabi/lib/thumb/v7e-m/nofp/librdimon.a(rdimon-syscalls.o)
                0x08002538                _swilseek
 .text._lseek   0x080025f4        0x4 /opt/gcc-arm-none-eabi/bin/../lib/gcc/arm-none-eabi/12.2.0/../../../../arm-none-eabi/lib/thumb/v7e-m/nofp/librdimon.a(rdimon-syscalls.o)
                0x080025f4                _lseek
 .text._swiwrite
                0x080025f8       0x3c /opt/gcc-arm-none-eabi/bin/../lib/gcc/arm-none-eabi/12.2.0/../../../../arm-none-eabi/lib/thumb/v7e-m/nofp/librdimon.a(rdimon-syscalls.o)
                0x080025f8                _swiwrite
 .text._write   0x08002634       0xa8 /opt/gcc-arm-none-eabi/bin/../lib/gcc/arm-none-eabi/12.2.0/../../../../arm-none-eabi/lib/thumb/v7e-m/nofp/librdimon.a(rdimon-syscalls.o)
                0x08002634                _write
 .text._swiclose
                0x080026dc       0x38 /opt/gcc-arm-none-eabi/bin/../lib/gcc/arm-none-eabi/12.2.0/../../../../arm-none-eabi/lib/thumb/v7e-m/nofp/librdimon.a(rdimon-syscalls.o)
                0x080026dc                _swiclose
 .text._close   0x08002714       0x88 /opt/gcc-arm-none-eabi/bin/../lib/gcc/arm-none-eabi/12.2.0/../../../../arm-none-eabi/lib/thumb/v7e-m/nofp/librdimon.a(rdimon-syscalls.o)
                0x08002714                _close
 .text._getpid  0x0800279c        0x4 /opt/gcc-arm-none-eabi/bin/../lib/gcc/arm-none-eabi/12.2.0/../../../../arm-none-eabi/lib/thumb/v7e-m/nofp/librdimon.a(rdimon-syscalls.o)
                0x0800279c                _getpid
 .text._sbrk    0x080027a0       0x48 /opt/gcc-arm-none-eabi/bin/../lib/gcc/arm-none-eabi/12.2.0/../../../../arm-none-eabi/lib/thumb/v7e-m/nofp/librdimon.a(rdimon-syscalls.o)
                0x080027a0                _sbrk
 .text._swistat
                0x080027e8       0x7c /opt/gcc-arm-none-eabi/bin/../lib/gcc/arm-none-eabi/12.2.0/../../../../arm-none-eabi/lib/thumb/v7e-m/nofp/librdimon.a(rdimon-syscalls.o)
                0x080027e8                _swistat
 .text._fstat   0x08002864       0x1c /opt/gcc-arm-none-eabi/bin/../lib/gcc/arm-none-eabi/12.2.0/../../../../arm-none-eabi/lib/thumb/v7e-m/nofp/librdimon.a(rdimon-syscalls.o)
                0x08002864                _fstat
 .text._stat    0x08002880       0x3c /opt/gcc-arm-none-eabi/bin/../lib/gcc/arm-none-eabi/12.2.0/../../../../arm-none-eabi/lib/thumb/v7e-m/nofp/librdimon.a(rdimon-syscalls.o)
                0x08002880                _stat
 .text._swiopen
                0x080028bc       0xc8 /opt/gcc-arm-none-eabi/bin/../lib/gcc/arm-none-eabi/12.2.0/../../../../arm-none-eabi/lib/thumb/v7e-m/nofp/librdimon.a(rdimon-syscalls.o)
                0x080028bc                _swiopen
 .text._open    0x08002984       0x14 /opt/gcc-arm-none-eabi/bin/../lib/gcc/arm-none-eabi/12.2.0/../../../../arm-none-eabi/lib/thumb/v7e-m/nofp/librdimon.a(rdimon-syscalls.o)
                0x08002984                _open
 .text._get_semihosting_exts
                0x08002998      0x104 /opt/gcc-arm-none-eabi/bin/../lib/gcc/arm-none-eabi/12.2.0/../../../../arm-none-eabi/lib/thumb/v7e-m/nofp/librdimon.a(rdimon-syscalls.o)
                0x08002998                _get_semihosting_exts
 .text._has_ext_exit_extended
                0x08002a9c       0x48 /opt/gcc-arm-none-eabi/bin/../lib/gcc/arm-none-eabi/12.2.0/../../../../arm-none-eabi/lib/thumb/v7e-m/nofp/librdimon.a(rdimon-syscalls.o)
                0x08002a9c                _has_ext_exit_extended
 .text._has_ext_stdout_stderr
                0x08002ae4       0x48 /opt/gcc-arm-none-eabi/bin/../lib/gcc/arm-none-eabi/12.2.0/../../../../arm-none-eabi/lib/thumb/v7e-m/nofp/librdimon.a(rdimon-syscalls.o)
                0x08002ae4                _has_ext_stdout_stderr
 .text.initialise_monitor_handles
                0x08002b2c      0x158 /opt/gcc-arm-none-eabi/bin/../lib/gcc/arm-none-eabi/12.2.0/../../../../arm-none-eabi/lib/thumb/v7e-m/nofp/librdimon.a(rdimon-syscalls.o)
                0x08002b2c                initialise_monitor_handles
 .text._link    0x08002c84       0x10 /opt/gcc-arm-none-eabi/bin/../lib/gcc/arm-none-eabi/12.2.0/../../../../arm-none-eabi/lib/thumb/v7e-m/nofp/librdimon.a(rdimon-syscalls.o)
                0x08002c84                _link
 .text._unlink  0x08002c94       0x40 /opt/gcc-arm-none-eabi/bin/../lib/gcc/arm-none-eabi/12.2.0/../../../../arm-none-eabi/lib/thumb/v7e-m/nofp/librdimon.a(rdimon-syscalls.o)
                0x08002c94                _unlink
 .text._gettimeofday
                0x08002cd4       0x28 /opt/gcc-arm-none-eabi/bin/../lib/gcc/arm-none-eabi/12.2.0/../../../../arm-none-eabi/lib/thumb/v7e-m/nofp/librdimon.a(rdimon-syscalls.o)
                0x08002cd4                _gettimeofday
 .text._clock   0x08002cfc       0x14 /opt/gcc-arm-none-eabi/bin/../lib/gcc/arm-none-eabi/12.2.0/../../../../arm-none-eabi/lib/thumb/v7e-m/nofp/librdimon.a(rdimon-syscalls.o)
                0x08002cfc                _clock
 .text._times   0x08002d10       0x20 /opt/gcc-arm-none-eabi/bin/../lib/gcc/arm-none-eabi/12.2.0/../../../../arm-none-eabi/lib/thumb/v7e-m/nofp/librdimon.a(rdimon-syscalls.o)
                0x08002d10                _times
 .text._isatty  0x08002d30       0x64 /opt/gcc-arm-none-eabi/bin/../lib/gcc/arm-none-eabi/12.2.0/../../../../arm-none-eabi/lib/thumb/v7e-m/nofp/librdimon.a(rdimon-syscalls.o)
                0x08002d30                _isatty
 .text._system  0x08002d94       0x58 /opt/gcc-arm-none-eabi/bin/../lib/gcc/arm-none-eabi/12.2.0/../../../../arm-none-eabi/lib/thumb/v7e-m/nofp/librdimon.a(rdimon-syscalls.o)
                0x08002d94                _system
 .text._rename  0x08002dec       0x54 /opt/gcc-arm-none-eabi/bin/../lib/gcc/arm-none-eabi/12.2.0/../../../../arm-none-eabi/lib/thumb/v7e-m/nofp/librdimon.a(rdimon-syscalls.o)
                0x08002dec                _rename
 .text._exit    0x08002e40       0x14 /opt/gcc-arm-none-eabi/bin/../lib/gcc/arm-none-eabi/12.2.0/../../../../arm-none-eabi/lib/thumb/v7e-m/nofp/librdimon.a(rdimon-_exit.o)
                0x08002e40                _exit
 .text._kill_shared
                0x08002e54       0x30 /opt/gcc-arm-none-eabi/bin/../lib/gcc/arm-none-eabi/12.2.0/../../../../arm-none-eabi/lib/thumb/v7e-m/nofp/librdimon.a(rdimon-_kill.o)
                0x08002e54                _kill_shared
 .text._kill    0x08002e84       0x1c /opt/gcc-arm-none-eabi/bin/../lib/gcc/arm-none-eabi/12.2.0/../../../../arm-none-eabi/lib/thumb/v7e-m/nofp/librdimon.a(rdimon-_kill.o)
                0x08002e84                _kill
 .text.__errno  0x08002ea0        0xc /opt/gcc-arm-none-eabi/bin/../lib/gcc/arm-none-eabi/12.2.0/../../../../arm-none-eabi/lib/thumb/v7e-m/nofp/libc.a(libc_a-errno.o)
                0x08002ea0                __errno
 *(.eh_frame)
 .eh_frame      0x08002eac        0x0 /opt/gcc-arm-none-eabi/bin/../lib/gcc/arm-none-eabi/12.2.0/thumb/v7e-m/nofp/crtbegin.o
 .eh_frame      0x08002eac       0x34 /opt/gcc-arm-none-eabi/bin/../lib/gcc/arm-none-eabi/12.2.0/../../../../arm-none-eabi/lib/thumb/v7e-m/nofp/libg.a(libc_a-strlen.o)
 .eh_frame      0x08002ee0       0x44 /opt/gcc-arm-none-eabi/bin/../lib/gcc/arm-none-eabi/12.2.0/../../../../arm-none-eabi/lib/thumb/v7e-m/nofp/libg.a(libc_a-memchr.o)
 .eh_frame      0x08002f24       0x2c /opt/gcc-arm-none-eabi/bin/../lib/gcc/arm-none-eabi/12.2.0/../../../../arm-none-eabi/lib/thumb/v7e-m/nofp/libg.a(libc_a-memcpy.o)
 .eh_frame      0x08002f50        0x4 /opt/gcc-arm-none-eabi/bin/../lib/gcc/arm-none-eabi/12.2.0/thumb/v7e-m/nofp/crtend.o
 *(.eh_frame*)
 *(.init)
 .init          0x08002f54        0x4 /opt/gcc-arm-none-eabi/bin/../lib/gcc/arm-none-eabi/12.2.0/thumb/v7e-m/nofp/crti.o
                0x08002f54                _init
 .init          0x08002f58        0x8 /opt/gcc-arm-none-eabi/bin/../lib/gcc/arm-none-eabi/12.2.0/thumb/v7e-m/nofp/crtn.o
 *(.fini)
 .fini          0x08002f60        0x4 /opt/gcc-arm-none-eabi/bin/../lib/gcc/arm-none-eabi/12.2.0/thumb/v7e-m/nofp/crti.o
                0x08002f60                _fini
 .fini          0x08002f64        0x8 /opt/gcc-arm-none-eabi/bin/../lib/gcc/arm-none-eabi/12.2.0/thumb/v7e-m/nofp/crtn.o
 *(.rodata)
 .rodata        0x08002f6c       0x28 src/obj/main.o
                0x08002f6c                RCC
                0x08002f70                GPIOA
                0x08002f74                TIM2
                0x08002f78                EXTI
                0x08002f7c                NVIC
 *(.rodata.*)
 .rodata.all_implied_fbits
                0x08002f94       0x24 /opt/gcc-arm-none-eabi/bin/../lib/gcc/arm-none-eabi/12.2.0/thumb/v7e-m/nofp/crtbegin.o
 .rodata._puts_r.str1.4
                0x08002fb8        0x2 /opt/gcc-arm-none-eabi/bin/../lib/gcc/arm-none-eabi/12.2.0/../../../../arm-none-eabi/lib/thumb/v7e-m/nofp/libg.a(libc_a-puts.o)
 *fill*         0x08002fba        0x2 
 .rodata._get_semihosting_exts.str1.4
                0x08002fbc       0x16 /opt/gcc-arm-none-eabi/bin/../lib/gcc/arm-none-eabi/12.2.0/../../../../arm-none-eabi/lib/thumb/v7e-m/nofp/librdimon.a(rdimon-syscalls.o)
 *fill*         0x08002fd2        0x2 
 .rodata.initialise_monitor_handles.str1.4
                0x08002fd4        0x4 /opt/gcc-arm-none-eabi/bin/../lib/gcc/arm-none-eabi/12.2.0/../../../../arm-none-eabi/lib/thumb/v7e-m/nofp/librdimon.a(rdimon-syscalls.o)
 .rodata.all_implied_fbits
                0x08002fd8       0x24 /opt/gcc-arm-none-eabi/bin/../lib/gcc/arm-none-eabi/12.2.0/thumb/v7e-m/nofp/crtend.o
                0x08002ffc                        . = ALIGN (0x4)

.glue_7         0x08002ffc        0x0
 .glue_7        0x08002ffc        0x0 linker stubs

.glue_7t        0x08002ffc        0x0
 .glue_7t       0x08002ffc        0x0 linker stubs

.vfp11_veneer   0x08002ffc        0x0
 .vfp11_veneer  0x08002ffc        0x0 linker stubs

.v4_bx          0x08002ffc        0x0
 .v4_bx         0x08002ffc        0x0 linker stubs

.iplt           0x08002ffc        0x0
 .iplt          0x08002ffc        0x0 /opt/gcc-arm-none-eabi/bin/../lib/gcc/arm-none-eabi/12.2.0/thumb/v7e-m/nofp/crtbegin.o

.ARM            0x08002ffc      0x7b8
                0x08002ffc                        . = ALIGN (0x4)
 *(.ARM*)
 .ARM.attributes
                0x08002ffc       0x1e /opt/gcc-arm-none-eabi/bin/../lib/gcc/arm-none-eabi/12.2.0/thumb/v7e-m/nofp/crti.o
 .ARM.attributes
                0x0800301a       0x2e /opt/gcc-arm-none-eabi/bin/../lib/gcc/arm-none-eabi/12.2.0/thumb/v7e-m/nofp/crtbegin.o
 .ARM.extab     0x08003048        0x0 /opt/gcc-arm-none-eabi/bin/../lib/gcc/arm-none-eabi/12.2.0/../../../../arm-none-eabi/lib/thumb/v7e-m/nofp/rdimon-crt0.o
 .ARM.attributes
                0x08003048       0x1c /opt/gcc-arm-none-eabi/bin/../lib/gcc/arm-none-eabi/12.2.0/../../../../arm-none-eabi/lib/thumb/v7e-m/nofp/rdimon-crt0.o
 .ARM.attributes
                0x08003064       0x2e src/obj/main.o
 .ARM.attributes
                0x08003092       0x2e src/obj/startup_STM32F401RE.o
 .ARM.attributes
                0x080030c0       0x2e /opt/gcc-arm-none-eabi/bin/../lib/gcc/arm-none-eabi/12.2.0/../../../../arm-none-eabi/lib/thumb/v7e-m/nofp/libg.a(libc_a-exit.o)
 .ARM.attributes
                0x080030ee       0x2e /opt/gcc-arm-none-eabi/bin/../lib/gcc/arm-none-eabi/12.2.0/../../../../arm-none-eabi/lib/thumb/v7e-m/nofp/libg.a(libc_a-__call_atexit.o)
 .ARM.attributes
                0x0800311c       0x2e /opt/gcc-arm-none-eabi/bin/../lib/gcc/arm-none-eabi/12.2.0/../../../../arm-none-eabi/lib/thumb/v7e-m/nofp/libg.a(libc_a-memset.o)
 .ARM.attributes
                0x0800314a       0x2e /opt/gcc-arm-none-eabi/bin/../lib/gcc/arm-none-eabi/12.2.0/../../../../arm-none-eabi/lib/thumb/v7e-m/nofp/libg.a(libc_a-init.o)
 .ARM.attributes
                0x08003178       0x2e /opt/gcc-arm-none-eabi/bin/../lib/gcc/arm-none-eabi/12.2.0/../../../../arm-none-eabi/lib/thumb/v7e-m/nofp/libg.a(libc_a-fini.o)
 .ARM.attributes
                0x080031a6       0x2e /opt/gcc-arm-none-eabi/bin/../lib/gcc/arm-none-eabi/12.2.0/../../../../arm-none-eabi/lib/thumb/v7e-m/nofp/libg.a(libc_a-lock.o)
 .ARM.attributes
                0x080031d4       0x2e /opt/gcc-arm-none-eabi/bin/../lib/gcc/arm-none-eabi/12.2.0/../../../../arm-none-eabi/lib/thumb/v7e-m/nofp/libg.a(libc_a-puts.o)
 .ARM.attributes
                0x08003202       0x2e /opt/gcc-arm-none-eabi/bin/../lib/gcc/arm-none-eabi/12.2.0/../../../../arm-none-eabi/lib/thumb/v7e-m/nofp/libg.a(libc_a-atexit.o)
 .ARM.attributes
                0x08003230       0x2e /opt/gcc-arm-none-eabi/bin/../lib/gcc/arm-none-eabi/12.2.0/../../../../arm-none-eabi/lib/thumb/v7e-m/nofp/libg.a(libc_a-impure.o)
 .ARM.attributes
                0x0800325e       0x2e /opt/gcc-arm-none-eabi/bin/../lib/gcc/arm-none-eabi/12.2.0/../../../../arm-none-eabi/lib/thumb/v7e-m/nofp/libg.a(libc_a-findfp.o)
 .ARM.extab     0x0800328c        0x0 /opt/gcc-arm-none-eabi/bin/../lib/gcc/arm-none-eabi/12.2.0/../../../../arm-none-eabi/lib/thumb/v7e-m/nofp/libg.a(libc_a-strlen.o)
 .ARM.attributes
                0x0800328c       0x1c /opt/gcc-arm-none-eabi/bin/../lib/gcc/arm-none-eabi/12.2.0/../../../../arm-none-eabi/lib/thumb/v7e-m/nofp/libg.a(libc_a-strlen.o)
 .ARM.attributes
                0x080032a8       0x2e /opt/gcc-arm-none-eabi/bin/../lib/gcc/arm-none-eabi/12.2.0/../../../../arm-none-eabi/lib/thumb/v7e-m/nofp/libg.a(libc_a-stdio.o)
 .ARM.attributes
                0x080032d6       0x2e /opt/gcc-arm-none-eabi/bin/../lib/gcc/arm-none-eabi/12.2.0/../../../../arm-none-eabi/lib/thumb/v7e-m/nofp/libg.a(libc_a-fvwrite.o)
 .ARM.attributes
                0x08003304       0x2e /opt/gcc-arm-none-eabi/bin/../lib/gcc/arm-none-eabi/12.2.0/../../../../arm-none-eabi/lib/thumb/v7e-m/nofp/libg.a(libc_a-fwalk.o)
 .ARM.attributes
                0x08003332       0x2e /opt/gcc-arm-none-eabi/bin/../lib/gcc/arm-none-eabi/12.2.0/../../../../arm-none-eabi/lib/thumb/v7e-m/nofp/libg.a(libc_a-writer.o)
 .ARM.attributes
                0x08003360       0x2e /opt/gcc-arm-none-eabi/bin/../lib/gcc/arm-none-eabi/12.2.0/../../../../arm-none-eabi/lib/thumb/v7e-m/nofp/libg.a(libc_a-__atexit.o)
 .ARM.attributes
                0x0800338e       0x2e /opt/gcc-arm-none-eabi/bin/../lib/gcc/arm-none-eabi/12.2.0/../../../../arm-none-eabi/lib/thumb/v7e-m/nofp/libg.a(libc_a-mallocr.o)
 .ARM.attributes
                0x080033bc       0x2e /opt/gcc-arm-none-eabi/bin/../lib/gcc/arm-none-eabi/12.2.0/../../../../arm-none-eabi/lib/thumb/v7e-m/nofp/libg.a(libc_a-memmove.o)
 .ARM.attributes
                0x080033ea       0x2e /opt/gcc-arm-none-eabi/bin/../lib/gcc/arm-none-eabi/12.2.0/../../../../arm-none-eabi/lib/thumb/v7e-m/nofp/libg.a(libc_a-fclose.o)
 .ARM.attributes
                0x08003418       0x2e /opt/gcc-arm-none-eabi/bin/../lib/gcc/arm-none-eabi/12.2.0/../../../../arm-none-eabi/lib/thumb/v7e-m/nofp/libg.a(libc_a-wsetup.o)
 .ARM.attributes
                0x08003446       0x2e /opt/gcc-arm-none-eabi/bin/../lib/gcc/arm-none-eabi/12.2.0/../../../../arm-none-eabi/lib/thumb/v7e-m/nofp/libg.a(libc_a-makebuf.o)
 .ARM.attributes
                0x08003474       0x2e /opt/gcc-arm-none-eabi/bin/../lib/gcc/arm-none-eabi/12.2.0/../../../../arm-none-eabi/lib/thumb/v7e-m/nofp/libg.a(libc_a-mlock.o)
 .ARM.attributes
                0x080034a2       0x2e /opt/gcc-arm-none-eabi/bin/../lib/gcc/arm-none-eabi/12.2.0/../../../../arm-none-eabi/lib/thumb/v7e-m/nofp/libg.a(libc_a-closer.o)
 .ARM.attributes
                0x080034d0       0x2e /opt/gcc-arm-none-eabi/bin/../lib/gcc/arm-none-eabi/12.2.0/../../../../arm-none-eabi/lib/thumb/v7e-m/nofp/libg.a(libc_a-reent.o)
 .ARM.attributes
                0x080034fe       0x2e /opt/gcc-arm-none-eabi/bin/../lib/gcc/arm-none-eabi/12.2.0/../../../../arm-none-eabi/lib/thumb/v7e-m/nofp/libg.a(libc_a-fflush.o)
 .ARM.extab     0x0800352c        0x0 /opt/gcc-arm-none-eabi/bin/../lib/gcc/arm-none-eabi/12.2.0/../../../../arm-none-eabi/lib/thumb/v7e-m/nofp/libg.a(libc_a-memchr.o)
 .ARM.attributes
                0x0800352c       0x1c /opt/gcc-arm-none-eabi/bin/../lib/gcc/arm-none-eabi/12.2.0/../../../../arm-none-eabi/lib/thumb/v7e-m/nofp/libg.a(libc_a-memchr.o)
 .ARM.extab     0x08003548        0x0 /opt/gcc-arm-none-eabi/bin/../lib/gcc/arm-none-eabi/12.2.0/../../../../arm-none-eabi/lib/thumb/v7e-m/nofp/libg.a(libc_a-memcpy.o)
 .ARM.attributes
                0x08003548       0x1c /opt/gcc-arm-none-eabi/bin/../lib/gcc/arm-none-eabi/12.2.0/../../../../arm-none-eabi/lib/thumb/v7e-m/nofp/libg.a(libc_a-memcpy.o)
 .ARM.attributes
                0x08003564       0x2e /opt/gcc-arm-none-eabi/bin/../lib/gcc/arm-none-eabi/12.2.0/../../../../arm-none-eabi/lib/thumb/v7e-m/nofp/libg.a(libc_a-reallocr.o)
 .ARM.attributes
                0x08003592       0x2e /opt/gcc-arm-none-eabi/bin/../lib/gcc/arm-none-eabi/12.2.0/../../../../arm-none-eabi/lib/thumb/v7e-m/nofp/libg.a(libc_a-freer.o)
 .ARM.attributes
                0x080035c0       0x2e /opt/gcc-arm-none-eabi/bin/../lib/gcc/arm-none-eabi/12.2.0/../../../../arm-none-eabi/lib/thumb/v7e-m/nofp/libg.a(libc_a-fstatr.o)
 .ARM.attributes
                0x080035ee       0x2e /opt/gcc-arm-none-eabi/bin/../lib/gcc/arm-none-eabi/12.2.0/../../../../arm-none-eabi/lib/thumb/v7e-m/nofp/libg.a(libc_a-isattyr.o)
 .ARM.attributes
                0x0800361c       0x2e /opt/gcc-arm-none-eabi/bin/../lib/gcc/arm-none-eabi/12.2.0/../../../../arm-none-eabi/lib/thumb/v7e-m/nofp/libg.a(libc_a-lseekr.o)
 .ARM.attributes
                0x0800364a       0x2e /opt/gcc-arm-none-eabi/bin/../lib/gcc/arm-none-eabi/12.2.0/../../../../arm-none-eabi/lib/thumb/v7e-m/nofp/libg.a(libc_a-readr.o)
 .ARM.attributes
                0x08003678       0x2e /opt/gcc-arm-none-eabi/bin/../lib/gcc/arm-none-eabi/12.2.0/../../../../arm-none-eabi/lib/thumb/v7e-m/nofp/libg.a(libc_a-sbrkr.o)
 .ARM.attributes
                0x080036a6       0x2e /opt/gcc-arm-none-eabi/bin/../lib/gcc/arm-none-eabi/12.2.0/../../../../arm-none-eabi/lib/thumb/v7e-m/nofp/librdimon.a(rdimon-syscalls.o)
 .ARM.attributes
                0x080036d4       0x2e /opt/gcc-arm-none-eabi/bin/../lib/gcc/arm-none-eabi/12.2.0/../../../../arm-none-eabi/lib/thumb/v7e-m/nofp/librdimon.a(rdimon-_exit.o)
 .ARM.attributes
                0x08003702       0x2e /opt/gcc-arm-none-eabi/bin/../lib/gcc/arm-none-eabi/12.2.0/../../../../arm-none-eabi/lib/thumb/v7e-m/nofp/librdimon.a(rdimon-_kill.o)
 .ARM.attributes
                0x08003730       0x2e /opt/gcc-arm-none-eabi/bin/../lib/gcc/arm-none-eabi/12.2.0/../../../../arm-none-eabi/lib/thumb/v7e-m/nofp/libc.a(libc_a-errno.o)
 .ARM.attributes
                0x0800375e       0x2e /opt/gcc-arm-none-eabi/bin/../lib/gcc/arm-none-eabi/12.2.0/thumb/v7e-m/nofp/crtend.o
 .ARM.attributes
                0x0800378c       0x1e /opt/gcc-arm-none-eabi/bin/../lib/gcc/arm-none-eabi/12.2.0/thumb/v7e-m/nofp/crtn.o
 *fill*         0x080037aa        0x2 
 .ARM.exidx     0x080037ac        0x8 /opt/gcc-arm-none-eabi/bin/../lib/gcc/arm-none-eabi/12.2.0/../../../../arm-none-eabi/lib/thumb/v7e-m/nofp/rdimon-crt0.o
                                 0x10 (size before relaxing)
 .ARM.exidx     0x080037b4        0x0 /opt/gcc-arm-none-eabi/bin/../lib/gcc/arm-none-eabi/12.2.0/../../../../arm-none-eabi/lib/thumb/v7e-m/nofp/libg.a(libc_a-strlen.o)
                                  0x8 (size before relaxing)
 .ARM.exidx     0x080037b4        0x0 /opt/gcc-arm-none-eabi/bin/../lib/gcc/arm-none-eabi/12.2.0/../../../../arm-none-eabi/lib/thumb/v7e-m/nofp/libg.a(libc_a-memchr.o)
                                  0x8 (size before relaxing)
 .ARM.exidx     0x080037b4        0x0 /opt/gcc-arm-none-eabi/bin/../lib/gcc/arm-none-eabi/12.2.0/../../../../arm-none-eabi/lib/thumb/v7e-m/nofp/libg.a(libc_a-memcpy.o)
                                  0x8 (size before relaxing)
                0x080037b4                        . = ALIGN (0x4)
 *fill*         0x080037b4        0x0 

.rel.dyn        0x080037b4        0x0
 .rel.iplt      0x080037b4        0x0 /opt/gcc-arm-none-eabi/bin/../lib/gcc/arm-none-eabi/12.2.0/thumb/v7e-m/nofp/crtbegin.o

.debug          0x080037b8    0x27be4
                0x080037b8                        . = ALIGN (0x4)
 *(.debug*)
 .debug_line    0x080037b8       0xbf /opt/gcc-arm-none-eabi/bin/../lib/gcc/arm-none-eabi/12.2.0/../../../../arm-none-eabi/lib/thumb/v7e-m/nofp/rdimon-crt0.o
 .debug_line_str
                0x08003877       0xd9 /opt/gcc-arm-none-eabi/bin/../lib/gcc/arm-none-eabi/12.2.0/../../../../arm-none-eabi/lib/thumb/v7e-m/nofp/rdimon-crt0.o
                                 0xe0 (size before relaxing)
 .debug_info    0x08003950       0x25 /opt/gcc-arm-none-eabi/bin/../lib/gcc/arm-none-eabi/12.2.0/../../../../arm-none-eabi/lib/thumb/v7e-m/nofp/rdimon-crt0.o
 .debug_abbrev  0x08003975       0x14 /opt/gcc-arm-none-eabi/bin/../lib/gcc/arm-none-eabi/12.2.0/../../../../arm-none-eabi/lib/thumb/v7e-m/nofp/rdimon-crt0.o
 *fill*         0x08003989        0x7 
 .debug_aranges
                0x08003990       0x20 /opt/gcc-arm-none-eabi/bin/../lib/gcc/arm-none-eabi/12.2.0/../../../../arm-none-eabi/lib/thumb/v7e-m/nofp/rdimon-crt0.o
 .debug_str     0x080039b0       0x6a /opt/gcc-arm-none-eabi/bin/../lib/gcc/arm-none-eabi/12.2.0/../../../../arm-none-eabi/lib/thumb/v7e-m/nofp/rdimon-crt0.o
                                 0xef (size before relaxing)
 .debug_info    0x08003a1a      0x625 src/obj/main.o
 .debug_abbrev  0x0800403f      0x1c2 src/obj/main.o
 .debug_aranges
                0x08004201       0x20 src/obj/main.o
 .debug_line    0x08004221      0x197 src/obj/main.o
 .debug_str     0x080043b8      0x456 src/obj/main.o
                                0x4a2 (size before relaxing)
 *fill*         0x0800480e        0x2 
 .debug_frame   0x08004810       0xe4 src/obj/main.o
 .debug_info    0x080048f4      0x192 src/obj/startup_STM32F401RE.o
 .debug_abbrev  0x08004a86      0x11e src/obj/startup_STM32F401RE.o
 .debug_aranges
                0x08004ba4       0x20 src/obj/startup_STM32F401RE.o
 .debug_line    0x08004bc4      0x138 src/obj/startup_STM32F401RE.o
 .debug_str     0x08004cfc       0x95 src/obj/startup_STM32F401RE.o
                                0x1c5 (size before relaxing)
 *fill*         0x08004d91        0x3 
 .debug_frame   0x08004d94       0x4c src/obj/startup_STM32F401RE.o
 .debug_info    0x08004de0      0x10a /opt/gcc-arm-none-eabi/bin/../lib/gcc/arm-none-eabi/12.2.0/../../../../arm-none-eabi/lib/thumb/v7e-m/nofp/libg.a(libc_a-exit.o)
 .debug_abbrev  0x08004eea       0xd5 /opt/gcc-arm-none-eabi/bin/../lib/gcc/arm-none-eabi/12.2.0/../../../../arm-none-eabi/lib/thumb/v7e-m/nofp/libg.a(libc_a-exit.o)
 .debug_loclists
                0x08004fbf       0x20 /opt/gcc-arm-none-eabi/bin/../lib/gcc/arm-none-eabi/12.2.0/../../../../arm-none-eabi/lib/thumb/v7e-m/nofp/libg.a(libc_a-exit.o)
 .debug_aranges
                0x08004fdf       0x20 /opt/gcc-arm-none-eabi/bin/../lib/gcc/arm-none-eabi/12.2.0/../../../../arm-none-eabi/lib/thumb/v7e-m/nofp/libg.a(libc_a-exit.o)
 .debug_rnglists
                0x08004fff       0x13 /opt/gcc-arm-none-eabi/bin/../lib/gcc/arm-none-eabi/12.2.0/../../../../arm-none-eabi/lib/thumb/v7e-m/nofp/libg.a(libc_a-exit.o)
 .debug_line    0x08005012      0x1a6 /opt/gcc-arm-none-eabi/bin/../lib/gcc/arm-none-eabi/12.2.0/../../../../arm-none-eabi/lib/thumb/v7e-m/nofp/libg.a(libc_a-exit.o)
 .debug_str     0x080051b8      0x188 /opt/gcc-arm-none-eabi/bin/../lib/gcc/arm-none-eabi/12.2.0/../../../../arm-none-eabi/lib/thumb/v7e-m/nofp/libg.a(libc_a-exit.o)
                                0x227 (size before relaxing)
 .debug_frame   0x08005340       0x28 /opt/gcc-arm-none-eabi/bin/../lib/gcc/arm-none-eabi/12.2.0/../../../../arm-none-eabi/lib/thumb/v7e-m/nofp/libg.a(libc_a-exit.o)
 .debug_info    0x08005368      0x2dd /opt/gcc-arm-none-eabi/bin/../lib/gcc/arm-none-eabi/12.2.0/../../../../arm-none-eabi/lib/thumb/v7e-m/nofp/libg.a(libc_a-__call_atexit.o)
 .debug_abbrev  0x08005645      0x20c /opt/gcc-arm-none-eabi/bin/../lib/gcc/arm-none-eabi/12.2.0/../../../../arm-none-eabi/lib/thumb/v7e-m/nofp/libg.a(libc_a-__call_atexit.o)
 .debug_loclists
                0x08005851      0x128 /opt/gcc-arm-none-eabi/bin/../lib/gcc/arm-none-eabi/12.2.0/../../../../arm-none-eabi/lib/thumb/v7e-m/nofp/libg.a(libc_a-__call_atexit.o)
 .debug_aranges
                0x08005979       0x28 /opt/gcc-arm-none-eabi/bin/../lib/gcc/arm-none-eabi/12.2.0/../../../../arm-none-eabi/lib/thumb/v7e-m/nofp/libg.a(libc_a-__call_atexit.o)
 .debug_rnglists
                0x080059a1       0x35 /opt/gcc-arm-none-eabi/bin/../lib/gcc/arm-none-eabi/12.2.0/../../../../arm-none-eabi/lib/thumb/v7e-m/nofp/libg.a(libc_a-__call_atexit.o)
 .debug_line    0x080059d6      0x2ca /opt/gcc-arm-none-eabi/bin/../lib/gcc/arm-none-eabi/12.2.0/../../../../arm-none-eabi/lib/thumb/v7e-m/nofp/libg.a(libc_a-__call_atexit.o)
 .debug_str     0x08005ca0      0x165 /opt/gcc-arm-none-eabi/bin/../lib/gcc/arm-none-eabi/12.2.0/../../../../arm-none-eabi/lib/thumb/v7e-m/nofp/libg.a(libc_a-__call_atexit.o)
                                0x33e (size before relaxing)
 *fill*         0x08005e05        0x3 
 .debug_frame   0x08005e08       0x5c /opt/gcc-arm-none-eabi/bin/../lib/gcc/arm-none-eabi/12.2.0/../../../../arm-none-eabi/lib/thumb/v7e-m/nofp/libg.a(libc_a-__call_atexit.o)
 .debug_info    0x08005e64      0x135 /opt/gcc-arm-none-eabi/bin/../lib/gcc/arm-none-eabi/12.2.0/../../../../arm-none-eabi/lib/thumb/v7e-m/nofp/libg.a(libc_a-memset.o)
 .debug_abbrev  0x08005f99       0xb7 /opt/gcc-arm-none-eabi/bin/../lib/gcc/arm-none-eabi/12.2.0/../../../../arm-none-eabi/lib/thumb/v7e-m/nofp/libg.a(libc_a-memset.o)
 .debug_loclists
                0x08006050      0x1cf /opt/gcc-arm-none-eabi/bin/../lib/gcc/arm-none-eabi/12.2.0/../../../../arm-none-eabi/lib/thumb/v7e-m/nofp/libg.a(libc_a-memset.o)
 .debug_aranges
                0x0800621f       0x20 /opt/gcc-arm-none-eabi/bin/../lib/gcc/arm-none-eabi/12.2.0/../../../../arm-none-eabi/lib/thumb/v7e-m/nofp/libg.a(libc_a-memset.o)
 .debug_rnglists
                0x0800623f       0x14 /opt/gcc-arm-none-eabi/bin/../lib/gcc/arm-none-eabi/12.2.0/../../../../arm-none-eabi/lib/thumb/v7e-m/nofp/libg.a(libc_a-memset.o)
 .debug_line    0x08006253      0x23e /opt/gcc-arm-none-eabi/bin/../lib/gcc/arm-none-eabi/12.2.0/../../../../arm-none-eabi/lib/thumb/v7e-m/nofp/libg.a(libc_a-memset.o)
 .debug_str     0x08006491       0x77 /opt/gcc-arm-none-eabi/bin/../lib/gcc/arm-none-eabi/12.2.0/../../../../arm-none-eabi/lib/thumb/v7e-m/nofp/libg.a(libc_a-memset.o)
                                0x215 (size before relaxing)
 .debug_frame   0x08006508       0x2c /opt/gcc-arm-none-eabi/bin/../lib/gcc/arm-none-eabi/12.2.0/../../../../arm-none-eabi/lib/thumb/v7e-m/nofp/libg.a(libc_a-memset.o)
 .debug_info    0x08006534      0x10b /opt/gcc-arm-none-eabi/bin/../lib/gcc/arm-none-eabi/12.2.0/../../../../arm-none-eabi/lib/thumb/v7e-m/nofp/libg.a(libc_a-init.o)
 .debug_abbrev  0x0800663f       0xc9 /opt/gcc-arm-none-eabi/bin/../lib/gcc/arm-none-eabi/12.2.0/../../../../arm-none-eabi/lib/thumb/v7e-m/nofp/libg.a(libc_a-init.o)
 .debug_loclists
                0x08006708       0x6f /opt/gcc-arm-none-eabi/bin/../lib/gcc/arm-none-eabi/12.2.0/../../../../arm-none-eabi/lib/thumb/v7e-m/nofp/libg.a(libc_a-init.o)
 .debug_aranges
                0x08006777       0x20 /opt/gcc-arm-none-eabi/bin/../lib/gcc/arm-none-eabi/12.2.0/../../../../arm-none-eabi/lib/thumb/v7e-m/nofp/libg.a(libc_a-init.o)
 .debug_rnglists
                0x08006797       0x13 /opt/gcc-arm-none-eabi/bin/../lib/gcc/arm-none-eabi/12.2.0/../../../../arm-none-eabi/lib/thumb/v7e-m/nofp/libg.a(libc_a-init.o)
 .debug_line    0x080067aa      0x18f /opt/gcc-arm-none-eabi/bin/../lib/gcc/arm-none-eabi/12.2.0/../../../../arm-none-eabi/lib/thumb/v7e-m/nofp/libg.a(libc_a-init.o)
 .debug_str     0x08006939       0xad /opt/gcc-arm-none-eabi/bin/../lib/gcc/arm-none-eabi/12.2.0/../../../../arm-none-eabi/lib/thumb/v7e-m/nofp/libg.a(libc_a-init.o)
                                0x262 (size before relaxing)
 *fill*         0x080069e6        0x2 
 .debug_frame   0x080069e8       0x2c /opt/gcc-arm-none-eabi/bin/../lib/gcc/arm-none-eabi/12.2.0/../../../../arm-none-eabi/lib/thumb/v7e-m/nofp/libg.a(libc_a-init.o)
 .debug_info    0x08006a14       0xf7 /opt/gcc-arm-none-eabi/bin/../lib/gcc/arm-none-eabi/12.2.0/../../../../arm-none-eabi/lib/thumb/v7e-m/nofp/libg.a(libc_a-fini.o)
 .debug_abbrev  0x08006b0b       0xcc /opt/gcc-arm-none-eabi/bin/../lib/gcc/arm-none-eabi/12.2.0/../../../../arm-none-eabi/lib/thumb/v7e-m/nofp/libg.a(libc_a-fini.o)
 .debug_loclists
                0x08006bd7       0x4c /opt/gcc-arm-none-eabi/bin/../lib/gcc/arm-none-eabi/12.2.0/../../../../arm-none-eabi/lib/thumb/v7e-m/nofp/libg.a(libc_a-fini.o)
 .debug_aranges
                0x08006c23       0x20 /opt/gcc-arm-none-eabi/bin/../lib/gcc/arm-none-eabi/12.2.0/../../../../arm-none-eabi/lib/thumb/v7e-m/nofp/libg.a(libc_a-fini.o)
 .debug_rnglists
                0x08006c43       0x13 /opt/gcc-arm-none-eabi/bin/../lib/gcc/arm-none-eabi/12.2.0/../../../../arm-none-eabi/lib/thumb/v7e-m/nofp/libg.a(libc_a-fini.o)
 .debug_line    0x08006c56      0x13f /opt/gcc-arm-none-eabi/bin/../lib/gcc/arm-none-eabi/12.2.0/../../../../arm-none-eabi/lib/thumb/v7e-m/nofp/libg.a(libc_a-fini.o)
 .debug_str     0x08006d95       0x83 /opt/gcc-arm-none-eabi/bin/../lib/gcc/arm-none-eabi/12.2.0/../../../../arm-none-eabi/lib/thumb/v7e-m/nofp/libg.a(libc_a-fini.o)
                                0x238 (size before relaxing)
 .debug_frame   0x08006e18       0x34 /opt/gcc-arm-none-eabi/bin/../lib/gcc/arm-none-eabi/12.2.0/../../../../arm-none-eabi/lib/thumb/v7e-m/nofp/libg.a(libc_a-fini.o)
 .debug_info    0x08006e4c      0x20a /opt/gcc-arm-none-eabi/bin/../lib/gcc/arm-none-eabi/12.2.0/../../../../arm-none-eabi/lib/thumb/v7e-m/nofp/libg.a(libc_a-lock.o)
 .debug_abbrev  0x08007056      0x115 /opt/gcc-arm-none-eabi/bin/../lib/gcc/arm-none-eabi/12.2.0/../../../../arm-none-eabi/lib/thumb/v7e-m/nofp/libg.a(libc_a-lock.o)
 .debug_loclists
                0x0800716b       0x23 /opt/gcc-arm-none-eabi/bin/../lib/gcc/arm-none-eabi/12.2.0/../../../../arm-none-eabi/lib/thumb/v7e-m/nofp/libg.a(libc_a-lock.o)
 .debug_aranges
                0x0800718e       0x68 /opt/gcc-arm-none-eabi/bin/../lib/gcc/arm-none-eabi/12.2.0/../../../../arm-none-eabi/lib/thumb/v7e-m/nofp/libg.a(libc_a-lock.o)
 .debug_rnglists
                0x080071f6       0x49 /opt/gcc-arm-none-eabi/bin/../lib/gcc/arm-none-eabi/12.2.0/../../../../arm-none-eabi/lib/thumb/v7e-m/nofp/libg.a(libc_a-lock.o)
 .debug_line    0x0800723f      0x1ad /opt/gcc-arm-none-eabi/bin/../lib/gcc/arm-none-eabi/12.2.0/../../../../arm-none-eabi/lib/thumb/v7e-m/nofp/libg.a(libc_a-lock.o)
 .debug_str     0x080073ec      0x1fc /opt/gcc-arm-none-eabi/bin/../lib/gcc/arm-none-eabi/12.2.0/../../../../arm-none-eabi/lib/thumb/v7e-m/nofp/libg.a(libc_a-lock.o)
                                0x374 (size before relaxing)
 .debug_frame   0x080075e8       0xb0 /opt/gcc-arm-none-eabi/bin/../lib/gcc/arm-none-eabi/12.2.0/../../../../arm-none-eabi/lib/thumb/v7e-m/nofp/libg.a(libc_a-lock.o)
 .debug_info    0x08007698      0x941 /opt/gcc-arm-none-eabi/bin/../lib/gcc/arm-none-eabi/12.2.0/../../../../arm-none-eabi/lib/thumb/v7e-m/nofp/libg.a(libc_a-puts.o)
 .debug_abbrev  0x08007fd9      0x27d /opt/gcc-arm-none-eabi/bin/../lib/gcc/arm-none-eabi/12.2.0/../../../../arm-none-eabi/lib/thumb/v7e-m/nofp/libg.a(libc_a-puts.o)
 .debug_loclists
                0x08008256       0xed /opt/gcc-arm-none-eabi/bin/../lib/gcc/arm-none-eabi/12.2.0/../../../../arm-none-eabi/lib/thumb/v7e-m/nofp/libg.a(libc_a-puts.o)
 .debug_aranges
                0x08008343       0x28 /opt/gcc-arm-none-eabi/bin/../lib/gcc/arm-none-eabi/12.2.0/../../../../arm-none-eabi/lib/thumb/v7e-m/nofp/libg.a(libc_a-puts.o)
 .debug_rnglists
                0x0800836b       0x2a /opt/gcc-arm-none-eabi/bin/../lib/gcc/arm-none-eabi/12.2.0/../../../../arm-none-eabi/lib/thumb/v7e-m/nofp/libg.a(libc_a-puts.o)
 .debug_line    0x08008395      0x320 /opt/gcc-arm-none-eabi/bin/../lib/gcc/arm-none-eabi/12.2.0/../../../../arm-none-eabi/lib/thumb/v7e-m/nofp/libg.a(libc_a-puts.o)
 .debug_str     0x080086b5      0x36a /opt/gcc-arm-none-eabi/bin/../lib/gcc/arm-none-eabi/12.2.0/../../../../arm-none-eabi/lib/thumb/v7e-m/nofp/libg.a(libc_a-puts.o)
                                0x5ce (size before relaxing)
 *fill*         0x08008a1f        0x1 
 .debug_frame   0x08008a20       0x4c /opt/gcc-arm-none-eabi/bin/../lib/gcc/arm-none-eabi/12.2.0/../../../../arm-none-eabi/lib/thumb/v7e-m/nofp/libg.a(libc_a-puts.o)
 .debug_info    0x08008a6c      0x118 /opt/gcc-arm-none-eabi/bin/../lib/gcc/arm-none-eabi/12.2.0/../../../../arm-none-eabi/lib/thumb/v7e-m/nofp/libg.a(libc_a-atexit.o)
 .debug_abbrev  0x08008b84       0xc1 /opt/gcc-arm-none-eabi/bin/../lib/gcc/arm-none-eabi/12.2.0/../../../../arm-none-eabi/lib/thumb/v7e-m/nofp/libg.a(libc_a-atexit.o)
 .debug_loclists
                0x08008c45       0x2a /opt/gcc-arm-none-eabi/bin/../lib/gcc/arm-none-eabi/12.2.0/../../../../arm-none-eabi/lib/thumb/v7e-m/nofp/libg.a(libc_a-atexit.o)
 .debug_aranges
                0x08008c6f       0x20 /opt/gcc-arm-none-eabi/bin/../lib/gcc/arm-none-eabi/12.2.0/../../../../arm-none-eabi/lib/thumb/v7e-m/nofp/libg.a(libc_a-atexit.o)
 .debug_rnglists
                0x08008c8f       0x13 /opt/gcc-arm-none-eabi/bin/../lib/gcc/arm-none-eabi/12.2.0/../../../../arm-none-eabi/lib/thumb/v7e-m/nofp/libg.a(libc_a-atexit.o)
 .debug_line    0x08008ca2      0x114 /opt/gcc-arm-none-eabi/bin/../lib/gcc/arm-none-eabi/12.2.0/../../../../arm-none-eabi/lib/thumb/v7e-m/nofp/libg.a(libc_a-atexit.o)
 .debug_str     0x08008db6       0xa7 /opt/gcc-arm-none-eabi/bin/../lib/gcc/arm-none-eabi/12.2.0/../../../../arm-none-eabi/lib/thumb/v7e-m/nofp/libg.a(libc_a-atexit.o)
                                0x23e (size before relaxing)
 *fill*         0x08008e5d        0x3 
 .debug_frame   0x08008e60       0x20 /opt/gcc-arm-none-eabi/bin/../lib/gcc/arm-none-eabi/12.2.0/../../../../arm-none-eabi/lib/thumb/v7e-m/nofp/libg.a(libc_a-atexit.o)
 .debug_info    0x08008e80      0x732 /opt/gcc-arm-none-eabi/bin/../lib/gcc/arm-none-eabi/12.2.0/../../../../arm-none-eabi/lib/thumb/v7e-m/nofp/libg.a(libc_a-impure.o)
 .debug_abbrev  0x080095b2      0x185 /opt/gcc-arm-none-eabi/bin/../lib/gcc/arm-none-eabi/12.2.0/../../../../arm-none-eabi/lib/thumb/v7e-m/nofp/libg.a(libc_a-impure.o)
 .debug_aranges
                0x08009737       0x18 /opt/gcc-arm-none-eabi/bin/../lib/gcc/arm-none-eabi/12.2.0/../../../../arm-none-eabi/lib/thumb/v7e-m/nofp/libg.a(libc_a-impure.o)
 .debug_line    0x0800974f      0x16c /opt/gcc-arm-none-eabi/bin/../lib/gcc/arm-none-eabi/12.2.0/../../../../arm-none-eabi/lib/thumb/v7e-m/nofp/libg.a(libc_a-impure.o)
 .debug_str     0x080098bb       0x74 /opt/gcc-arm-none-eabi/bin/../lib/gcc/arm-none-eabi/12.2.0/../../../../arm-none-eabi/lib/thumb/v7e-m/nofp/libg.a(libc_a-impure.o)
                                0x516 (size before relaxing)
 .debug_info    0x0800992f     0x109f /opt/gcc-arm-none-eabi/bin/../lib/gcc/arm-none-eabi/12.2.0/../../../../arm-none-eabi/lib/thumb/v7e-m/nofp/libg.a(libc_a-findfp.o)
 .debug_abbrev  0x0800a9ce      0x45c /opt/gcc-arm-none-eabi/bin/../lib/gcc/arm-none-eabi/12.2.0/../../../../arm-none-eabi/lib/thumb/v7e-m/nofp/libg.a(libc_a-findfp.o)
 .debug_loclists
                0x0800ae2a      0x2b6 /opt/gcc-arm-none-eabi/bin/../lib/gcc/arm-none-eabi/12.2.0/../../../../arm-none-eabi/lib/thumb/v7e-m/nofp/libg.a(libc_a-findfp.o)
 .debug_aranges
                0x0800b0e0       0x70 /opt/gcc-arm-none-eabi/bin/../lib/gcc/arm-none-eabi/12.2.0/../../../../arm-none-eabi/lib/thumb/v7e-m/nofp/libg.a(libc_a-findfp.o)
 .debug_rnglists
                0x0800b150      0x116 /opt/gcc-arm-none-eabi/bin/../lib/gcc/arm-none-eabi/12.2.0/../../../../arm-none-eabi/lib/thumb/v7e-m/nofp/libg.a(libc_a-findfp.o)
 .debug_line    0x0800b266      0x6ca /opt/gcc-arm-none-eabi/bin/../lib/gcc/arm-none-eabi/12.2.0/../../../../arm-none-eabi/lib/thumb/v7e-m/nofp/libg.a(libc_a-findfp.o)
 .debug_str     0x0800b930      0x1fe /opt/gcc-arm-none-eabi/bin/../lib/gcc/arm-none-eabi/12.2.0/../../../../arm-none-eabi/lib/thumb/v7e-m/nofp/libg.a(libc_a-findfp.o)
                                0x799 (size before relaxing)
 *fill*         0x0800bb2e        0x2 
 .debug_frame   0x0800bb30      0x130 /opt/gcc-arm-none-eabi/bin/../lib/gcc/arm-none-eabi/12.2.0/../../../../arm-none-eabi/lib/thumb/v7e-m/nofp/libg.a(libc_a-findfp.o)
 .debug_line    0x0800bc60       0x86 /opt/gcc-arm-none-eabi/bin/../lib/gcc/arm-none-eabi/12.2.0/../../../../arm-none-eabi/lib/thumb/v7e-m/nofp/libg.a(libc_a-strlen.o)
 .debug_line_str
                0x0800bce6       0x5f /opt/gcc-arm-none-eabi/bin/../lib/gcc/arm-none-eabi/12.2.0/../../../../arm-none-eabi/lib/thumb/v7e-m/nofp/libg.a(libc_a-strlen.o)
                                 0xe8 (size before relaxing)
 .debug_info    0x0800bd45       0x31 /opt/gcc-arm-none-eabi/bin/../lib/gcc/arm-none-eabi/12.2.0/../../../../arm-none-eabi/lib/thumb/v7e-m/nofp/libg.a(libc_a-strlen.o)
 .debug_abbrev  0x0800bd76       0x21 /opt/gcc-arm-none-eabi/bin/../lib/gcc/arm-none-eabi/12.2.0/../../../../arm-none-eabi/lib/thumb/v7e-m/nofp/libg.a(libc_a-strlen.o)
 *fill*         0x0800bd97        0x1 
 .debug_aranges
                0x0800bd98       0x20 /opt/gcc-arm-none-eabi/bin/../lib/gcc/arm-none-eabi/12.2.0/../../../../arm-none-eabi/lib/thumb/v7e-m/nofp/libg.a(libc_a-strlen.o)
 .debug_str     0x0800bdb8       0x6e /opt/gcc-arm-none-eabi/bin/../lib/gcc/arm-none-eabi/12.2.0/../../../../arm-none-eabi/lib/thumb/v7e-m/nofp/libg.a(libc_a-strlen.o)
                                 0xfe (size before relaxing)
 .debug_info    0x0800be26      0xa6b /opt/gcc-arm-none-eabi/bin/../lib/gcc/arm-none-eabi/12.2.0/../../../../arm-none-eabi/lib/thumb/v7e-m/nofp/libg.a(libc_a-stdio.o)
 .debug_abbrev  0x0800c891      0x260 /opt/gcc-arm-none-eabi/bin/../lib/gcc/arm-none-eabi/12.2.0/../../../../arm-none-eabi/lib/thumb/v7e-m/nofp/libg.a(libc_a-stdio.o)
 .debug_loclists
                0x0800caf1      0x234 /opt/gcc-arm-none-eabi/bin/../lib/gcc/arm-none-eabi/12.2.0/../../../../arm-none-eabi/lib/thumb/v7e-m/nofp/libg.a(libc_a-stdio.o)
 .debug_aranges
                0x0800cd25       0x40 /opt/gcc-arm-none-eabi/bin/../lib/gcc/arm-none-eabi/12.2.0/../../../../arm-none-eabi/lib/thumb/v7e-m/nofp/libg.a(libc_a-stdio.o)
 .debug_rnglists
                0x0800cd65       0x2b /opt/gcc-arm-none-eabi/bin/../lib/gcc/arm-none-eabi/12.2.0/../../../../arm-none-eabi/lib/thumb/v7e-m/nofp/libg.a(libc_a-stdio.o)
 .debug_line    0x0800cd90      0x2f6 /opt/gcc-arm-none-eabi/bin/../lib/gcc/arm-none-eabi/12.2.0/../../../../arm-none-eabi/lib/thumb/v7e-m/nofp/libg.a(libc_a-stdio.o)
 .debug_str     0x0800d086       0x9f /opt/gcc-arm-none-eabi/bin/../lib/gcc/arm-none-eabi/12.2.0/../../../../arm-none-eabi/lib/thumb/v7e-m/nofp/libg.a(libc_a-stdio.o)
                                0x57e (size before relaxing)
 *fill*         0x0800d125        0x3 
 .debug_frame   0x0800d128       0x8c /opt/gcc-arm-none-eabi/bin/../lib/gcc/arm-none-eabi/12.2.0/../../../../arm-none-eabi/lib/thumb/v7e-m/nofp/libg.a(libc_a-stdio.o)
 .debug_info    0x0800d1b4      0xb42 /opt/gcc-arm-none-eabi/bin/../lib/gcc/arm-none-eabi/12.2.0/../../../../arm-none-eabi/lib/thumb/v7e-m/nofp/libg.a(libc_a-fvwrite.o)
 .debug_abbrev  0x0800dcf6      0x254 /opt/gcc-arm-none-eabi/bin/../lib/gcc/arm-none-eabi/12.2.0/../../../../arm-none-eabi/lib/thumb/v7e-m/nofp/libg.a(libc_a-fvwrite.o)
 .debug_loclists
                0x0800df4a      0x4a2 /opt/gcc-arm-none-eabi/bin/../lib/gcc/arm-none-eabi/12.2.0/../../../../arm-none-eabi/lib/thumb/v7e-m/nofp/libg.a(libc_a-fvwrite.o)
 .debug_aranges
                0x0800e3ec       0x20 /opt/gcc-arm-none-eabi/bin/../lib/gcc/arm-none-eabi/12.2.0/../../../../arm-none-eabi/lib/thumb/v7e-m/nofp/libg.a(libc_a-fvwrite.o)
 .debug_rnglists
                0x0800e40c       0x3b /opt/gcc-arm-none-eabi/bin/../lib/gcc/arm-none-eabi/12.2.0/../../../../arm-none-eabi/lib/thumb/v7e-m/nofp/libg.a(libc_a-fvwrite.o)
 .debug_line    0x0800e447      0x679 /opt/gcc-arm-none-eabi/bin/../lib/gcc/arm-none-eabi/12.2.0/../../../../arm-none-eabi/lib/thumb/v7e-m/nofp/libg.a(libc_a-fvwrite.o)
 .debug_str     0x0800eac0       0xc0 /opt/gcc-arm-none-eabi/bin/../lib/gcc/arm-none-eabi/12.2.0/../../../../arm-none-eabi/lib/thumb/v7e-m/nofp/libg.a(libc_a-fvwrite.o)
                                0x5b5 (size before relaxing)
 .debug_frame   0x0800eb80       0x64 /opt/gcc-arm-none-eabi/bin/../lib/gcc/arm-none-eabi/12.2.0/../../../../arm-none-eabi/lib/thumb/v7e-m/nofp/libg.a(libc_a-fvwrite.o)
 .debug_info    0x0800ebe4      0x7ed /opt/gcc-arm-none-eabi/bin/../lib/gcc/arm-none-eabi/12.2.0/../../../../arm-none-eabi/lib/thumb/v7e-m/nofp/libg.a(libc_a-fwalk.o)
 .debug_abbrev  0x0800f3d1      0x1d9 /opt/gcc-arm-none-eabi/bin/../lib/gcc/arm-none-eabi/12.2.0/../../../../arm-none-eabi/lib/thumb/v7e-m/nofp/libg.a(libc_a-fwalk.o)
 .debug_loclists
                0x0800f5aa       0x95 /opt/gcc-arm-none-eabi/bin/../lib/gcc/arm-none-eabi/12.2.0/../../../../arm-none-eabi/lib/thumb/v7e-m/nofp/libg.a(libc_a-fwalk.o)
 .debug_aranges
                0x0800f63f       0x20 /opt/gcc-arm-none-eabi/bin/../lib/gcc/arm-none-eabi/12.2.0/../../../../arm-none-eabi/lib/thumb/v7e-m/nofp/libg.a(libc_a-fwalk.o)
 .debug_rnglists
                0x0800f65f       0x13 /opt/gcc-arm-none-eabi/bin/../lib/gcc/arm-none-eabi/12.2.0/../../../../arm-none-eabi/lib/thumb/v7e-m/nofp/libg.a(libc_a-fwalk.o)
 .debug_line    0x0800f672      0x26b /opt/gcc-arm-none-eabi/bin/../lib/gcc/arm-none-eabi/12.2.0/../../../../arm-none-eabi/lib/thumb/v7e-m/nofp/libg.a(libc_a-fwalk.o)
 .debug_str     0x0800f8dd       0x61 /opt/gcc-arm-none-eabi/bin/../lib/gcc/arm-none-eabi/12.2.0/../../../../arm-none-eabi/lib/thumb/v7e-m/nofp/libg.a(libc_a-fwalk.o)
                                0x521 (size before relaxing)
 *fill*         0x0800f93e        0x2 
 .debug_frame   0x0800f940       0x34 /opt/gcc-arm-none-eabi/bin/../lib/gcc/arm-none-eabi/12.2.0/../../../../arm-none-eabi/lib/thumb/v7e-m/nofp/libg.a(libc_a-fwalk.o)
 .debug_info    0x0800f974      0x7d0 /opt/gcc-arm-none-eabi/bin/../lib/gcc/arm-none-eabi/12.2.0/../../../../arm-none-eabi/lib/thumb/v7e-m/nofp/libg.a(libc_a-writer.o)
 .debug_abbrev  0x08010144      0x1f1 /opt/gcc-arm-none-eabi/bin/../lib/gcc/arm-none-eabi/12.2.0/../../../../arm-none-eabi/lib/thumb/v7e-m/nofp/libg.a(libc_a-writer.o)
 .debug_loclists
                0x08010335       0x9d /opt/gcc-arm-none-eabi/bin/../lib/gcc/arm-none-eabi/12.2.0/../../../../arm-none-eabi/lib/thumb/v7e-m/nofp/libg.a(libc_a-writer.o)
 .debug_aranges
                0x080103d2       0x20 /opt/gcc-arm-none-eabi/bin/../lib/gcc/arm-none-eabi/12.2.0/../../../../arm-none-eabi/lib/thumb/v7e-m/nofp/libg.a(libc_a-writer.o)
 .debug_rnglists
                0x080103f2       0x13 /opt/gcc-arm-none-eabi/bin/../lib/gcc/arm-none-eabi/12.2.0/../../../../arm-none-eabi/lib/thumb/v7e-m/nofp/libg.a(libc_a-writer.o)
 .debug_line    0x08010405      0x236 /opt/gcc-arm-none-eabi/bin/../lib/gcc/arm-none-eabi/12.2.0/../../../../arm-none-eabi/lib/thumb/v7e-m/nofp/libg.a(libc_a-writer.o)
 .debug_str     0x0801063b       0x62 /opt/gcc-arm-none-eabi/bin/../lib/gcc/arm-none-eabi/12.2.0/../../../../arm-none-eabi/lib/thumb/v7e-m/nofp/libg.a(libc_a-writer.o)
                                0x517 (size before relaxing)
 *fill*         0x0801069d        0x3 
 .debug_frame   0x080106a0       0x2c /opt/gcc-arm-none-eabi/bin/../lib/gcc/arm-none-eabi/12.2.0/../../../../arm-none-eabi/lib/thumb/v7e-m/nofp/libg.a(libc_a-writer.o)
 .debug_info    0x080106cc      0x25f /opt/gcc-arm-none-eabi/bin/../lib/gcc/arm-none-eabi/12.2.0/../../../../arm-none-eabi/lib/thumb/v7e-m/nofp/libg.a(libc_a-__atexit.o)
 .debug_abbrev  0x0801092b      0x189 /opt/gcc-arm-none-eabi/bin/../lib/gcc/arm-none-eabi/12.2.0/../../../../arm-none-eabi/lib/thumb/v7e-m/nofp/libg.a(libc_a-__atexit.o)
 .debug_loclists
                0x08010ab4       0x8e /opt/gcc-arm-none-eabi/bin/../lib/gcc/arm-none-eabi/12.2.0/../../../../arm-none-eabi/lib/thumb/v7e-m/nofp/libg.a(libc_a-__atexit.o)
 .debug_aranges
                0x08010b42       0x20 /opt/gcc-arm-none-eabi/bin/../lib/gcc/arm-none-eabi/12.2.0/../../../../arm-none-eabi/lib/thumb/v7e-m/nofp/libg.a(libc_a-__atexit.o)
 .debug_rnglists
                0x08010b62       0x14 /opt/gcc-arm-none-eabi/bin/../lib/gcc/arm-none-eabi/12.2.0/../../../../arm-none-eabi/lib/thumb/v7e-m/nofp/libg.a(libc_a-__atexit.o)
 .debug_line    0x08010b76      0x1c6 /opt/gcc-arm-none-eabi/bin/../lib/gcc/arm-none-eabi/12.2.0/../../../../arm-none-eabi/lib/thumb/v7e-m/nofp/libg.a(libc_a-__atexit.o)
 .debug_str     0x08010d3c       0x74 /opt/gcc-arm-none-eabi/bin/../lib/gcc/arm-none-eabi/12.2.0/../../../../arm-none-eabi/lib/thumb/v7e-m/nofp/libg.a(libc_a-__atexit.o)
                                0x315 (size before relaxing)
 .debug_frame   0x08010db0       0x34 /opt/gcc-arm-none-eabi/bin/../lib/gcc/arm-none-eabi/12.2.0/../../../../arm-none-eabi/lib/thumb/v7e-m/nofp/libg.a(libc_a-__atexit.o)
 .debug_info    0x08010de4      0xcbd /opt/gcc-arm-none-eabi/bin/../lib/gcc/arm-none-eabi/12.2.0/../../../../arm-none-eabi/lib/thumb/v7e-m/nofp/libg.a(libc_a-mallocr.o)
 .debug_abbrev  0x08011aa1      0x2d7 /opt/gcc-arm-none-eabi/bin/../lib/gcc/arm-none-eabi/12.2.0/../../../../arm-none-eabi/lib/thumb/v7e-m/nofp/libg.a(libc_a-mallocr.o)
 .debug_loclists
                0x08011d78      0x9e2 /opt/gcc-arm-none-eabi/bin/../lib/gcc/arm-none-eabi/12.2.0/../../../../arm-none-eabi/lib/thumb/v7e-m/nofp/libg.a(libc_a-mallocr.o)
 .debug_aranges
                0x0801275a       0x20 /opt/gcc-arm-none-eabi/bin/../lib/gcc/arm-none-eabi/12.2.0/../../../../arm-none-eabi/lib/thumb/v7e-m/nofp/libg.a(libc_a-mallocr.o)
 .debug_rnglists
                0x0801277a       0x43 /opt/gcc-arm-none-eabi/bin/../lib/gcc/arm-none-eabi/12.2.0/../../../../arm-none-eabi/lib/thumb/v7e-m/nofp/libg.a(libc_a-mallocr.o)
 .debug_line    0x080127bd      0x929 /opt/gcc-arm-none-eabi/bin/../lib/gcc/arm-none-eabi/12.2.0/../../../../arm-none-eabi/lib/thumb/v7e-m/nofp/libg.a(libc_a-mallocr.o)
 .debug_str     0x080130e6      0x25c /opt/gcc-arm-none-eabi/bin/../lib/gcc/arm-none-eabi/12.2.0/../../../../arm-none-eabi/lib/thumb/v7e-m/nofp/libg.a(libc_a-mallocr.o)
                                0x731 (size before relaxing)
 *fill*         0x08013342        0x2 
 .debug_frame   0x08013344       0x48 /opt/gcc-arm-none-eabi/bin/../lib/gcc/arm-none-eabi/12.2.0/../../../../arm-none-eabi/lib/thumb/v7e-m/nofp/libg.a(libc_a-mallocr.o)
 .debug_info    0x0801338c      0x148 /opt/gcc-arm-none-eabi/bin/../lib/gcc/arm-none-eabi/12.2.0/../../../../arm-none-eabi/lib/thumb/v7e-m/nofp/libg.a(libc_a-memmove.o)
 .debug_abbrev  0x080134d4       0xc3 /opt/gcc-arm-none-eabi/bin/../lib/gcc/arm-none-eabi/12.2.0/../../../../arm-none-eabi/lib/thumb/v7e-m/nofp/libg.a(libc_a-memmove.o)
 .debug_loclists
                0x08013597      0x216 /opt/gcc-arm-none-eabi/bin/../lib/gcc/arm-none-eabi/12.2.0/../../../../arm-none-eabi/lib/thumb/v7e-m/nofp/libg.a(libc_a-memmove.o)
 .debug_aranges
                0x080137ad       0x20 /opt/gcc-arm-none-eabi/bin/../lib/gcc/arm-none-eabi/12.2.0/../../../../arm-none-eabi/lib/thumb/v7e-m/nofp/libg.a(libc_a-memmove.o)
 .debug_rnglists
                0x080137cd       0x14 /opt/gcc-arm-none-eabi/bin/../lib/gcc/arm-none-eabi/12.2.0/../../../../arm-none-eabi/lib/thumb/v7e-m/nofp/libg.a(libc_a-memmove.o)
 .debug_line    0x080137e1      0x278 /opt/gcc-arm-none-eabi/bin/../lib/gcc/arm-none-eabi/12.2.0/../../../../arm-none-eabi/lib/thumb/v7e-m/nofp/libg.a(libc_a-memmove.o)
 .debug_str     0x08013a59       0x95 /opt/gcc-arm-none-eabi/bin/../lib/gcc/arm-none-eabi/12.2.0/../../../../arm-none-eabi/lib/thumb/v7e-m/nofp/libg.a(libc_a-memmove.o)
                                0x234 (size before relaxing)
 *fill*         0x08013aee        0x2 
 .debug_frame   0x08013af0       0x40 /opt/gcc-arm-none-eabi/bin/../lib/gcc/arm-none-eabi/12.2.0/../../../../arm-none-eabi/lib/thumb/v7e-m/nofp/libg.a(libc_a-memmove.o)
 .debug_info    0x08013b30      0x8e4 /opt/gcc-arm-none-eabi/bin/../lib/gcc/arm-none-eabi/12.2.0/../../../../arm-none-eabi/lib/thumb/v7e-m/nofp/libg.a(libc_a-fclose.o)
 .debug_abbrev  0x08014414      0x2a2 /opt/gcc-arm-none-eabi/bin/../lib/gcc/arm-none-eabi/12.2.0/../../../../arm-none-eabi/lib/thumb/v7e-m/nofp/libg.a(libc_a-fclose.o)
 .debug_loclists
                0x080146b6       0xd4 /opt/gcc-arm-none-eabi/bin/../lib/gcc/arm-none-eabi/12.2.0/../../../../arm-none-eabi/lib/thumb/v7e-m/nofp/libg.a(libc_a-fclose.o)
 .debug_aranges
                0x0801478a       0x28 /opt/gcc-arm-none-eabi/bin/../lib/gcc/arm-none-eabi/12.2.0/../../../../arm-none-eabi/lib/thumb/v7e-m/nofp/libg.a(libc_a-fclose.o)
 .debug_rnglists
                0x080147b2       0x28 /opt/gcc-arm-none-eabi/bin/../lib/gcc/arm-none-eabi/12.2.0/../../../../arm-none-eabi/lib/thumb/v7e-m/nofp/libg.a(libc_a-fclose.o)
 .debug_line    0x080147da      0x369 /opt/gcc-arm-none-eabi/bin/../lib/gcc/arm-none-eabi/12.2.0/../../../../arm-none-eabi/lib/thumb/v7e-m/nofp/libg.a(libc_a-fclose.o)
 .debug_str     0x08014b43       0x79 /opt/gcc-arm-none-eabi/bin/../lib/gcc/arm-none-eabi/12.2.0/../../../../arm-none-eabi/lib/thumb/v7e-m/nofp/libg.a(libc_a-fclose.o)
                                0x5d4 (size before relaxing)
 .debug_frame   0x08014bbc       0x3c /opt/gcc-arm-none-eabi/bin/../lib/gcc/arm-none-eabi/12.2.0/../../../../arm-none-eabi/lib/thumb/v7e-m/nofp/libg.a(libc_a-fclose.o)
 .debug_info    0x08014bf8      0x7d8 /opt/gcc-arm-none-eabi/bin/../lib/gcc/arm-none-eabi/12.2.0/../../../../arm-none-eabi/lib/thumb/v7e-m/nofp/libg.a(libc_a-wsetup.o)
 .debug_abbrev  0x080153d0      0x21e /opt/gcc-arm-none-eabi/bin/../lib/gcc/arm-none-eabi/12.2.0/../../../../arm-none-eabi/lib/thumb/v7e-m/nofp/libg.a(libc_a-wsetup.o)
 .debug_loclists
                0x080155ee       0x70 /opt/gcc-arm-none-eabi/bin/../lib/gcc/arm-none-eabi/12.2.0/../../../../arm-none-eabi/lib/thumb/v7e-m/nofp/libg.a(libc_a-wsetup.o)
 .debug_aranges
                0x0801565e       0x20 /opt/gcc-arm-none-eabi/bin/../lib/gcc/arm-none-eabi/12.2.0/../../../../arm-none-eabi/lib/thumb/v7e-m/nofp/libg.a(libc_a-wsetup.o)
 .debug_rnglists
                0x0801567e       0x28 /opt/gcc-arm-none-eabi/bin/../lib/gcc/arm-none-eabi/12.2.0/../../../../arm-none-eabi/lib/thumb/v7e-m/nofp/libg.a(libc_a-wsetup.o)
 .debug_line    0x080156a6      0x371 /opt/gcc-arm-none-eabi/bin/../lib/gcc/arm-none-eabi/12.2.0/../../../../arm-none-eabi/lib/thumb/v7e-m/nofp/libg.a(libc_a-wsetup.o)
 .debug_str     0x08015a17       0x6f /opt/gcc-arm-none-eabi/bin/../lib/gcc/arm-none-eabi/12.2.0/../../../../arm-none-eabi/lib/thumb/v7e-m/nofp/libg.a(libc_a-wsetup.o)
                                0x542 (size before relaxing)
 *fill*         0x08015a86        0x2 
 .debug_frame   0x08015a88       0x2c /opt/gcc-arm-none-eabi/bin/../lib/gcc/arm-none-eabi/12.2.0/../../../../arm-none-eabi/lib/thumb/v7e-m/nofp/libg.a(libc_a-wsetup.o)
 .debug_info    0x08015ab4      0xc0b /opt/gcc-arm-none-eabi/bin/../lib/gcc/arm-none-eabi/12.2.0/../../../../arm-none-eabi/lib/thumb/v7e-m/nofp/libg.a(libc_a-makebuf.o)
 .debug_abbrev  0x080166bf      0x2c1 /opt/gcc-arm-none-eabi/bin/../lib/gcc/arm-none-eabi/12.2.0/../../../../arm-none-eabi/lib/thumb/v7e-m/nofp/libg.a(libc_a-makebuf.o)
 .debug_loclists
                0x08016980      0x26b /opt/gcc-arm-none-eabi/bin/../lib/gcc/arm-none-eabi/12.2.0/../../../../arm-none-eabi/lib/thumb/v7e-m/nofp/libg.a(libc_a-makebuf.o)
 .debug_aranges
                0x08016beb       0x28 /opt/gcc-arm-none-eabi/bin/../lib/gcc/arm-none-eabi/12.2.0/../../../../arm-none-eabi/lib/thumb/v7e-m/nofp/libg.a(libc_a-makebuf.o)
 .debug_rnglists
                0x08016c13       0x43 /opt/gcc-arm-none-eabi/bin/../lib/gcc/arm-none-eabi/12.2.0/../../../../arm-none-eabi/lib/thumb/v7e-m/nofp/libg.a(libc_a-makebuf.o)
 .debug_line    0x08016c56      0x46f /opt/gcc-arm-none-eabi/bin/../lib/gcc/arm-none-eabi/12.2.0/../../../../arm-none-eabi/lib/thumb/v7e-m/nofp/libg.a(libc_a-makebuf.o)
 .debug_str     0x080170c5      0x190 /opt/gcc-arm-none-eabi/bin/../lib/gcc/arm-none-eabi/12.2.0/../../../../arm-none-eabi/lib/thumb/v7e-m/nofp/libg.a(libc_a-makebuf.o)
                                0x6a4 (size before relaxing)
 *fill*         0x08017255        0x3 
 .debug_frame   0x08017258       0x70 /opt/gcc-arm-none-eabi/bin/../lib/gcc/arm-none-eabi/12.2.0/../../../../arm-none-eabi/lib/thumb/v7e-m/nofp/libg.a(libc_a-makebuf.o)
 .debug_info    0x080172c8      0x788 /opt/gcc-arm-none-eabi/bin/../lib/gcc/arm-none-eabi/12.2.0/../../../../arm-none-eabi/lib/thumb/v7e-m/nofp/libg.a(libc_a-mlock.o)
 .debug_abbrev  0x08017a50      0x1fb /opt/gcc-arm-none-eabi/bin/../lib/gcc/arm-none-eabi/12.2.0/../../../../arm-none-eabi/lib/thumb/v7e-m/nofp/libg.a(libc_a-mlock.o)
 .debug_loclists
                0x08017c4b       0x3a /opt/gcc-arm-none-eabi/bin/../lib/gcc/arm-none-eabi/12.2.0/../../../../arm-none-eabi/lib/thumb/v7e-m/nofp/libg.a(libc_a-mlock.o)
 .debug_aranges
                0x08017c85       0x28 /opt/gcc-arm-none-eabi/bin/../lib/gcc/arm-none-eabi/12.2.0/../../../../arm-none-eabi/lib/thumb/v7e-m/nofp/libg.a(libc_a-mlock.o)
 .debug_rnglists
                0x08017cad       0x19 /opt/gcc-arm-none-eabi/bin/../lib/gcc/arm-none-eabi/12.2.0/../../../../arm-none-eabi/lib/thumb/v7e-m/nofp/libg.a(libc_a-mlock.o)
 .debug_line    0x08017cc6      0x1ff /opt/gcc-arm-none-eabi/bin/../lib/gcc/arm-none-eabi/12.2.0/../../../../arm-none-eabi/lib/thumb/v7e-m/nofp/libg.a(libc_a-mlock.o)
 .debug_str     0x08017ec5       0x62 /opt/gcc-arm-none-eabi/bin/../lib/gcc/arm-none-eabi/12.2.0/../../../../arm-none-eabi/lib/thumb/v7e-m/nofp/libg.a(libc_a-mlock.o)
                                0x593 (size before relaxing)
 *fill*         0x08017f27        0x1 
 .debug_frame   0x08017f28       0x30 /opt/gcc-arm-none-eabi/bin/../lib/gcc/arm-none-eabi/12.2.0/../../../../arm-none-eabi/lib/thumb/v7e-m/nofp/libg.a(libc_a-mlock.o)
 .debug_info    0x08017f58      0x773 /opt/gcc-arm-none-eabi/bin/../lib/gcc/arm-none-eabi/12.2.0/../../../../arm-none-eabi/lib/thumb/v7e-m/nofp/libg.a(libc_a-closer.o)
 .debug_abbrev  0x080186cb      0x1ec /opt/gcc-arm-none-eabi/bin/../lib/gcc/arm-none-eabi/12.2.0/../../../../arm-none-eabi/lib/thumb/v7e-m/nofp/libg.a(libc_a-closer.o)
 .debug_loclists
                0x080188b7       0x4c /opt/gcc-arm-none-eabi/bin/../lib/gcc/arm-none-eabi/12.2.0/../../../../arm-none-eabi/lib/thumb/v7e-m/nofp/libg.a(libc_a-closer.o)
 .debug_aranges
                0x08018903       0x20 /opt/gcc-arm-none-eabi/bin/../lib/gcc/arm-none-eabi/12.2.0/../../../../arm-none-eabi/lib/thumb/v7e-m/nofp/libg.a(libc_a-closer.o)
 .debug_rnglists
                0x08018923       0x13 /opt/gcc-arm-none-eabi/bin/../lib/gcc/arm-none-eabi/12.2.0/../../../../arm-none-eabi/lib/thumb/v7e-m/nofp/libg.a(libc_a-closer.o)
 .debug_line    0x08018936      0x230 /opt/gcc-arm-none-eabi/bin/../lib/gcc/arm-none-eabi/12.2.0/../../../../arm-none-eabi/lib/thumb/v7e-m/nofp/libg.a(libc_a-closer.o)
 .debug_str     0x08018b66       0x62 /opt/gcc-arm-none-eabi/bin/../lib/gcc/arm-none-eabi/12.2.0/../../../../arm-none-eabi/lib/thumb/v7e-m/nofp/libg.a(libc_a-closer.o)
                                0x507 (size before relaxing)
 .debug_frame   0x08018bc8       0x2c /opt/gcc-arm-none-eabi/bin/../lib/gcc/arm-none-eabi/12.2.0/../../../../arm-none-eabi/lib/thumb/v7e-m/nofp/libg.a(libc_a-closer.o)
 .debug_info    0x08018bf4      0x7ee /opt/gcc-arm-none-eabi/bin/../lib/gcc/arm-none-eabi/12.2.0/../../../../arm-none-eabi/lib/thumb/v7e-m/nofp/libg.a(libc_a-reent.o)
 .debug_abbrev  0x080193e2      0x22b /opt/gcc-arm-none-eabi/bin/../lib/gcc/arm-none-eabi/12.2.0/../../../../arm-none-eabi/lib/thumb/v7e-m/nofp/libg.a(libc_a-reent.o)
 .debug_loclists
                0x0801960d       0x5e /opt/gcc-arm-none-eabi/bin/../lib/gcc/arm-none-eabi/12.2.0/../../../../arm-none-eabi/lib/thumb/v7e-m/nofp/libg.a(libc_a-reent.o)
 .debug_aranges
                0x0801966b       0x20 /opt/gcc-arm-none-eabi/bin/../lib/gcc/arm-none-eabi/12.2.0/../../../../arm-none-eabi/lib/thumb/v7e-m/nofp/libg.a(libc_a-reent.o)
 .debug_rnglists
                0x0801968b       0x13 /opt/gcc-arm-none-eabi/bin/../lib/gcc/arm-none-eabi/12.2.0/../../../../arm-none-eabi/lib/thumb/v7e-m/nofp/libg.a(libc_a-reent.o)
 .debug_line    0x0801969e      0x274 /opt/gcc-arm-none-eabi/bin/../lib/gcc/arm-none-eabi/12.2.0/../../../../arm-none-eabi/lib/thumb/v7e-m/nofp/libg.a(libc_a-reent.o)
 .debug_str     0x08019912       0x80 /opt/gcc-arm-none-eabi/bin/../lib/gcc/arm-none-eabi/12.2.0/../../../../arm-none-eabi/lib/thumb/v7e-m/nofp/libg.a(libc_a-reent.o)
                                0x530 (size before relaxing)
 *fill*         0x08019992        0x2 
 .debug_frame   0x08019994       0x3c /opt/gcc-arm-none-eabi/bin/../lib/gcc/arm-none-eabi/12.2.0/../../../../arm-none-eabi/lib/thumb/v7e-m/nofp/libg.a(libc_a-reent.o)
 .debug_info    0x080199d0      0xab3 /opt/gcc-arm-none-eabi/bin/../lib/gcc/arm-none-eabi/12.2.0/../../../../arm-none-eabi/lib/thumb/v7e-m/nofp/libg.a(libc_a-fflush.o)
 .debug_abbrev  0x0801a483      0x323 /opt/gcc-arm-none-eabi/bin/../lib/gcc/arm-none-eabi/12.2.0/../../../../arm-none-eabi/lib/thumb/v7e-m/nofp/libg.a(libc_a-fflush.o)
 .debug_loclists
                0x0801a7a6      0x281 /opt/gcc-arm-none-eabi/bin/../lib/gcc/arm-none-eabi/12.2.0/../../../../arm-none-eabi/lib/thumb/v7e-m/nofp/libg.a(libc_a-fflush.o)
 .debug_aranges
                0x0801aa27       0x30 /opt/gcc-arm-none-eabi/bin/../lib/gcc/arm-none-eabi/12.2.0/../../../../arm-none-eabi/lib/thumb/v7e-m/nofp/libg.a(libc_a-fflush.o)
 .debug_rnglists
                0x0801aa57       0x70 /opt/gcc-arm-none-eabi/bin/../lib/gcc/arm-none-eabi/12.2.0/../../../../arm-none-eabi/lib/thumb/v7e-m/nofp/libg.a(libc_a-fflush.o)
 .debug_line    0x0801aac7      0x52c /opt/gcc-arm-none-eabi/bin/../lib/gcc/arm-none-eabi/12.2.0/../../../../arm-none-eabi/lib/thumb/v7e-m/nofp/libg.a(libc_a-fflush.o)
 .debug_str     0x0801aff3       0x7a /opt/gcc-arm-none-eabi/bin/../lib/gcc/arm-none-eabi/12.2.0/../../../../arm-none-eabi/lib/thumb/v7e-m/nofp/libg.a(libc_a-fflush.o)
                                0x5dc (size before relaxing)
 *fill*         0x0801b06d        0x3 
 .debug_frame   0x0801b070       0x70 /opt/gcc-arm-none-eabi/bin/../lib/gcc/arm-none-eabi/12.2.0/../../../../arm-none-eabi/lib/thumb/v7e-m/nofp/libg.a(libc_a-fflush.o)
 .debug_line    0x0801b0e0       0x81 /opt/gcc-arm-none-eabi/bin/../lib/gcc/arm-none-eabi/12.2.0/../../../../arm-none-eabi/lib/thumb/v7e-m/nofp/libg.a(libc_a-memchr.o)
 .debug_line_str
                0x0801b161       0x7a /opt/gcc-arm-none-eabi/bin/../lib/gcc/arm-none-eabi/12.2.0/../../../../arm-none-eabi/lib/thumb/v7e-m/nofp/libg.a(libc_a-memchr.o)
                                 0xe2 (size before relaxing)
 .debug_info    0x0801b161       0x25 /opt/gcc-arm-none-eabi/bin/../lib/gcc/arm-none-eabi/12.2.0/../../../../arm-none-eabi/lib/thumb/v7e-m/nofp/libg.a(libc_a-memchr.o)
 .debug_abbrev  0x0801b186       0x14 /opt/gcc-arm-none-eabi/bin/../lib/gcc/arm-none-eabi/12.2.0/../../../../arm-none-eabi/lib/thumb/v7e-m/nofp/libg.a(libc_a-memchr.o)
 *fill*         0x0801b19a        0x6 
 .debug_aranges
                0x0801b1a0       0x20 /opt/gcc-arm-none-eabi/bin/../lib/gcc/arm-none-eabi/12.2.0/../../../../arm-none-eabi/lib/thumb/v7e-m/nofp/libg.a(libc_a-memchr.o)
 .debug_str     0x0801b1c0       0x68 /opt/gcc-arm-none-eabi/bin/../lib/gcc/arm-none-eabi/12.2.0/../../../../arm-none-eabi/lib/thumb/v7e-m/nofp/libg.a(libc_a-memchr.o)
                                 0xf1 (size before relaxing)
 .debug_line    0x0801b228       0xb9 /opt/gcc-arm-none-eabi/bin/../lib/gcc/arm-none-eabi/12.2.0/../../../../arm-none-eabi/lib/thumb/v7e-m/nofp/libg.a(libc_a-memcpy.o)
 .debug_line_str
                0x0801b2e1       0x68 /opt/gcc-arm-none-eabi/bin/../lib/gcc/arm-none-eabi/12.2.0/../../../../arm-none-eabi/lib/thumb/v7e-m/nofp/libg.a(libc_a-memcpy.o)
                                 0xe9 (size before relaxing)
 .debug_info    0x0801b2e1       0x31 /opt/gcc-arm-none-eabi/bin/../lib/gcc/arm-none-eabi/12.2.0/../../../../arm-none-eabi/lib/thumb/v7e-m/nofp/libg.a(libc_a-memcpy.o)
 .debug_abbrev  0x0801b312       0x21 /opt/gcc-arm-none-eabi/bin/../lib/gcc/arm-none-eabi/12.2.0/../../../../arm-none-eabi/lib/thumb/v7e-m/nofp/libg.a(libc_a-memcpy.o)
 *fill*         0x0801b333        0x5 
 .debug_aranges
                0x0801b338       0x20 /opt/gcc-arm-none-eabi/bin/../lib/gcc/arm-none-eabi/12.2.0/../../../../arm-none-eabi/lib/thumb/v7e-m/nofp/libg.a(libc_a-memcpy.o)
 .debug_str     0x0801b358       0x6f /opt/gcc-arm-none-eabi/bin/../lib/gcc/arm-none-eabi/12.2.0/../../../../arm-none-eabi/lib/thumb/v7e-m/nofp/libg.a(libc_a-memcpy.o)
                                 0xff (size before relaxing)
 .debug_info    0x0801b3c7      0xbcc /opt/gcc-arm-none-eabi/bin/../lib/gcc/arm-none-eabi/12.2.0/../../../../arm-none-eabi/lib/thumb/v7e-m/nofp/libg.a(libc_a-reallocr.o)
 .debug_abbrev  0x0801bf93      0x2a3 /opt/gcc-arm-none-eabi/bin/../lib/gcc/arm-none-eabi/12.2.0/../../../../arm-none-eabi/lib/thumb/v7e-m/nofp/libg.a(libc_a-reallocr.o)
 .debug_loclists
                0x0801c236      0xb67 /opt/gcc-arm-none-eabi/bin/../lib/gcc/arm-none-eabi/12.2.0/../../../../arm-none-eabi/lib/thumb/v7e-m/nofp/libg.a(libc_a-reallocr.o)
 .debug_aranges
                0x0801cd9d       0x20 /opt/gcc-arm-none-eabi/bin/../lib/gcc/arm-none-eabi/12.2.0/../../../../arm-none-eabi/lib/thumb/v7e-m/nofp/libg.a(libc_a-reallocr.o)
 .debug_rnglists
                0x0801cdbd       0x9f /opt/gcc-arm-none-eabi/bin/../lib/gcc/arm-none-eabi/12.2.0/../../../../arm-none-eabi/lib/thumb/v7e-m/nofp/libg.a(libc_a-reallocr.o)
 .debug_line    0x0801ce5c      0x702 /opt/gcc-arm-none-eabi/bin/../lib/gcc/arm-none-eabi/12.2.0/../../../../arm-none-eabi/lib/thumb/v7e-m/nofp/libg.a(libc_a-reallocr.o)
 .debug_str     0x0801d55e       0xb3 /opt/gcc-arm-none-eabi/bin/../lib/gcc/arm-none-eabi/12.2.0/../../../../arm-none-eabi/lib/thumb/v7e-m/nofp/libg.a(libc_a-reallocr.o)
                                0x604 (size before relaxing)
 *fill*         0x0801d611        0x3 
 .debug_frame   0x0801d614       0x48 /opt/gcc-arm-none-eabi/bin/../lib/gcc/arm-none-eabi/12.2.0/../../../../arm-none-eabi/lib/thumb/v7e-m/nofp/libg.a(libc_a-reallocr.o)
 .debug_info    0x0801d65c      0xb24 /opt/gcc-arm-none-eabi/bin/../lib/gcc/arm-none-eabi/12.2.0/../../../../arm-none-eabi/lib/thumb/v7e-m/nofp/libg.a(libc_a-freer.o)
 .debug_abbrev  0x0801e180      0x290 /opt/gcc-arm-none-eabi/bin/../lib/gcc/arm-none-eabi/12.2.0/../../../../arm-none-eabi/lib/thumb/v7e-m/nofp/libg.a(libc_a-freer.o)
 .debug_loclists
                0x0801e410      0x430 /opt/gcc-arm-none-eabi/bin/../lib/gcc/arm-none-eabi/12.2.0/../../../../arm-none-eabi/lib/thumb/v7e-m/nofp/libg.a(libc_a-freer.o)
 .debug_aranges
                0x0801e840       0x28 /opt/gcc-arm-none-eabi/bin/../lib/gcc/arm-none-eabi/12.2.0/../../../../arm-none-eabi/lib/thumb/v7e-m/nofp/libg.a(libc_a-freer.o)
 .debug_rnglists
                0x0801e868       0x1b /opt/gcc-arm-none-eabi/bin/../lib/gcc/arm-none-eabi/12.2.0/../../../../arm-none-eabi/lib/thumb/v7e-m/nofp/libg.a(libc_a-freer.o)
 .debug_line    0x0801e883      0x59a /opt/gcc-arm-none-eabi/bin/../lib/gcc/arm-none-eabi/12.2.0/../../../../arm-none-eabi/lib/thumb/v7e-m/nofp/libg.a(libc_a-freer.o)
 .debug_str     0x0801ee1d       0x96 /opt/gcc-arm-none-eabi/bin/../lib/gcc/arm-none-eabi/12.2.0/../../../../arm-none-eabi/lib/thumb/v7e-m/nofp/libg.a(libc_a-freer.o)
                                0x679 (size before relaxing)
 *fill*         0x0801eeb3        0x1 
 .debug_frame   0x0801eeb4       0x74 /opt/gcc-arm-none-eabi/bin/../lib/gcc/arm-none-eabi/12.2.0/../../../../arm-none-eabi/lib/thumb/v7e-m/nofp/libg.a(libc_a-freer.o)
 .debug_info    0x0801ef28      0x992 /opt/gcc-arm-none-eabi/bin/../lib/gcc/arm-none-eabi/12.2.0/../../../../arm-none-eabi/lib/thumb/v7e-m/nofp/libg.a(libc_a-fstatr.o)
 .debug_abbrev  0x0801f8ba      0x1ff /opt/gcc-arm-none-eabi/bin/../lib/gcc/arm-none-eabi/12.2.0/../../../../arm-none-eabi/lib/thumb/v7e-m/nofp/libg.a(libc_a-fstatr.o)
 .debug_loclists
                0x0801fab9       0x71 /opt/gcc-arm-none-eabi/bin/../lib/gcc/arm-none-eabi/12.2.0/../../../../arm-none-eabi/lib/thumb/v7e-m/nofp/libg.a(libc_a-fstatr.o)
 .debug_aranges
                0x0801fb2a       0x20 /opt/gcc-arm-none-eabi/bin/../lib/gcc/arm-none-eabi/12.2.0/../../../../arm-none-eabi/lib/thumb/v7e-m/nofp/libg.a(libc_a-fstatr.o)
 .debug_rnglists
                0x0801fb4a       0x13 /opt/gcc-arm-none-eabi/bin/../lib/gcc/arm-none-eabi/12.2.0/../../../../arm-none-eabi/lib/thumb/v7e-m/nofp/libg.a(libc_a-fstatr.o)
 .debug_line    0x0801fb5d      0x2d5 /opt/gcc-arm-none-eabi/bin/../lib/gcc/arm-none-eabi/12.2.0/../../../../arm-none-eabi/lib/thumb/v7e-m/nofp/libg.a(libc_a-fstatr.o)
 .debug_str     0x0801fe32       0x6f /opt/gcc-arm-none-eabi/bin/../lib/gcc/arm-none-eabi/12.2.0/../../../../arm-none-eabi/lib/thumb/v7e-m/nofp/libg.a(libc_a-fstatr.o)
                                0x659 (size before relaxing)
 *fill*         0x0801fea1        0x3 
 .debug_frame   0x0801fea4       0x2c /opt/gcc-arm-none-eabi/bin/../lib/gcc/arm-none-eabi/12.2.0/../../../../arm-none-eabi/lib/thumb/v7e-m/nofp/libg.a(libc_a-fstatr.o)
 .debug_info    0x0801fed0      0x773 /opt/gcc-arm-none-eabi/bin/../lib/gcc/arm-none-eabi/12.2.0/../../../../arm-none-eabi/lib/thumb/v7e-m/nofp/libg.a(libc_a-isattyr.o)