
Memory Configuration

Name             Origin             Length             Attributes
SRAM             0x20000000         0x00018000         xrw
FLASH            0x08000000         0x00080000         xr
*default*        0x00000000         0xffffffff

Linker script and memory map

LOAD src/obj/main.o
LOAD src/obj/startup_STM32F401RE.o
                0x20018000                        _estack = (ORIGIN (SRAM) + LENGTH (SRAM))

.isr_vector     0x08000000      0x194
                0x08000000                        . = ALIGN (0x4)
 *(.isr_vector)
 .isr_vector    0x08000000      0x194 src/obj/startup_STM32F401RE.o
                0x08000000                fpn_vector
                0x08000194                        . = ALIGN (0x4)

.text           0x08000194       0x84
                0x08000194                        . = ALIGN (0x4)
 *(.text)
 .text          0x08000194        0x8 src/obj/main.o
                0x08000194                main
 .text          0x0800019c       0x7c src/obj/startup_STM32F401RE.o
                0x0800019c                Reset_handler
                0x08000210                UART2_handler
                0x08000210                EXTI15_10_handler
                0x08000210                DMA1_Stream7_handler
                0x08000210                UART1_handler
                0x08000210                TIM1_UP_TIM10_handler
                0x08000210                EXTI0_handler
                0x08000210                DMA1_Stream1_handler
                0x08000210                SDIO_handler
                0x08000210                NMI_handler
                0x08000210                DMA2_Stream3_handler
                0x08000210                TIM2_handler
                0x08000210                SPI3_handler
                0x08000210                TIM3_handler
                0x08000210                WWDG_handler
                0x08000210                UART6_handler
                0x08000210                SPI2_handler
                0x08000210                UsuageFault_handler
                0x08000210                SVCall_handler
                0x08000210                DMA2_Stream6_handler
                0x08000210                DebugMonitor_handler
                0x08000210                I2C3_ER_handler
                0x08000210                DMA1_Stream3_handler
                0x08000210                MemManage_handler
                0x08000210                SPI4_handler
                0x08000210                HardFault_handler
                0x08000210                DMA1_Stream5_handler
                0x08000210                FPU_handler
                0x08000210                DMA2_Stream5_handler
                0x08000210                EXITI21_TAMP_STAMP_handler
                0x08000210                EXTI18_OTG_FS_WKUP_handler
                0x08000210                RCC_handler
                0x08000210                Systick_handler
                0x08000210                EXTI2_handler
                0x08000210                DMA2_Stream1_handler
                0x08000210                I2C1_ER_handler
                0x08000210                EXTI9_5__handler
                0x08000210                EXTI17_RTC_Alarm_handler
                0x08000210                I2C2_EV_handler
                0x08000210                EXITI22_RTC_WKUP_handler
                0x08000210                EXTI3_handler
                0x08000210                DMA2_Stream0_handler
                0x08000210                FLASH_handler
                0x08000210                OTG_FS_handler
                0x08000210                DMA1_Stream4_handler
                0x08000210                I2C2_ER_handler
                0x08000210                TIM1_BRK_TIM9_handler
                0x08000210                TIM4_handler
                0x08000210                DMA1_Stream2_handler
                0x08000210                EXTI4_handler
                0x08000210                DMA1_Stream6_handler
                0x08000210                ADC_handler
                0x08000210                I2C1_EV_handler
                0x08000210                SPI1_handler
                0x08000210                DMA2_Stream4_handler
                0x08000210                PendSV_handler
                0x08000210                DMA2_Stream7_handler
                0x08000210                DMA1_Stream0_handler
                0x08000210                DMA2_Stream2_handler
                0x08000210                EXTI1_handler
                0x08000210                TIM1_TRG_COM_TIM11_handler
                0x08000210                TIM5_handler
                0x08000210                EXITI16_PVD__handler
                0x08000210                I2C3_EV_handler
                0x08000210                BusFault_handler
                0x08000210                TIM1_CC_handler
                0x08000210                Default_handler
 *(.text.*)
 *(.rodata)
 *(.rodata.*)
                0x08000218                        . = ALIGN (0x4)

.glue_7         0x08000218        0x0
 .glue_7        0x08000218        0x0 linker stubs

.glue_7t        0x08000218        0x0
 .glue_7t       0x08000218        0x0 linker stubs

.vfp11_veneer   0x08000218        0x0
 .vfp11_veneer  0x08000218        0x0 linker stubs

.v4_bx          0x08000218        0x0
 .v4_bx         0x08000218        0x0 linker stubs

.iplt           0x08000218        0x0
 .iplt          0x08000218        0x0 src/obj/startup_STM32F401RE.o

.rel.dyn        0x08000218        0x0
 .rel.iplt      0x08000218        0x0 src/obj/startup_STM32F401RE.o
                0x08000218                        . = ALIGN (0x4)
                0x08000218                        _sidata = LOADADDR (.data)

.data           0x20000000        0x0 load address 0x08000218
                0x20000000                        . = ALIGN (0x4)
                0x20000000                        _sdata = .
 *(.data)
 .data          0x20000000        0x0 src/obj/main.o
 .data          0x20000000        0x0 src/obj/startup_STM32F401RE.o
 *(.data.*)
                0x20000000                        . = ALIGN (0x4)
                0x20000000                        _edata = .

.igot.plt       0x20000000        0x0 load address 0x08000218
 .igot.plt      0x20000000        0x0 src/obj/startup_STM32F401RE.o

.bss            0x20000000        0x0 load address 0x08000218
                0x20000000                        . = ALIGN (0x4)
                0x20000000                        _sbss = .
 *(.bss)
 .bss           0x20000000        0x0 src/obj/main.o
 .bss           0x20000000        0x0 src/obj/startup_STM32F401RE.o
 *(.bss.*)
 *(COMMON)
                0x20000000                        . = ALIGN (0x4)
                0x20000000                        _ebss = .
OUTPUT(debug/main.elf elf32-littlearm)
LOAD linker stubs

.debug_info     0x00000000      0x20d
 .debug_info    0x00000000       0x83 src/obj/main.o
 .debug_info    0x00000083      0x18a src/obj/startup_STM32F401RE.o

.debug_abbrev   0x00000000      0x150
 .debug_abbrev  0x00000000       0x45 src/obj/main.o
 .debug_abbrev  0x00000045      0x10b src/obj/startup_STM32F401RE.o

.debug_aranges  0x00000000       0x40
 .debug_aranges
                0x00000000       0x20 src/obj/main.o
 .debug_aranges
                0x00000020       0x20 src/obj/startup_STM32F401RE.o

.debug_line     0x00000000      0x178
 .debug_line    0x00000000       0x41 src/obj/main.o
 .debug_line    0x00000041      0x137 src/obj/startup_STM32F401RE.o

.debug_str      0x00000000      0x178
 .debug_str     0x00000000       0xe5 src/obj/main.o
                                0x119 (size before relaxing)
 .debug_str     0x000000e5       0x93 src/obj/startup_STM32F401RE.o
                                0x1aa (size before relaxing)

.comment        0x00000000       0x4c
 .comment       0x00000000       0x4c src/obj/main.o
                                 0x4d (size before relaxing)
 .comment       0x0000004c       0x4d src/obj/startup_STM32F401RE.o

.ARM.attributes
                0x00000000       0x2e
 .ARM.attributes
                0x00000000       0x2e src/obj/main.o
 .ARM.attributes
                0x0000002e       0x2e src/obj/startup_STM32F401RE.o

.debug_frame    0x00000000       0x74
 .debug_frame   0x00000000       0x28 src/obj/main.o
 .debug_frame   0x00000028       0x4c src/obj/startup_STM32F401RE.o
